/home/pf657206/general-env/lib/python3.10/site-packages/sklearn/discriminant_analysis.py:1024: LinAlgWarning: The covariance matrix of class 1 is not full rank. Increasing the value of parameter `reg_param` might help reducing the collinearity.
  warnings.warn(
/home/pf657206/general-env/lib/python3.10/site-packages/sklearn/discriminant_analysis.py:1052: RuntimeWarning: divide by zero encountered in power
  X2 = np.dot(Xm, R * (S ** (-0.5)))
/home/pf657206/general-env/lib/python3.10/site-packages/sklearn/discriminant_analysis.py:1052: RuntimeWarning: invalid value encountered in multiply
  X2 = np.dot(Xm, R * (S ** (-0.5)))
/home/pf657206/general-env/lib/python3.10/site-packages/sklearn/discriminant_analysis.py:1055: RuntimeWarning: divide by zero encountered in log
  u = np.asarray([np.sum(np.log(s)) for s in self.scalings_])
/home/pf657206/general-env/lib/python3.10/site-packages/sklearn/discriminant_analysis.py:1024: LinAlgWarning: The covariance matrix of class 1 is not full rank. Increasing the value of parameter `reg_param` might help reducing the collinearity.
  warnings.warn(
/home/pf657206/general-env/lib/python3.10/site-packages/sklearn/discriminant_analysis.py:1052: RuntimeWarning: divide by zero encountered in power
  X2 = np.dot(Xm, R * (S ** (-0.5)))
/home/pf657206/general-env/lib/python3.10/site-packages/sklearn/discriminant_analysis.py:1052: RuntimeWarning: invalid value encountered in multiply
  X2 = np.dot(Xm, R * (S ** (-0.5)))
/home/pf657206/general-env/lib/python3.10/site-packages/sklearn/discriminant_analysis.py:1055: RuntimeWarning: divide by zero encountered in log
  u = np.asarray([np.sum(np.log(s)) for s in self.scalings_])
/home/pf657206/general-env/lib/python3.10/site-packages/sklearn/discriminant_analysis.py:1024: LinAlgWarning: The covariance matrix of class 1 is not full rank. Increasing the value of parameter `reg_param` might help reducing the collinearity.
  warnings.warn(
/home/pf657206/general-env/lib/python3.10/site-packages/sklearn/discriminant_analysis.py:1052: RuntimeWarning: divide by zero encountered in power
  X2 = np.dot(Xm, R * (S ** (-0.5)))
/home/pf657206/general-env/lib/python3.10/site-packages/sklearn/discriminant_analysis.py:1052: RuntimeWarning: invalid value encountered in multiply
  X2 = np.dot(Xm, R * (S ** (-0.5)))
/home/pf657206/general-env/lib/python3.10/site-packages/sklearn/discriminant_analysis.py:1055: RuntimeWarning: divide by zero encountered in log
  u = np.asarray([np.sum(np.log(s)) for s in self.scalings_])
/home/pf657206/general-env/lib/python3.10/site-packages/sklearn/discriminant_analysis.py:1024: LinAlgWarning: The covariance matrix of class 1 is not full rank. Increasing the value of parameter `reg_param` might help reducing the collinearity.
  warnings.warn(
/home/pf657206/general-env/lib/python3.10/site-packages/sklearn/discriminant_analysis.py:1052: RuntimeWarning: divide by zero encountered in power
  X2 = np.dot(Xm, R * (S ** (-0.5)))
/home/pf657206/general-env/lib/python3.10/site-packages/sklearn/discriminant_analysis.py:1052: RuntimeWarning: invalid value encountered in multiply
  X2 = np.dot(Xm, R * (S ** (-0.5)))
/home/pf657206/general-env/lib/python3.10/site-packages/sklearn/discriminant_analysis.py:1055: RuntimeWarning: divide by zero encountered in log
  u = np.asarray([np.sum(np.log(s)) for s in self.scalings_])
/home/pf657206/general-env/lib/python3.10/site-packages/sklearn/discriminant_analysis.py:1024: LinAlgWarning: The covariance matrix of class 1 is not full rank. Increasing the value of parameter `reg_param` might help reducing the collinearity.
  warnings.warn(
/home/pf657206/general-env/lib/python3.10/site-packages/sklearn/discriminant_analysis.py:1052: RuntimeWarning: divide by zero encountered in power
  X2 = np.dot(Xm, R * (S ** (-0.5)))
/home/pf657206/general-env/lib/python3.10/site-packages/sklearn/discriminant_analysis.py:1052: RuntimeWarning: invalid value encountered in multiply
  X2 = np.dot(Xm, R * (S ** (-0.5)))
/home/pf657206/general-env/lib/python3.10/site-packages/sklearn/discriminant_analysis.py:1055: RuntimeWarning: divide by zero encountered in log
  u = np.asarray([np.sum(np.log(s)) for s in self.scalings_])
/home/pf657206/general-env/lib/python3.10/site-packages/sklearn/discriminant_analysis.py:1024: LinAlgWarning: The covariance matrix of class 1 is not full rank. Increasing the value of parameter `reg_param` might help reducing the collinearity.
  warnings.warn(
/home/pf657206/general-env/lib/python3.10/site-packages/sklearn/discriminant_analysis.py:1052: RuntimeWarning: divide by zero encountered in power
  X2 = np.dot(Xm, R * (S ** (-0.5)))
/home/pf657206/general-env/lib/python3.10/site-packages/sklearn/discriminant_analysis.py:1052: RuntimeWarning: invalid value encountered in multiply
  X2 = np.dot(Xm, R * (S ** (-0.5)))
/home/pf657206/general-env/lib/python3.10/site-packages/sklearn/discriminant_analysis.py:1055: RuntimeWarning: divide by zero encountered in log
  u = np.asarray([np.sum(np.log(s)) for s in self.scalings_])
/home/pf657206/general-env/lib/python3.10/site-packages/sklearn/discriminant_analysis.py:1024: LinAlgWarning: The covariance matrix of class 1 is not full rank. Increasing the value of parameter `reg_param` might help reducing the collinearity.
  warnings.warn(
/home/pf657206/general-env/lib/python3.10/site-packages/sklearn/discriminant_analysis.py:1052: RuntimeWarning: divide by zero encountered in power
  X2 = np.dot(Xm, R * (S ** (-0.5)))
/home/pf657206/general-env/lib/python3.10/site-packages/sklearn/discriminant_analysis.py:1052: RuntimeWarning: invalid value encountered in multiply
  X2 = np.dot(Xm, R * (S ** (-0.5)))
/home/pf657206/general-env/lib/python3.10/site-packages/sklearn/discriminant_analysis.py:1055: RuntimeWarning: divide by zero encountered in log
  u = np.asarray([np.sum(np.log(s)) for s in self.scalings_])
/home/pf657206/general-env/lib/python3.10/site-packages/sklearn/discriminant_analysis.py:1024: LinAlgWarning: The covariance matrix of class 1 is not full rank. Increasing the value of parameter `reg_param` might help reducing the collinearity.
  warnings.warn(
/home/pf657206/general-env/lib/python3.10/site-packages/sklearn/discriminant_analysis.py:1052: RuntimeWarning: divide by zero encountered in power
  X2 = np.dot(Xm, R * (S ** (-0.5)))
/home/pf657206/general-env/lib/python3.10/site-packages/sklearn/discriminant_analysis.py:1052: RuntimeWarning: invalid value encountered in multiply
  X2 = np.dot(Xm, R * (S ** (-0.5)))
/home/pf657206/general-env/lib/python3.10/site-packages/sklearn/discriminant_analysis.py:1055: RuntimeWarning: divide by zero encountered in log
  u = np.asarray([np.sum(np.log(s)) for s in self.scalings_])
/home/pf657206/general-env/lib/python3.10/site-packages/sklearn/discriminant_analysis.py:1024: LinAlgWarning: The covariance matrix of class 1 is not full rank. Increasing the value of parameter `reg_param` might help reducing the collinearity.
  warnings.warn(
/home/pf657206/general-env/lib/python3.10/site-packages/sklearn/discriminant_analysis.py:1052: RuntimeWarning: divide by zero encountered in power
  X2 = np.dot(Xm, R * (S ** (-0.5)))
/home/pf657206/general-env/lib/python3.10/site-packages/sklearn/discriminant_analysis.py:1052: RuntimeWarning: invalid value encountered in multiply
  X2 = np.dot(Xm, R * (S ** (-0.5)))
/home/pf657206/general-env/lib/python3.10/site-packages/sklearn/discriminant_analysis.py:1055: RuntimeWarning: divide by zero encountered in log
  u = np.asarray([np.sum(np.log(s)) for s in self.scalings_])
/home/pf657206/general-env/lib/python3.10/site-packages/sklearn/discriminant_analysis.py:1024: LinAlgWarning: The covariance matrix of class 1 is not full rank. Increasing the value of parameter `reg_param` might help reducing the collinearity.
  warnings.warn(
/home/pf657206/general-env/lib/python3.10/site-packages/sklearn/discriminant_analysis.py:1052: RuntimeWarning: divide by zero encountered in power
  X2 = np.dot(Xm, R * (S ** (-0.5)))
/home/pf657206/general-env/lib/python3.10/site-packages/sklearn/discriminant_analysis.py:1052: RuntimeWarning: invalid value encountered in multiply
  X2 = np.dot(Xm, R * (S ** (-0.5)))
/home/pf657206/general-env/lib/python3.10/site-packages/sklearn/discriminant_analysis.py:1055: RuntimeWarning: divide by zero encountered in log
  u = np.asarray([np.sum(np.log(s)) for s in self.scalings_])
/home/pf657206/general-env/lib/python3.10/site-packages/sklearn/discriminant_analysis.py:1024: LinAlgWarning: The covariance matrix of class 1 is not full rank. Increasing the value of parameter `reg_param` might help reducing the collinearity.
  warnings.warn(
/home/pf657206/general-env/lib/python3.10/site-packages/sklearn/discriminant_analysis.py:1052: RuntimeWarning: divide by zero encountered in power
  X2 = np.dot(Xm, R * (S ** (-0.5)))
/home/pf657206/general-env/lib/python3.10/site-packages/sklearn/discriminant_analysis.py:1052: RuntimeWarning: invalid value encountered in multiply
  X2 = np.dot(Xm, R * (S ** (-0.5)))
/home/pf657206/general-env/lib/python3.10/site-packages/sklearn/discriminant_analysis.py:1055: RuntimeWarning: divide by zero encountered in log
  u = np.asarray([np.sum(np.log(s)) for s in self.scalings_])
/home/pf657206/general-env/lib/python3.10/site-packages/sklearn/discriminant_analysis.py:1024: LinAlgWarning: The covariance matrix of class 1 is not full rank. Increasing the value of parameter `reg_param` might help reducing the collinearity.
  warnings.warn(
/home/pf657206/general-env/lib/python3.10/site-packages/sklearn/discriminant_analysis.py:1052: RuntimeWarning: divide by zero encountered in power
  X2 = np.dot(Xm, R * (S ** (-0.5)))
/home/pf657206/general-env/lib/python3.10/site-packages/sklearn/discriminant_analysis.py:1052: RuntimeWarning: invalid value encountered in multiply
  X2 = np.dot(Xm, R * (S ** (-0.5)))
/home/pf657206/general-env/lib/python3.10/site-packages/sklearn/discriminant_analysis.py:1055: RuntimeWarning: divide by zero encountered in log
  u = np.asarray([np.sum(np.log(s)) for s in self.scalings_])
/home/pf657206/general-env/lib/python3.10/site-packages/sklearn/discriminant_analysis.py:1024: LinAlgWarning: The covariance matrix of class 1 is not full rank. Increasing the value of parameter `reg_param` might help reducing the collinearity.
  warnings.warn(
/home/pf657206/general-env/lib/python3.10/site-packages/sklearn/discriminant_analysis.py:1052: RuntimeWarning: divide by zero encountered in power
  X2 = np.dot(Xm, R * (S ** (-0.5)))
/home/pf657206/general-env/lib/python3.10/site-packages/sklearn/discriminant_analysis.py:1052: RuntimeWarning: invalid value encountered in multiply
  X2 = np.dot(Xm, R * (S ** (-0.5)))
/home/pf657206/general-env/lib/python3.10/site-packages/sklearn/discriminant_analysis.py:1055: RuntimeWarning: divide by zero encountered in log
  u = np.asarray([np.sum(np.log(s)) for s in self.scalings_])
/home/pf657206/general-env/lib/python3.10/site-packages/sklearn/discriminant_analysis.py:1024: LinAlgWarning: The covariance matrix of class 1 is not full rank. Increasing the value of parameter `reg_param` might help reducing the collinearity.
  warnings.warn(
/home/pf657206/general-env/lib/python3.10/site-packages/sklearn/discriminant_analysis.py:1024: LinAlgWarning: The covariance matrix of class 1 is not full rank. Increasing the value of parameter `reg_param` might help reducing the collinearity.
  warnings.warn(
/home/pf657206/general-env/lib/python3.10/site-packages/sklearn/discriminant_analysis.py:1052: RuntimeWarning: divide by zero encountered in power
  X2 = np.dot(Xm, R * (S ** (-0.5)))
/home/pf657206/general-env/lib/python3.10/site-packages/sklearn/discriminant_analysis.py:1052: RuntimeWarning: invalid value encountered in multiply
  X2 = np.dot(Xm, R * (S ** (-0.5)))
/home/pf657206/general-env/lib/python3.10/site-packages/sklearn/discriminant_analysis.py:1055: RuntimeWarning: divide by zero encountered in log
  u = np.asarray([np.sum(np.log(s)) for s in self.scalings_])
/home/pf657206/general-env/lib/python3.10/site-packages/sklearn/discriminant_analysis.py:1024: LinAlgWarning: The covariance matrix of class 1 is not full rank. Increasing the value of parameter `reg_param` might help reducing the collinearity.
  warnings.warn(
/home/pf657206/general-env/lib/python3.10/site-packages/sklearn/discriminant_analysis.py:1052: RuntimeWarning: divide by zero encountered in power
  X2 = np.dot(Xm, R * (S ** (-0.5)))
/home/pf657206/general-env/lib/python3.10/site-packages/sklearn/discriminant_analysis.py:1052: RuntimeWarning: invalid value encountered in multiply
  X2 = np.dot(Xm, R * (S ** (-0.5)))
/home/pf657206/general-env/lib/python3.10/site-packages/sklearn/discriminant_analysis.py:1055: RuntimeWarning: divide by zero encountered in log
  u = np.asarray([np.sum(np.log(s)) for s in self.scalings_])
/home/pf657206/general-env/lib/python3.10/site-packages/sklearn/discriminant_analysis.py:1024: LinAlgWarning: The covariance matrix of class 1 is not full rank. Increasing the value of parameter `reg_param` might help reducing the collinearity.
  warnings.warn(
/home/pf657206/general-env/lib/python3.10/site-packages/sklearn/discriminant_analysis.py:1052: RuntimeWarning: divide by zero encountered in power
  X2 = np.dot(Xm, R * (S ** (-0.5)))
/home/pf657206/general-env/lib/python3.10/site-packages/sklearn/discriminant_analysis.py:1052: RuntimeWarning: invalid value encountered in multiply
  X2 = np.dot(Xm, R * (S ** (-0.5)))
/home/pf657206/general-env/lib/python3.10/site-packages/sklearn/discriminant_analysis.py:1055: RuntimeWarning: divide by zero encountered in log
  u = np.asarray([np.sum(np.log(s)) for s in self.scalings_])
/home/pf657206/general-env/lib/python3.10/site-packages/sklearn/discriminant_analysis.py:1024: LinAlgWarning: The covariance matrix of class 1 is not full rank. Increasing the value of parameter `reg_param` might help reducing the collinearity.
  warnings.warn(
/home/pf657206/general-env/lib/python3.10/site-packages/sklearn/discriminant_analysis.py:1052: RuntimeWarning: divide by zero encountered in power
  X2 = np.dot(Xm, R * (S ** (-0.5)))
/home/pf657206/general-env/lib/python3.10/site-packages/sklearn/discriminant_analysis.py:1052: RuntimeWarning: invalid value encountered in multiply
  X2 = np.dot(Xm, R * (S ** (-0.5)))
/home/pf657206/general-env/lib/python3.10/site-packages/sklearn/discriminant_analysis.py:1055: RuntimeWarning: divide by zero encountered in log
  u = np.asarray([np.sum(np.log(s)) for s in self.scalings_])
/home/pf657206/general-env/lib/python3.10/site-packages/sklearn/discriminant_analysis.py:1024: LinAlgWarning: The covariance matrix of class 1 is not full rank. Increasing the value of parameter `reg_param` might help reducing the collinearity.
  warnings.warn(
/home/pf657206/general-env/lib/python3.10/site-packages/sklearn/discriminant_analysis.py:1024: LinAlgWarning: The covariance matrix of class 1 is not full rank. Increasing the value of parameter `reg_param` might help reducing the collinearity.
  warnings.warn(
/home/pf657206/general-env/lib/python3.10/site-packages/sklearn/discriminant_analysis.py:1052: RuntimeWarning: divide by zero encountered in power
  X2 = np.dot(Xm, R * (S ** (-0.5)))
/home/pf657206/general-env/lib/python3.10/site-packages/sklearn/discriminant_analysis.py:1052: RuntimeWarning: invalid value encountered in multiply
  X2 = np.dot(Xm, R * (S ** (-0.5)))
/home/pf657206/general-env/lib/python3.10/site-packages/sklearn/discriminant_analysis.py:1055: RuntimeWarning: divide by zero encountered in log
  u = np.asarray([np.sum(np.log(s)) for s in self.scalings_])
/home/pf657206/general-env/lib/python3.10/site-packages/sklearn/discriminant_analysis.py:1024: LinAlgWarning: The covariance matrix of class 1 is not full rank. Increasing the value of parameter `reg_param` might help reducing the collinearity.
  warnings.warn(
/home/pf657206/general-env/lib/python3.10/site-packages/sklearn/discriminant_analysis.py:1052: RuntimeWarning: divide by zero encountered in power
  X2 = np.dot(Xm, R * (S ** (-0.5)))
/home/pf657206/general-env/lib/python3.10/site-packages/sklearn/discriminant_analysis.py:1052: RuntimeWarning: invalid value encountered in multiply
  X2 = np.dot(Xm, R * (S ** (-0.5)))
/home/pf657206/general-env/lib/python3.10/site-packages/sklearn/discriminant_analysis.py:1055: RuntimeWarning: divide by zero encountered in log
  u = np.asarray([np.sum(np.log(s)) for s in self.scalings_])
/home/pf657206/general-env/lib/python3.10/site-packages/sklearn/discriminant_analysis.py:1024: LinAlgWarning: The covariance matrix of class 1 is not full rank. Increasing the value of parameter `reg_param` might help reducing the collinearity.
  warnings.warn(
/home/pf657206/general-env/lib/python3.10/site-packages/sklearn/discriminant_analysis.py:1052: RuntimeWarning: divide by zero encountered in power
  X2 = np.dot(Xm, R * (S ** (-0.5)))
/home/pf657206/general-env/lib/python3.10/site-packages/sklearn/discriminant_analysis.py:1052: RuntimeWarning: invalid value encountered in multiply
  X2 = np.dot(Xm, R * (S ** (-0.5)))
/home/pf657206/general-env/lib/python3.10/site-packages/sklearn/discriminant_analysis.py:1055: RuntimeWarning: divide by zero encountered in log
  u = np.asarray([np.sum(np.log(s)) for s in self.scalings_])
/home/pf657206/general-env/lib/python3.10/site-packages/sklearn/discriminant_analysis.py:1024: LinAlgWarning: The covariance matrix of class 1 is not full rank. Increasing the value of parameter `reg_param` might help reducing the collinearity.
  warnings.warn(
/home/pf657206/general-env/lib/python3.10/site-packages/sklearn/discriminant_analysis.py:1052: RuntimeWarning: divide by zero encountered in power
  X2 = np.dot(Xm, R * (S ** (-0.5)))
/home/pf657206/general-env/lib/python3.10/site-packages/sklearn/discriminant_analysis.py:1052: RuntimeWarning: invalid value encountered in multiply
  X2 = np.dot(Xm, R * (S ** (-0.5)))
/home/pf657206/general-env/lib/python3.10/site-packages/sklearn/discriminant_analysis.py:1055: RuntimeWarning: divide by zero encountered in log
  u = np.asarray([np.sum(np.log(s)) for s in self.scalings_])
/home/pf657206/general-env/lib/python3.10/site-packages/sklearn/discriminant_analysis.py:1024: LinAlgWarning: The covariance matrix of class 1 is not full rank. Increasing the value of parameter `reg_param` might help reducing the collinearity.
  warnings.warn(
/home/pf657206/general-env/lib/python3.10/site-packages/sklearn/discriminant_analysis.py:1024: LinAlgWarning: The covariance matrix of class 1 is not full rank. Increasing the value of parameter `reg_param` might help reducing the collinearity.
  warnings.warn(
/home/pf657206/general-env/lib/python3.10/site-packages/sklearn/discriminant_analysis.py:1052: RuntimeWarning: divide by zero encountered in power
  X2 = np.dot(Xm, R * (S ** (-0.5)))
/home/pf657206/general-env/lib/python3.10/site-packages/sklearn/discriminant_analysis.py:1052: RuntimeWarning: invalid value encountered in multiply
  X2 = np.dot(Xm, R * (S ** (-0.5)))
/home/pf657206/general-env/lib/python3.10/site-packages/sklearn/discriminant_analysis.py:1055: RuntimeWarning: divide by zero encountered in log
  u = np.asarray([np.sum(np.log(s)) for s in self.scalings_])
/home/pf657206/general-env/lib/python3.10/site-packages/sklearn/discriminant_analysis.py:1024: LinAlgWarning: The covariance matrix of class 1 is not full rank. Increasing the value of parameter `reg_param` might help reducing the collinearity.
  warnings.warn(
/home/pf657206/general-env/lib/python3.10/site-packages/sklearn/discriminant_analysis.py:1052: RuntimeWarning: divide by zero encountered in power
  X2 = np.dot(Xm, R * (S ** (-0.5)))
/home/pf657206/general-env/lib/python3.10/site-packages/sklearn/discriminant_analysis.py:1052: RuntimeWarning: invalid value encountered in multiply
  X2 = np.dot(Xm, R * (S ** (-0.5)))
/home/pf657206/general-env/lib/python3.10/site-packages/sklearn/discriminant_analysis.py:1055: RuntimeWarning: divide by zero encountered in log
  u = np.asarray([np.sum(np.log(s)) for s in self.scalings_])
/home/pf657206/general-env/lib/python3.10/site-packages/sklearn/discriminant_analysis.py:1024: LinAlgWarning: The covariance matrix of class 1 is not full rank. Increasing the value of parameter `reg_param` might help reducing the collinearity.
  warnings.warn(
/home/pf657206/general-env/lib/python3.10/site-packages/sklearn/discriminant_analysis.py:1052: RuntimeWarning: divide by zero encountered in power
  X2 = np.dot(Xm, R * (S ** (-0.5)))
/home/pf657206/general-env/lib/python3.10/site-packages/sklearn/discriminant_analysis.py:1052: RuntimeWarning: invalid value encountered in multiply
  X2 = np.dot(Xm, R * (S ** (-0.5)))
/home/pf657206/general-env/lib/python3.10/site-packages/sklearn/discriminant_analysis.py:1055: RuntimeWarning: divide by zero encountered in log
  u = np.asarray([np.sum(np.log(s)) for s in self.scalings_])
/home/pf657206/general-env/lib/python3.10/site-packages/sklearn/discriminant_analysis.py:1024: LinAlgWarning: The covariance matrix of class 1 is not full rank. Increasing the value of parameter `reg_param` might help reducing the collinearity.
  warnings.warn(
/home/pf657206/general-env/lib/python3.10/site-packages/sklearn/discriminant_analysis.py:1052: RuntimeWarning: divide by zero encountered in power
  X2 = np.dot(Xm, R * (S ** (-0.5)))
/home/pf657206/general-env/lib/python3.10/site-packages/sklearn/discriminant_analysis.py:1052: RuntimeWarning: invalid value encountered in multiply
  X2 = np.dot(Xm, R * (S ** (-0.5)))
/home/pf657206/general-env/lib/python3.10/site-packages/sklearn/discriminant_analysis.py:1055: RuntimeWarning: divide by zero encountered in log
  u = np.asarray([np.sum(np.log(s)) for s in self.scalings_])
/home/pf657206/general-env/lib/python3.10/site-packages/sklearn/discriminant_analysis.py:1024: LinAlgWarning: The covariance matrix of class 1 is not full rank. Increasing the value of parameter `reg_param` might help reducing the collinearity.
  warnings.warn(
/home/pf657206/general-env/lib/python3.10/site-packages/sklearn/discriminant_analysis.py:1052: RuntimeWarning: divide by zero encountered in power
  X2 = np.dot(Xm, R * (S ** (-0.5)))
/home/pf657206/general-env/lib/python3.10/site-packages/sklearn/discriminant_analysis.py:1052: RuntimeWarning: invalid value encountered in multiply
  X2 = np.dot(Xm, R * (S ** (-0.5)))
/home/pf657206/general-env/lib/python3.10/site-packages/sklearn/discriminant_analysis.py:1055: RuntimeWarning: divide by zero encountered in log
  u = np.asarray([np.sum(np.log(s)) for s in self.scalings_])
/home/pf657206/general-env/lib/python3.10/site-packages/sklearn/discriminant_analysis.py:1024: LinAlgWarning: The covariance matrix of class 1 is not full rank. Increasing the value of parameter `reg_param` might help reducing the collinearity.
  warnings.warn(
/home/pf657206/general-env/lib/python3.10/site-packages/sklearn/discriminant_analysis.py:1052: RuntimeWarning: divide by zero encountered in power
  X2 = np.dot(Xm, R * (S ** (-0.5)))
/home/pf657206/general-env/lib/python3.10/site-packages/sklearn/discriminant_analysis.py:1052: RuntimeWarning: invalid value encountered in multiply
  X2 = np.dot(Xm, R * (S ** (-0.5)))
/home/pf657206/general-env/lib/python3.10/site-packages/sklearn/discriminant_analysis.py:1055: RuntimeWarning: divide by zero encountered in log
  u = np.asarray([np.sum(np.log(s)) for s in self.scalings_])
/home/pf657206/general-env/lib/python3.10/site-packages/sklearn/discriminant_analysis.py:1024: LinAlgWarning: The covariance matrix of class 1 is not full rank. Increasing the value of parameter `reg_param` might help reducing the collinearity.
  warnings.warn(
/home/pf657206/general-env/lib/python3.10/site-packages/sklearn/discriminant_analysis.py:1052: RuntimeWarning: divide by zero encountered in power
  X2 = np.dot(Xm, R * (S ** (-0.5)))
/home/pf657206/general-env/lib/python3.10/site-packages/sklearn/discriminant_analysis.py:1052: RuntimeWarning: invalid value encountered in multiply
  X2 = np.dot(Xm, R * (S ** (-0.5)))
/home/pf657206/general-env/lib/python3.10/site-packages/sklearn/discriminant_analysis.py:1055: RuntimeWarning: divide by zero encountered in log
  u = np.asarray([np.sum(np.log(s)) for s in self.scalings_])
/home/pf657206/general-env/lib/python3.10/site-packages/sklearn/discriminant_analysis.py:1024: LinAlgWarning: The covariance matrix of class 1 is not full rank. Increasing the value of parameter `reg_param` might help reducing the collinearity.
  warnings.warn(
/home/pf657206/general-env/lib/python3.10/site-packages/sklearn/discriminant_analysis.py:1052: RuntimeWarning: divide by zero encountered in power
  X2 = np.dot(Xm, R * (S ** (-0.5)))
/home/pf657206/general-env/lib/python3.10/site-packages/sklearn/discriminant_analysis.py:1052: RuntimeWarning: invalid value encountered in multiply
  X2 = np.dot(Xm, R * (S ** (-0.5)))
/home/pf657206/general-env/lib/python3.10/site-packages/sklearn/discriminant_analysis.py:1055: RuntimeWarning: divide by zero encountered in log
  u = np.asarray([np.sum(np.log(s)) for s in self.scalings_])
/home/pf657206/general-env/lib/python3.10/site-packages/sklearn/discriminant_analysis.py:1024: LinAlgWarning: The covariance matrix of class 1 is not full rank. Increasing the value of parameter `reg_param` might help reducing the collinearity.
  warnings.warn(
/home/pf657206/general-env/lib/python3.10/site-packages/sklearn/discriminant_analysis.py:1052: RuntimeWarning: divide by zero encountered in power
  X2 = np.dot(Xm, R * (S ** (-0.5)))
/home/pf657206/general-env/lib/python3.10/site-packages/sklearn/discriminant_analysis.py:1052: RuntimeWarning: invalid value encountered in multiply
  X2 = np.dot(Xm, R * (S ** (-0.5)))
/home/pf657206/general-env/lib/python3.10/site-packages/sklearn/discriminant_analysis.py:1055: RuntimeWarning: divide by zero encountered in log
  u = np.asarray([np.sum(np.log(s)) for s in self.scalings_])
/home/pf657206/general-env/lib/python3.10/site-packages/sklearn/discriminant_analysis.py:1024: LinAlgWarning: The covariance matrix of class 1 is not full rank. Increasing the value of parameter `reg_param` might help reducing the collinearity.
  warnings.warn(
/home/pf657206/general-env/lib/python3.10/site-packages/sklearn/discriminant_analysis.py:1052: RuntimeWarning: divide by zero encountered in power
  X2 = np.dot(Xm, R * (S ** (-0.5)))
/home/pf657206/general-env/lib/python3.10/site-packages/sklearn/discriminant_analysis.py:1052: RuntimeWarning: invalid value encountered in multiply
  X2 = np.dot(Xm, R * (S ** (-0.5)))
/home/pf657206/general-env/lib/python3.10/site-packages/sklearn/discriminant_analysis.py:1055: RuntimeWarning: divide by zero encountered in log
  u = np.asarray([np.sum(np.log(s)) for s in self.scalings_])
/home/pf657206/general-env/lib/python3.10/site-packages/sklearn/discriminant_analysis.py:1024: LinAlgWarning: The covariance matrix of class 1 is not full rank. Increasing the value of parameter `reg_param` might help reducing the collinearity.
  warnings.warn(
/home/pf657206/general-env/lib/python3.10/site-packages/sklearn/discriminant_analysis.py:1052: RuntimeWarning: divide by zero encountered in power
  X2 = np.dot(Xm, R * (S ** (-0.5)))
/home/pf657206/general-env/lib/python3.10/site-packages/sklearn/discriminant_analysis.py:1052: RuntimeWarning: invalid value encountered in multiply
  X2 = np.dot(Xm, R * (S ** (-0.5)))
/home/pf657206/general-env/lib/python3.10/site-packages/sklearn/discriminant_analysis.py:1055: RuntimeWarning: divide by zero encountered in log
  u = np.asarray([np.sum(np.log(s)) for s in self.scalings_])
/home/pf657206/general-env/lib/python3.10/site-packages/sklearn/discriminant_analysis.py:1024: LinAlgWarning: The covariance matrix of class 1 is not full rank. Increasing the value of parameter `reg_param` might help reducing the collinearity.
  warnings.warn(
/home/pf657206/general-env/lib/python3.10/site-packages/sklearn/discriminant_analysis.py:1052: RuntimeWarning: divide by zero encountered in power
  X2 = np.dot(Xm, R * (S ** (-0.5)))
/home/pf657206/general-env/lib/python3.10/site-packages/sklearn/discriminant_analysis.py:1052: RuntimeWarning: invalid value encountered in multiply
  X2 = np.dot(Xm, R * (S ** (-0.5)))
/home/pf657206/general-env/lib/python3.10/site-packages/sklearn/discriminant_analysis.py:1055: RuntimeWarning: divide by zero encountered in log
  u = np.asarray([np.sum(np.log(s)) for s in self.scalings_])
/home/pf657206/general-env/lib/python3.10/site-packages/sklearn/discriminant_analysis.py:1024: LinAlgWarning: The covariance matrix of class 1 is not full rank. Increasing the value of parameter `reg_param` might help reducing the collinearity.
  warnings.warn(
/home/pf657206/general-env/lib/python3.10/site-packages/sklearn/discriminant_analysis.py:1052: RuntimeWarning: divide by zero encountered in power
  X2 = np.dot(Xm, R * (S ** (-0.5)))
/home/pf657206/general-env/lib/python3.10/site-packages/sklearn/discriminant_analysis.py:1052: RuntimeWarning: invalid value encountered in multiply
  X2 = np.dot(Xm, R * (S ** (-0.5)))
/home/pf657206/general-env/lib/python3.10/site-packages/sklearn/discriminant_analysis.py:1055: RuntimeWarning: divide by zero encountered in log
  u = np.asarray([np.sum(np.log(s)) for s in self.scalings_])
/home/pf657206/general-env/lib/python3.10/site-packages/sklearn/discriminant_analysis.py:1024: LinAlgWarning: The covariance matrix of class 1 is not full rank. Increasing the value of parameter `reg_param` might help reducing the collinearity.
  warnings.warn(
/home/pf657206/general-env/lib/python3.10/site-packages/sklearn/discriminant_analysis.py:1052: RuntimeWarning: divide by zero encountered in power
  X2 = np.dot(Xm, R * (S ** (-0.5)))
/home/pf657206/general-env/lib/python3.10/site-packages/sklearn/discriminant_analysis.py:1052: RuntimeWarning: invalid value encountered in multiply
  X2 = np.dot(Xm, R * (S ** (-0.5)))
/home/pf657206/general-env/lib/python3.10/site-packages/sklearn/discriminant_analysis.py:1055: RuntimeWarning: divide by zero encountered in log
  u = np.asarray([np.sum(np.log(s)) for s in self.scalings_])
/home/pf657206/general-env/lib/python3.10/site-packages/sklearn/discriminant_analysis.py:1024: LinAlgWarning: The covariance matrix of class 1 is not full rank. Increasing the value of parameter `reg_param` might help reducing the collinearity.
  warnings.warn(
/home/pf657206/general-env/lib/python3.10/site-packages/sklearn/discriminant_analysis.py:1052: RuntimeWarning: divide by zero encountered in power
  X2 = np.dot(Xm, R * (S ** (-0.5)))
/home/pf657206/general-env/lib/python3.10/site-packages/sklearn/discriminant_analysis.py:1052: RuntimeWarning: invalid value encountered in multiply
  X2 = np.dot(Xm, R * (S ** (-0.5)))
/home/pf657206/general-env/lib/python3.10/site-packages/sklearn/discriminant_analysis.py:1055: RuntimeWarning: divide by zero encountered in log
  u = np.asarray([np.sum(np.log(s)) for s in self.scalings_])
/home/pf657206/general-env/lib/python3.10/site-packages/sklearn/discriminant_analysis.py:1024: LinAlgWarning: The covariance matrix of class 1 is not full rank. Increasing the value of parameter `reg_param` might help reducing the collinearity.
  warnings.warn(
/home/pf657206/general-env/lib/python3.10/site-packages/sklearn/discriminant_analysis.py:1052: RuntimeWarning: divide by zero encountered in power
  X2 = np.dot(Xm, R * (S ** (-0.5)))
/home/pf657206/general-env/lib/python3.10/site-packages/sklearn/discriminant_analysis.py:1052: RuntimeWarning: invalid value encountered in multiply
  X2 = np.dot(Xm, R * (S ** (-0.5)))
/home/pf657206/general-env/lib/python3.10/site-packages/sklearn/discriminant_analysis.py:1055: RuntimeWarning: divide by zero encountered in log
  u = np.asarray([np.sum(np.log(s)) for s in self.scalings_])
/home/pf657206/general-env/lib/python3.10/site-packages/sklearn/discriminant_analysis.py:1024: LinAlgWarning: The covariance matrix of class 1 is not full rank. Increasing the value of parameter `reg_param` might help reducing the collinearity.
  warnings.warn(
/home/pf657206/general-env/lib/python3.10/site-packages/sklearn/discriminant_analysis.py:1052: RuntimeWarning: divide by zero encountered in power
  X2 = np.dot(Xm, R * (S ** (-0.5)))
/home/pf657206/general-env/lib/python3.10/site-packages/sklearn/discriminant_analysis.py:1052: RuntimeWarning: invalid value encountered in multiply
  X2 = np.dot(Xm, R * (S ** (-0.5)))
/home/pf657206/general-env/lib/python3.10/site-packages/sklearn/discriminant_analysis.py:1055: RuntimeWarning: divide by zero encountered in log
  u = np.asarray([np.sum(np.log(s)) for s in self.scalings_])
/home/pf657206/general-env/lib/python3.10/site-packages/sklearn/discriminant_analysis.py:1024: LinAlgWarning: The covariance matrix of class 1 is not full rank. Increasing the value of parameter `reg_param` might help reducing the collinearity.
  warnings.warn(
/home/pf657206/general-env/lib/python3.10/site-packages/sklearn/discriminant_analysis.py:1052: RuntimeWarning: divide by zero encountered in power
  X2 = np.dot(Xm, R * (S ** (-0.5)))
/home/pf657206/general-env/lib/python3.10/site-packages/sklearn/discriminant_analysis.py:1052: RuntimeWarning: invalid value encountered in multiply
  X2 = np.dot(Xm, R * (S ** (-0.5)))
/home/pf657206/general-env/lib/python3.10/site-packages/sklearn/discriminant_analysis.py:1055: RuntimeWarning: divide by zero encountered in log
  u = np.asarray([np.sum(np.log(s)) for s in self.scalings_])
/home/pf657206/general-env/lib/python3.10/site-packages/sklearn/discriminant_analysis.py:1024: LinAlgWarning: The covariance matrix of class 1 is not full rank. Increasing the value of parameter `reg_param` might help reducing the collinearity.
  warnings.warn(
/home/pf657206/general-env/lib/python3.10/site-packages/sklearn/discriminant_analysis.py:1052: RuntimeWarning: divide by zero encountered in power
  X2 = np.dot(Xm, R * (S ** (-0.5)))
/home/pf657206/general-env/lib/python3.10/site-packages/sklearn/discriminant_analysis.py:1052: RuntimeWarning: invalid value encountered in multiply
  X2 = np.dot(Xm, R * (S ** (-0.5)))
/home/pf657206/general-env/lib/python3.10/site-packages/sklearn/discriminant_analysis.py:1055: RuntimeWarning: divide by zero encountered in log
  u = np.asarray([np.sum(np.log(s)) for s in self.scalings_])
/home/pf657206/general-env/lib/python3.10/site-packages/sklearn/discriminant_analysis.py:1024: LinAlgWarning: The covariance matrix of class 1 is not full rank. Increasing the value of parameter `reg_param` might help reducing the collinearity.
  warnings.warn(
/home/pf657206/general-env/lib/python3.10/site-packages/sklearn/discriminant_analysis.py:1052: RuntimeWarning: divide by zero encountered in power
  X2 = np.dot(Xm, R * (S ** (-0.5)))
/home/pf657206/general-env/lib/python3.10/site-packages/sklearn/discriminant_analysis.py:1052: RuntimeWarning: invalid value encountered in multiply
  X2 = np.dot(Xm, R * (S ** (-0.5)))
/home/pf657206/general-env/lib/python3.10/site-packages/sklearn/discriminant_analysis.py:1055: RuntimeWarning: divide by zero encountered in log
  u = np.asarray([np.sum(np.log(s)) for s in self.scalings_])
/home/pf657206/general-env/lib/python3.10/site-packages/sklearn/discriminant_analysis.py:1024: LinAlgWarning: The covariance matrix of class 1 is not full rank. Increasing the value of parameter `reg_param` might help reducing the collinearity.
  warnings.warn(
/home/pf657206/general-env/lib/python3.10/site-packages/sklearn/discriminant_analysis.py:1052: RuntimeWarning: divide by zero encountered in power
  X2 = np.dot(Xm, R * (S ** (-0.5)))
/home/pf657206/general-env/lib/python3.10/site-packages/sklearn/discriminant_analysis.py:1052: RuntimeWarning: invalid value encountered in multiply
  X2 = np.dot(Xm, R * (S ** (-0.5)))
/home/pf657206/general-env/lib/python3.10/site-packages/sklearn/discriminant_analysis.py:1055: RuntimeWarning: divide by zero encountered in log
  u = np.asarray([np.sum(np.log(s)) for s in self.scalings_])
/home/pf657206/general-env/lib/python3.10/site-packages/sklearn/discriminant_analysis.py:1024: LinAlgWarning: The covariance matrix of class 1 is not full rank. Increasing the value of parameter `reg_param` might help reducing the collinearity.
  warnings.warn(
/home/pf657206/general-env/lib/python3.10/site-packages/sklearn/discriminant_analysis.py:1052: RuntimeWarning: divide by zero encountered in power
  X2 = np.dot(Xm, R * (S ** (-0.5)))
/home/pf657206/general-env/lib/python3.10/site-packages/sklearn/discriminant_analysis.py:1052: RuntimeWarning: invalid value encountered in multiply
  X2 = np.dot(Xm, R * (S ** (-0.5)))
/home/pf657206/general-env/lib/python3.10/site-packages/sklearn/discriminant_analysis.py:1055: RuntimeWarning: divide by zero encountered in log
  u = np.asarray([np.sum(np.log(s)) for s in self.scalings_])
/home/pf657206/general-env/lib/python3.10/site-packages/sklearn/discriminant_analysis.py:1024: LinAlgWarning: The covariance matrix of class 1 is not full rank. Increasing the value of parameter `reg_param` might help reducing the collinearity.
  warnings.warn(
/home/pf657206/general-env/lib/python3.10/site-packages/sklearn/discriminant_analysis.py:1052: RuntimeWarning: divide by zero encountered in power
  X2 = np.dot(Xm, R * (S ** (-0.5)))
/home/pf657206/general-env/lib/python3.10/site-packages/sklearn/discriminant_analysis.py:1052: RuntimeWarning: invalid value encountered in multiply
  X2 = np.dot(Xm, R * (S ** (-0.5)))
/home/pf657206/general-env/lib/python3.10/site-packages/sklearn/discriminant_analysis.py:1055: RuntimeWarning: divide by zero encountered in log
  u = np.asarray([np.sum(np.log(s)) for s in self.scalings_])
