Loading models...
Selector model dir: ../data/trained_models/switching_models_lookahead_all_epms_algo_features/switching_models_lookahead_algo_features_3
Performance model dir: ../data/trained_models/algo_performance_models_trained_algo_features
{'bootstrap': np.False_, 'ccp_alpha': 0.0, 'class_weight': None, 'criterion': 'gini', 'max_depth': None, 'max_features': 0.8189099830744, 'max_leaf_nodes': None, 'max_samples': None, 'min_impurity_decrease': 0.0, 'min_samples_leaf': 19, 'min_samples_split': 18, 'min_weight_fraction_leaf': 0.0, 'monotonic_cst': None, 'n_estimators': 105, 'n_jobs': None, 'oob_score': False, 'random_state': 42, 'verbose': 0, 'warm_start': False}
Loaded switching model for budget 300
{'bootstrap': np.False_, 'ccp_alpha': 0.0, 'class_weight': None, 'criterion': 'gini', 'max_depth': None, 'max_features': 0.8189099830744, 'max_leaf_nodes': None, 'max_samples': None, 'min_impurity_decrease': 0.0, 'min_samples_leaf': 19, 'min_samples_split': 18, 'min_weight_fraction_leaf': 0.0, 'monotonic_cst': None, 'n_estimators': 105, 'n_jobs': None, 'oob_score': False, 'random_state': 42, 'verbose': 0, 'warm_start': False}
Loaded switching model for budget 650
{'bootstrap': np.False_, 'ccp_alpha': 0.0, 'class_weight': None, 'criterion': 'gini', 'max_depth': None, 'max_features': 0.8189099830744, 'max_leaf_nodes': None, 'max_samples': None, 'min_impurity_decrease': 0.0, 'min_samples_leaf': 19, 'min_samples_split': 18, 'min_weight_fraction_leaf': 0.0, 'monotonic_cst': None, 'n_estimators': 105, 'n_jobs': None, 'oob_score': False, 'random_state': 42, 'verbose': 0, 'warm_start': False}
Loaded switching model for budget 800
{'bootstrap': np.False_, 'ccp_alpha': 0.0, 'class_weight': None, 'criterion': 'gini', 'max_depth': None, 'max_features': 0.8189099830744, 'max_leaf_nodes': None, 'max_samples': None, 'min_impurity_decrease': 0.0, 'min_samples_leaf': 19, 'min_samples_split': 18, 'min_weight_fraction_leaf': 0.0, 'monotonic_cst': None, 'n_estimators': 105, 'n_jobs': None, 'oob_score': False, 'random_state': 42, 'verbose': 0, 'warm_start': False}
Loaded switching model for budget 500
{'bootstrap': np.False_, 'ccp_alpha': 0.0, 'class_weight': None, 'criterion': 'gini', 'max_depth': None, 'max_features': 0.8189099830744, 'max_leaf_nodes': None, 'max_samples': None, 'min_impurity_decrease': 0.0, 'min_samples_leaf': 19, 'min_samples_split': 18, 'min_weight_fraction_leaf': 0.0, 'monotonic_cst': None, 'n_estimators': 105, 'n_jobs': None, 'oob_score': False, 'random_state': 42, 'verbose': 0, 'warm_start': False}
Loaded switching model for budget 700
{'bootstrap': np.False_, 'ccp_alpha': 0.0, 'class_weight': None, 'criterion': 'gini', 'max_depth': None, 'max_features': 0.8189099830744, 'max_leaf_nodes': None, 'max_samples': None, 'min_impurity_decrease': 0.0, 'min_samples_leaf': 19, 'min_samples_split': 18, 'min_weight_fraction_leaf': 0.0, 'monotonic_cst': None, 'n_estimators': 105, 'n_jobs': None, 'oob_score': False, 'random_state': 42, 'verbose': 0, 'warm_start': False}
Loaded switching model for budget 550
{'bootstrap': np.False_, 'ccp_alpha': 0.0, 'class_weight': None, 'criterion': 'gini', 'max_depth': None, 'max_features': 0.8189099830744, 'max_leaf_nodes': None, 'max_samples': None, 'min_impurity_decrease': 0.0, 'min_samples_leaf': 19, 'min_samples_split': 18, 'min_weight_fraction_leaf': 0.0, 'monotonic_cst': None, 'n_estimators': 105, 'n_jobs': None, 'oob_score': False, 'random_state': 42, 'verbose': 0, 'warm_start': False}
Loaded switching model for budget 450
{'bootstrap': np.False_, 'ccp_alpha': 0.0, 'class_weight': None, 'criterion': 'gini', 'max_depth': None, 'max_features': 0.8189099830744, 'max_leaf_nodes': None, 'max_samples': None, 'min_impurity_decrease': 0.0, 'min_samples_leaf': 19, 'min_samples_split': 18, 'min_weight_fraction_leaf': 0.0, 'monotonic_cst': None, 'n_estimators': 105, 'n_jobs': None, 'oob_score': False, 'random_state': 42, 'verbose': 0, 'warm_start': False}
Loaded switching model for budget 950
{'bootstrap': np.False_, 'ccp_alpha': 0.0, 'class_weight': None, 'criterion': 'gini', 'max_depth': None, 'max_features': 0.8189099830744, 'max_leaf_nodes': None, 'max_samples': None, 'min_impurity_decrease': 0.0, 'min_samples_leaf': 19, 'min_samples_split': 18, 'min_weight_fraction_leaf': 0.0, 'monotonic_cst': None, 'n_estimators': 105, 'n_jobs': None, 'oob_score': False, 'random_state': 42, 'verbose': 0, 'warm_start': False}
Loaded switching model for budget 250
{'bootstrap': np.False_, 'ccp_alpha': 0.0, 'class_weight': None, 'criterion': 'gini', 'max_depth': None, 'max_features': 0.8189099830744, 'max_leaf_nodes': None, 'max_samples': None, 'min_impurity_decrease': 0.0, 'min_samples_leaf': 19, 'min_samples_split': 18, 'min_weight_fraction_leaf': 0.0, 'monotonic_cst': None, 'n_estimators': 105, 'n_jobs': None, 'oob_score': False, 'random_state': 42, 'verbose': 0, 'warm_start': False}
Loaded switching model for budget 200
{'bootstrap': np.False_, 'ccp_alpha': 0.0, 'class_weight': None, 'criterion': 'gini', 'max_depth': None, 'max_features': 0.8189099830744, 'max_leaf_nodes': None, 'max_samples': None, 'min_impurity_decrease': 0.0, 'min_samples_leaf': 19, 'min_samples_split': 18, 'min_weight_fraction_leaf': 0.0, 'monotonic_cst': None, 'n_estimators': 105, 'n_jobs': None, 'oob_score': False, 'random_state': 42, 'verbose': 0, 'warm_start': False}
Loaded switching model for budget 350
{'bootstrap': np.False_, 'ccp_alpha': 0.0, 'class_weight': None, 'criterion': 'gini', 'max_depth': None, 'max_features': 0.8189099830744, 'max_leaf_nodes': None, 'max_samples': None, 'min_impurity_decrease': 0.0, 'min_samples_leaf': 19, 'min_samples_split': 18, 'min_weight_fraction_leaf': 0.0, 'monotonic_cst': None, 'n_estimators': 105, 'n_jobs': None, 'oob_score': False, 'random_state': 42, 'verbose': 0, 'warm_start': False}
Loaded switching model for budget 100
{'bootstrap': np.False_, 'ccp_alpha': 0.0, 'class_weight': None, 'criterion': 'gini', 'max_depth': None, 'max_features': 0.8189099830744, 'max_leaf_nodes': None, 'max_samples': None, 'min_impurity_decrease': 0.0, 'min_samples_leaf': 19, 'min_samples_split': 18, 'min_weight_fraction_leaf': 0.0, 'monotonic_cst': None, 'n_estimators': 105, 'n_jobs': None, 'oob_score': False, 'random_state': 42, 'verbose': 0, 'warm_start': False}
Loaded switching model for budget 900
{'bootstrap': np.False_, 'ccp_alpha': 0.0, 'class_weight': None, 'criterion': 'gini', 'max_depth': None, 'max_features': 0.8189099830744, 'max_leaf_nodes': None, 'max_samples': None, 'min_impurity_decrease': 0.0, 'min_samples_leaf': 19, 'min_samples_split': 18, 'min_weight_fraction_leaf': 0.0, 'monotonic_cst': None, 'n_estimators': 105, 'n_jobs': None, 'oob_score': False, 'random_state': 42, 'verbose': 0, 'warm_start': False}
Loaded switching model for budget 600
{'bootstrap': np.False_, 'ccp_alpha': 0.0, 'class_weight': None, 'criterion': 'gini', 'max_depth': None, 'max_features': 0.8189099830744, 'max_leaf_nodes': None, 'max_samples': None, 'min_impurity_decrease': 0.0, 'min_samples_leaf': 19, 'min_samples_split': 18, 'min_weight_fraction_leaf': 0.0, 'monotonic_cst': None, 'n_estimators': 105, 'n_jobs': None, 'oob_score': False, 'random_state': 42, 'verbose': 0, 'warm_start': False}
Loaded switching model for budget 750
{'bootstrap': np.False_, 'ccp_alpha': 0.0, 'class_weight': None, 'criterion': 'gini', 'max_depth': None, 'max_features': 0.8189099830744, 'max_leaf_nodes': None, 'max_samples': None, 'min_impurity_decrease': 0.0, 'min_samples_leaf': 19, 'min_samples_split': 18, 'min_weight_fraction_leaf': 0.0, 'monotonic_cst': None, 'n_estimators': 105, 'n_jobs': None, 'oob_score': False, 'random_state': 42, 'verbose': 0, 'warm_start': False}
Loaded switching model for budget 850
{'bootstrap': np.False_, 'ccp_alpha': 0.0, 'class_weight': None, 'criterion': 'gini', 'max_depth': None, 'max_features': 0.8189099830744, 'max_leaf_nodes': None, 'max_samples': None, 'min_impurity_decrease': 0.0, 'min_samples_leaf': 19, 'min_samples_split': 18, 'min_weight_fraction_leaf': 0.0, 'monotonic_cst': None, 'n_estimators': 105, 'n_jobs': None, 'oob_score': False, 'random_state': 42, 'verbose': 0, 'warm_start': False}
Loaded switching model for budget 150
{'bootstrap': np.False_, 'ccp_alpha': 0.0, 'class_weight': None, 'criterion': 'gini', 'max_depth': None, 'max_features': 0.8189099830744, 'max_leaf_nodes': None, 'max_samples': None, 'min_impurity_decrease': 0.0, 'min_samples_leaf': 19, 'min_samples_split': 18, 'min_weight_fraction_leaf': 0.0, 'monotonic_cst': None, 'n_estimators': 105, 'n_jobs': None, 'oob_score': False, 'random_state': 42, 'verbose': 0, 'warm_start': False}
Loaded switching model for budget 400
{'bootstrap': np.False_, 'ccp_alpha': 0.0, 'class_weight': None, 'criterion': 'gini', 'max_depth': None, 'max_features': 0.8189099830744, 'max_leaf_nodes': None, 'max_samples': None, 'min_impurity_decrease': 0.0, 'min_samples_leaf': 19, 'min_samples_split': 18, 'min_weight_fraction_leaf': 0.0, 'monotonic_cst': None, 'n_estimators': 105, 'n_jobs': None, 'oob_score': False, 'random_state': 42, 'verbose': 0, 'warm_start': False}
Loaded switching model for budget 50
Loaded performance model for budget 50: 
{'bootstrap': np.True_, 'ccp_alpha': 0.0, 'criterion': 'squared_error', 'max_depth': None, 'max_features': 0.1293185010788, 'max_leaf_nodes': None, 'max_samples': None, 'min_impurity_decrease': 0.0, 'min_samples_leaf': 18, 'min_samples_split': 20, 'min_weight_fraction_leaf': 0.0, 'monotonic_cst': None, 'n_estimators': 25, 'n_jobs': None, 'oob_score': False, 'random_state': 42, 'verbose': 0, 'warm_start': False}
Loaded performance model for budget 800: 
{'bootstrap': np.False_, 'ccp_alpha': 0.0, 'criterion': 'squared_error', 'max_depth': None, 'max_features': 0.1797566362658, 'max_leaf_nodes': None, 'max_samples': None, 'min_impurity_decrease': 0.0, 'min_samples_leaf': 13, 'min_samples_split': 8, 'min_weight_fraction_leaf': 0.0, 'monotonic_cst': None, 'n_estimators': 59, 'n_jobs': None, 'oob_score': False, 'random_state': 42, 'verbose': 0, 'warm_start': False}
Loaded performance model for budget 100: 
{'bootstrap': np.True_, 'ccp_alpha': 0.0, 'criterion': 'squared_error', 'max_depth': None, 'max_features': 0.4950703450479, 'max_leaf_nodes': None, 'max_samples': None, 'min_impurity_decrease': 0.0, 'min_samples_leaf': 13, 'min_samples_split': 8, 'min_weight_fraction_leaf': 0.0, 'monotonic_cst': None, 'n_estimators': 116, 'n_jobs': None, 'oob_score': False, 'random_state': 42, 'verbose': 0, 'warm_start': False}
Loaded performance model for budget 350: 
{'bootstrap': np.True_, 'ccp_alpha': 0.0, 'criterion': 'squared_error', 'max_depth': None, 'max_features': 0.1233142927741, 'max_leaf_nodes': None, 'max_samples': None, 'min_impurity_decrease': 0.0, 'min_samples_leaf': 3, 'min_samples_split': 13, 'min_weight_fraction_leaf': 0.0, 'monotonic_cst': None, 'n_estimators': 84, 'n_jobs': None, 'oob_score': False, 'random_state': 42, 'verbose': 0, 'warm_start': False}
Loaded performance model for budget 650: 
{'bootstrap': np.False_, 'ccp_alpha': 0.0, 'criterion': 'squared_error', 'max_depth': None, 'max_features': 0.1136584474052, 'max_leaf_nodes': None, 'max_samples': None, 'min_impurity_decrease': 0.0, 'min_samples_leaf': 7, 'min_samples_split': 3, 'min_weight_fraction_leaf': 0.0, 'monotonic_cst': None, 'n_estimators': 61, 'n_jobs': None, 'oob_score': False, 'random_state': 42, 'verbose': 0, 'warm_start': False}
Loaded performance model for budget 750: 
{'bootstrap': np.False_, 'ccp_alpha': 0.0, 'criterion': 'squared_error', 'max_depth': None, 'max_features': 0.2990319402284, 'max_leaf_nodes': None, 'max_samples': None, 'min_impurity_decrease': 0.0, 'min_samples_leaf': 14, 'min_samples_split': 20, 'min_weight_fraction_leaf': 0.0, 'monotonic_cst': None, 'n_estimators': 68, 'n_jobs': None, 'oob_score': False, 'random_state': 42, 'verbose': 0, 'warm_start': False}
Loaded performance model for budget 500: 
{'bootstrap': np.True_, 'ccp_alpha': 0.0, 'criterion': 'squared_error', 'max_depth': None, 'max_features': 0.2740092406682, 'max_leaf_nodes': None, 'max_samples': None, 'min_impurity_decrease': 0.0, 'min_samples_leaf': 18, 'min_samples_split': 8, 'min_weight_fraction_leaf': 0.0, 'monotonic_cst': None, 'n_estimators': 117, 'n_jobs': None, 'oob_score': False, 'random_state': 42, 'verbose': 0, 'warm_start': False}
Loaded performance model for budget 400: 
{'bootstrap': np.True_, 'ccp_alpha': 0.0, 'criterion': 'squared_error', 'max_depth': None, 'max_features': 0.4947068876741, 'max_leaf_nodes': None, 'max_samples': None, 'min_impurity_decrease': 0.0, 'min_samples_leaf': 13, 'min_samples_split': 15, 'min_weight_fraction_leaf': 0.0, 'monotonic_cst': None, 'n_estimators': 117, 'n_jobs': None, 'oob_score': False, 'random_state': 42, 'verbose': 0, 'warm_start': False}
Loaded performance model for budget 700: 
{'bootstrap': np.False_, 'ccp_alpha': 0.0, 'criterion': 'squared_error', 'max_depth': None, 'max_features': 0.4772663801283, 'max_leaf_nodes': None, 'max_samples': None, 'min_impurity_decrease': 0.0, 'min_samples_leaf': 2, 'min_samples_split': 5, 'min_weight_fraction_leaf': 0.0, 'monotonic_cst': None, 'n_estimators': 51, 'n_jobs': None, 'oob_score': False, 'random_state': 42, 'verbose': 0, 'warm_start': False}
Loaded performance model for budget 300: 
{'bootstrap': np.True_, 'ccp_alpha': 0.0, 'criterion': 'squared_error', 'max_depth': None, 'max_features': 0.1944641485112, 'max_leaf_nodes': None, 'max_samples': None, 'min_impurity_decrease': 0.0, 'min_samples_leaf': 15, 'min_samples_split': 8, 'min_weight_fraction_leaf': 0.0, 'monotonic_cst': None, 'n_estimators': 106, 'n_jobs': None, 'oob_score': False, 'random_state': 42, 'verbose': 0, 'warm_start': False}
Loaded performance model for budget 600: 
{'bootstrap': np.True_, 'ccp_alpha': 0.0, 'criterion': 'squared_error', 'max_depth': None, 'max_features': 0.2150967139138, 'max_leaf_nodes': None, 'max_samples': None, 'min_impurity_decrease': 0.0, 'min_samples_leaf': 1, 'min_samples_split': 4, 'min_weight_fraction_leaf': 0.0, 'monotonic_cst': None, 'n_estimators': 58, 'n_jobs': None, 'oob_score': False, 'random_state': 42, 'verbose': 0, 'warm_start': False}
Loaded performance model for budget 900: 
{'bootstrap': np.False_, 'ccp_alpha': 0.0, 'criterion': 'squared_error', 'max_depth': None, 'max_features': 0.2657704719977, 'max_leaf_nodes': None, 'max_samples': None, 'min_impurity_decrease': 0.0, 'min_samples_leaf': 6, 'min_samples_split': 17, 'min_weight_fraction_leaf': 0.0, 'monotonic_cst': None, 'n_estimators': 127, 'n_jobs': None, 'oob_score': False, 'random_state': 42, 'verbose': 0, 'warm_start': False}
Loaded performance model for budget 950: 
{'bootstrap': np.False_, 'ccp_alpha': 0.0, 'criterion': 'squared_error', 'max_depth': None, 'max_features': 0.3647878636671, 'max_leaf_nodes': None, 'max_samples': None, 'min_impurity_decrease': 0.0, 'min_samples_leaf': 14, 'min_samples_split': 6, 'min_weight_fraction_leaf': 0.0, 'monotonic_cst': None, 'n_estimators': 75, 'n_jobs': None, 'oob_score': False, 'random_state': 42, 'verbose': 0, 'warm_start': False}
Loaded performance model for budget 850: 
{'bootstrap': np.True_, 'ccp_alpha': 0.0, 'criterion': 'squared_error', 'max_depth': None, 'max_features': 0.2889234137775, 'max_leaf_nodes': None, 'max_samples': None, 'min_impurity_decrease': 0.0, 'min_samples_leaf': 8, 'min_samples_split': 19, 'min_weight_fraction_leaf': 0.0, 'monotonic_cst': None, 'n_estimators': 75, 'n_jobs': None, 'oob_score': False, 'random_state': 42, 'verbose': 0, 'warm_start': False}
Loaded performance model for budget 550: 
{'bootstrap': np.True_, 'ccp_alpha': 0.0, 'criterion': 'squared_error', 'max_depth': None, 'max_features': 0.1563091088638, 'max_leaf_nodes': None, 'max_samples': None, 'min_impurity_decrease': 0.0, 'min_samples_leaf': 7, 'min_samples_split': 16, 'min_weight_fraction_leaf': 0.0, 'monotonic_cst': None, 'n_estimators': 47, 'n_jobs': None, 'oob_score': False, 'random_state': 42, 'verbose': 0, 'warm_start': False}
Loaded performance model for budget 200: 
{'bootstrap': np.True_, 'ccp_alpha': 0.0, 'criterion': 'squared_error', 'max_depth': None, 'max_features': 0.1266362499132, 'max_leaf_nodes': None, 'max_samples': None, 'min_impurity_decrease': 0.0, 'min_samples_leaf': 1, 'min_samples_split': 20, 'min_weight_fraction_leaf': 0.0, 'monotonic_cst': None, 'n_estimators': 83, 'n_jobs': None, 'oob_score': False, 'random_state': 42, 'verbose': 0, 'warm_start': False}
Loaded performance model for budget 250: 
{'bootstrap': np.True_, 'ccp_alpha': 0.0, 'criterion': 'squared_error', 'max_depth': None, 'max_features': 0.1175143981562, 'max_leaf_nodes': None, 'max_samples': None, 'min_impurity_decrease': 0.0, 'min_samples_leaf': 9, 'min_samples_split': 11, 'min_weight_fraction_leaf': 0.0, 'monotonic_cst': None, 'n_estimators': 69, 'n_jobs': None, 'oob_score': False, 'random_state': 42, 'verbose': 0, 'warm_start': False}
Loaded performance model for budget 450: 
{'bootstrap': np.False_, 'ccp_alpha': 0.0, 'criterion': 'squared_error', 'max_depth': None, 'max_features': 0.2827800997834, 'max_leaf_nodes': None, 'max_samples': None, 'min_impurity_decrease': 0.0, 'min_samples_leaf': 9, 'min_samples_split': 15, 'min_weight_fraction_leaf': 0.0, 'monotonic_cst': None, 'n_estimators': 61, 'n_jobs': None, 'oob_score': False, 'random_state': 42, 'verbose': 0, 'warm_start': False}
Loaded performance model for budget 150: 
{'bootstrap': np.True_, 'ccp_alpha': 0.0, 'criterion': 'squared_error', 'max_depth': None, 'max_features': 0.1492034611027, 'max_leaf_nodes': None, 'max_samples': None, 'min_impurity_decrease': 0.0, 'min_samples_leaf': 1, 'min_samples_split': 20, 'min_weight_fraction_leaf': 0.0, 'monotonic_cst': None, 'n_estimators': 53, 'n_jobs': None, 'oob_score': False, 'random_state': 42, 'verbose': 0, 'warm_start': False}
Loaded lookahead model for budget (800, 1): 
{'bootstrap': np.False_, 'ccp_alpha': 0.0, 'criterion': 'squared_error', 'max_depth': None, 'max_features': 0.3719289435658, 'max_leaf_nodes': None, 'max_samples': None, 'min_impurity_decrease': 0.0, 'min_samples_leaf': 1, 'min_samples_split': 3, 'min_weight_fraction_leaf': 0.0, 'monotonic_cst': None, 'n_estimators': 40, 'n_jobs': None, 'oob_score': False, 'random_state': 42, 'verbose': 0, 'warm_start': False}
Loaded lookahead model for budget (900, 1): 
{'bootstrap': np.False_, 'ccp_alpha': 0.0, 'criterion': 'squared_error', 'max_depth': None, 'max_features': 0.3657104094171, 'max_leaf_nodes': None, 'max_samples': None, 'min_impurity_decrease': 0.0, 'min_samples_leaf': 2, 'min_samples_split': 3, 'min_weight_fraction_leaf': 0.0, 'monotonic_cst': None, 'n_estimators': 22, 'n_jobs': None, 'oob_score': False, 'random_state': 42, 'verbose': 0, 'warm_start': False}
Loaded lookahead model for budget (300, 1): 
{'bootstrap': np.False_, 'ccp_alpha': 0.0, 'criterion': 'squared_error', 'max_depth': None, 'max_features': 0.3336936393977, 'max_leaf_nodes': None, 'max_samples': None, 'min_impurity_decrease': 0.0, 'min_samples_leaf': 1, 'min_samples_split': 10, 'min_weight_fraction_leaf': 0.0, 'monotonic_cst': None, 'n_estimators': 25, 'n_jobs': None, 'oob_score': False, 'random_state': 42, 'verbose': 0, 'warm_start': False}
Loaded lookahead model for budget (600, 1): 
{'bootstrap': np.False_, 'ccp_alpha': 0.0, 'criterion': 'squared_error', 'max_depth': None, 'max_features': 0.3810533555924, 'max_leaf_nodes': None, 'max_samples': None, 'min_impurity_decrease': 0.0, 'min_samples_leaf': 2, 'min_samples_split': 2, 'min_weight_fraction_leaf': 0.0, 'monotonic_cst': None, 'n_estimators': 50, 'n_jobs': None, 'oob_score': False, 'random_state': 42, 'verbose': 0, 'warm_start': False}
Loaded lookahead model for budget (550, 1): 
{'bootstrap': np.False_, 'ccp_alpha': 0.0, 'criterion': 'squared_error', 'max_depth': None, 'max_features': 0.5675751558801, 'max_leaf_nodes': None, 'max_samples': None, 'min_impurity_decrease': 0.0, 'min_samples_leaf': 1, 'min_samples_split': 3, 'min_weight_fraction_leaf': 0.0, 'monotonic_cst': None, 'n_estimators': 67, 'n_jobs': None, 'oob_score': False, 'random_state': 42, 'verbose': 0, 'warm_start': False}
Loaded lookahead model for budget (100, 1): 
{'bootstrap': np.False_, 'ccp_alpha': 0.0, 'criterion': 'squared_error', 'max_depth': None, 'max_features': 0.2412254012185, 'max_leaf_nodes': None, 'max_samples': None, 'min_impurity_decrease': 0.0, 'min_samples_leaf': 5, 'min_samples_split': 12, 'min_weight_fraction_leaf': 0.0, 'monotonic_cst': None, 'n_estimators': 87, 'n_jobs': None, 'oob_score': False, 'random_state': 42, 'verbose': 0, 'warm_start': False}
Loaded lookahead model for budget (950, 1): 
{'bootstrap': np.False_, 'ccp_alpha': 0.0, 'criterion': 'squared_error', 'max_depth': None, 'max_features': 0.2319795454294, 'max_leaf_nodes': None, 'max_samples': None, 'min_impurity_decrease': 0.0, 'min_samples_leaf': 2, 'min_samples_split': 2, 'min_weight_fraction_leaf': 0.0, 'monotonic_cst': None, 'n_estimators': 36, 'n_jobs': None, 'oob_score': False, 'random_state': 42, 'verbose': 0, 'warm_start': False}
Loaded lookahead model for budget (150, 1): 
{'bootstrap': np.False_, 'ccp_alpha': 0.0, 'criterion': 'squared_error', 'max_depth': None, 'max_features': 0.170768193385, 'max_leaf_nodes': None, 'max_samples': None, 'min_impurity_decrease': 0.0, 'min_samples_leaf': 3, 'min_samples_split': 13, 'min_weight_fraction_leaf': 0.0, 'monotonic_cst': None, 'n_estimators': 101, 'n_jobs': None, 'oob_score': False, 'random_state': 42, 'verbose': 0, 'warm_start': False}
Loaded lookahead model for budget (50, 1): 
{'bootstrap': np.False_, 'ccp_alpha': 0.0, 'criterion': 'squared_error', 'max_depth': None, 'max_features': 0.3894612423413, 'max_leaf_nodes': None, 'max_samples': None, 'min_impurity_decrease': 0.0, 'min_samples_leaf': 4, 'min_samples_split': 18, 'min_weight_fraction_leaf': 0.0, 'monotonic_cst': None, 'n_estimators': 44, 'n_jobs': None, 'oob_score': False, 'random_state': 42, 'verbose': 0, 'warm_start': False}
Loaded lookahead model for budget (450, 1): 
{'bootstrap': np.True_, 'ccp_alpha': 0.0, 'criterion': 'squared_error', 'max_depth': None, 'max_features': 0.7710091501298, 'max_leaf_nodes': None, 'max_samples': None, 'min_impurity_decrease': 0.0, 'min_samples_leaf': 1, 'min_samples_split': 4, 'min_weight_fraction_leaf': 0.0, 'monotonic_cst': None, 'n_estimators': 85, 'n_jobs': None, 'oob_score': False, 'random_state': 42, 'verbose': 0, 'warm_start': False}
Loaded lookahead model for budget (250, 1): 
{'bootstrap': np.False_, 'ccp_alpha': 0.0, 'criterion': 'squared_error', 'max_depth': None, 'max_features': 0.2629694135143, 'max_leaf_nodes': None, 'max_samples': None, 'min_impurity_decrease': 0.0, 'min_samples_leaf': 5, 'min_samples_split': 13, 'min_weight_fraction_leaf': 0.0, 'monotonic_cst': None, 'n_estimators': 109, 'n_jobs': None, 'oob_score': False, 'random_state': 42, 'verbose': 0, 'warm_start': False}
Loaded lookahead model for budget (350, 1): 
{'bootstrap': np.False_, 'ccp_alpha': 0.0, 'criterion': 'squared_error', 'max_depth': None, 'max_features': 0.3878857807561, 'max_leaf_nodes': None, 'max_samples': None, 'min_impurity_decrease': 0.0, 'min_samples_leaf': 1, 'min_samples_split': 6, 'min_weight_fraction_leaf': 0.0, 'monotonic_cst': None, 'n_estimators': 52, 'n_jobs': None, 'oob_score': False, 'random_state': 42, 'verbose': 0, 'warm_start': False}
Loaded lookahead model for budget (500, 1): 
{'bootstrap': np.False_, 'ccp_alpha': 0.0, 'criterion': 'squared_error', 'max_depth': None, 'max_features': 0.3703574070618, 'max_leaf_nodes': None, 'max_samples': None, 'min_impurity_decrease': 0.0, 'min_samples_leaf': 2, 'min_samples_split': 2, 'min_weight_fraction_leaf': 0.0, 'monotonic_cst': None, 'n_estimators': 41, 'n_jobs': None, 'oob_score': False, 'random_state': 42, 'verbose': 0, 'warm_start': False}
Loaded lookahead model for budget (750, 1): 
{'bootstrap': np.False_, 'ccp_alpha': 0.0, 'criterion': 'squared_error', 'max_depth': None, 'max_features': 0.2290654629595, 'max_leaf_nodes': None, 'max_samples': None, 'min_impurity_decrease': 0.0, 'min_samples_leaf': 3, 'min_samples_split': 2, 'min_weight_fraction_leaf': 0.0, 'monotonic_cst': None, 'n_estimators': 41, 'n_jobs': None, 'oob_score': False, 'random_state': 42, 'verbose': 0, 'warm_start': False}
Loaded lookahead model for budget (400, 1): 
{'bootstrap': np.False_, 'ccp_alpha': 0.0, 'criterion': 'squared_error', 'max_depth': None, 'max_features': 0.6039897885097, 'max_leaf_nodes': None, 'max_samples': None, 'min_impurity_decrease': 0.0, 'min_samples_leaf': 3, 'min_samples_split': 5, 'min_weight_fraction_leaf': 0.0, 'monotonic_cst': None, 'n_estimators': 46, 'n_jobs': None, 'oob_score': False, 'random_state': 42, 'verbose': 0, 'warm_start': False}
Loaded lookahead model for budget (650, 1): 
{'bootstrap': np.False_, 'ccp_alpha': 0.0, 'criterion': 'squared_error', 'max_depth': None, 'max_features': 0.2056282132138, 'max_leaf_nodes': None, 'max_samples': None, 'min_impurity_decrease': 0.0, 'min_samples_leaf': 3, 'min_samples_split': 2, 'min_weight_fraction_leaf': 0.0, 'monotonic_cst': None, 'n_estimators': 46, 'n_jobs': None, 'oob_score': False, 'random_state': 42, 'verbose': 0, 'warm_start': False}
Loaded lookahead model for budget (700, 1): 
{'bootstrap': np.False_, 'ccp_alpha': 0.0, 'criterion': 'squared_error', 'max_depth': None, 'max_features': 0.3267840514409, 'max_leaf_nodes': None, 'max_samples': None, 'min_impurity_decrease': 0.0, 'min_samples_leaf': 2, 'min_samples_split': 9, 'min_weight_fraction_leaf': 0.0, 'monotonic_cst': None, 'n_estimators': 41, 'n_jobs': None, 'oob_score': False, 'random_state': 42, 'verbose': 0, 'warm_start': False}
Loaded lookahead model for budget (200, 1): 
{'bootstrap': np.False_, 'ccp_alpha': 0.0, 'criterion': 'squared_error', 'max_depth': None, 'max_features': 0.2709934208522, 'max_leaf_nodes': None, 'max_samples': None, 'min_impurity_decrease': 0.0, 'min_samples_leaf': 6, 'min_samples_split': 6, 'min_weight_fraction_leaf': 0.0, 'monotonic_cst': None, 'n_estimators': 87, 'n_jobs': None, 'oob_score': False, 'random_state': 42, 'verbose': 0, 'warm_start': False}
Loaded lookahead model for budget (850, 1): 
{'bootstrap': np.False_, 'ccp_alpha': 0.0, 'criterion': 'squared_error', 'max_depth': None, 'max_features': 0.2191559073966, 'max_leaf_nodes': None, 'max_samples': None, 'min_impurity_decrease': 0.0, 'min_samples_leaf': 3, 'min_samples_split': 2, 'min_weight_fraction_leaf': 0.0, 'monotonic_cst': None, 'n_estimators': 116, 'n_jobs': None, 'oob_score': False, 'random_state': 42, 'verbose': 0, 'warm_start': False}
Loaded lookahead model for budget (450, 2): 
{'bootstrap': np.False_, 'ccp_alpha': 0.0, 'criterion': 'squared_error', 'max_depth': None, 'max_features': 0.3878857807561, 'max_leaf_nodes': None, 'max_samples': None, 'min_impurity_decrease': 0.0, 'min_samples_leaf': 1, 'min_samples_split': 6, 'min_weight_fraction_leaf': 0.0, 'monotonic_cst': None, 'n_estimators': 52, 'n_jobs': None, 'oob_score': False, 'random_state': 42, 'verbose': 0, 'warm_start': False}
Loaded lookahead model for budget (250, 2): 
{'bootstrap': np.False_, 'ccp_alpha': 0.0, 'criterion': 'squared_error', 'max_depth': None, 'max_features': 0.3133643234045, 'max_leaf_nodes': None, 'max_samples': None, 'min_impurity_decrease': 0.0, 'min_samples_leaf': 2, 'min_samples_split': 2, 'min_weight_fraction_leaf': 0.0, 'monotonic_cst': None, 'n_estimators': 64, 'n_jobs': None, 'oob_score': False, 'random_state': 42, 'verbose': 0, 'warm_start': False}
Loaded lookahead model for budget (100, 2): 
{'bootstrap': np.False_, 'ccp_alpha': 0.0, 'criterion': 'squared_error', 'max_depth': None, 'max_features': 0.2842492408088, 'max_leaf_nodes': None, 'max_samples': None, 'min_impurity_decrease': 0.0, 'min_samples_leaf': 4, 'min_samples_split': 6, 'min_weight_fraction_leaf': 0.0, 'monotonic_cst': None, 'n_estimators': 109, 'n_jobs': None, 'oob_score': False, 'random_state': 42, 'verbose': 0, 'warm_start': False}
Loaded lookahead model for budget (850, 2): 
{'bootstrap': np.False_, 'ccp_alpha': 0.0, 'criterion': 'squared_error', 'max_depth': None, 'max_features': 0.3808258650352, 'max_leaf_nodes': None, 'max_samples': None, 'min_impurity_decrease': 0.0, 'min_samples_leaf': 2, 'min_samples_split': 2, 'min_weight_fraction_leaf': 0.0, 'monotonic_cst': None, 'n_estimators': 37, 'n_jobs': None, 'oob_score': False, 'random_state': 42, 'verbose': 0, 'warm_start': False}
Loaded lookahead model for budget (800, 2): 
{'bootstrap': np.False_, 'ccp_alpha': 0.0, 'criterion': 'squared_error', 'max_depth': None, 'max_features': 0.2226394971987, 'max_leaf_nodes': None, 'max_samples': None, 'min_impurity_decrease': 0.0, 'min_samples_leaf': 1, 'min_samples_split': 2, 'min_weight_fraction_leaf': 0.0, 'monotonic_cst': None, 'n_estimators': 35, 'n_jobs': None, 'oob_score': False, 'random_state': 42, 'verbose': 0, 'warm_start': False}
Loaded lookahead model for budget (150, 2): 
{'bootstrap': np.False_, 'ccp_alpha': 0.0, 'criterion': 'squared_error', 'max_depth': None, 'max_features': 0.191596252354, 'max_leaf_nodes': None, 'max_samples': None, 'min_impurity_decrease': 0.0, 'min_samples_leaf': 2, 'min_samples_split': 15, 'min_weight_fraction_leaf': 0.0, 'monotonic_cst': None, 'n_estimators': 57, 'n_jobs': None, 'oob_score': False, 'random_state': 42, 'verbose': 0, 'warm_start': False}
Loaded lookahead model for budget (650, 2): 
{'bootstrap': np.False_, 'ccp_alpha': 0.0, 'criterion': 'squared_error', 'max_depth': None, 'max_features': 0.2848316700626, 'max_leaf_nodes': None, 'max_samples': None, 'min_impurity_decrease': 0.0, 'min_samples_leaf': 1, 'min_samples_split': 2, 'min_weight_fraction_leaf': 0.0, 'monotonic_cst': None, 'n_estimators': 38, 'n_jobs': None, 'oob_score': False, 'random_state': 42, 'verbose': 0, 'warm_start': False}
Loaded lookahead model for budget (300, 2): 
{'bootstrap': np.False_, 'ccp_alpha': 0.0, 'criterion': 'squared_error', 'max_depth': None, 'max_features': 0.3261844327584, 'max_leaf_nodes': None, 'max_samples': None, 'min_impurity_decrease': 0.0, 'min_samples_leaf': 3, 'min_samples_split': 3, 'min_weight_fraction_leaf': 0.0, 'monotonic_cst': None, 'n_estimators': 105, 'n_jobs': None, 'oob_score': False, 'random_state': 42, 'verbose': 0, 'warm_start': False}
Loaded lookahead model for budget (900, 2): 
{'bootstrap': np.False_, 'ccp_alpha': 0.0, 'criterion': 'squared_error', 'max_depth': None, 'max_features': 0.1890852053631, 'max_leaf_nodes': None, 'max_samples': None, 'min_impurity_decrease': 0.0, 'min_samples_leaf': 2, 'min_samples_split': 2, 'min_weight_fraction_leaf': 0.0, 'monotonic_cst': None, 'n_estimators': 51, 'n_jobs': None, 'oob_score': False, 'random_state': 42, 'verbose': 0, 'warm_start': False}
Loaded lookahead model for budget (750, 2): 
{'bootstrap': np.False_, 'ccp_alpha': 0.0, 'criterion': 'squared_error', 'max_depth': None, 'max_features': 0.2882980562477, 'max_leaf_nodes': None, 'max_samples': None, 'min_impurity_decrease': 0.0, 'min_samples_leaf': 3, 'min_samples_split': 2, 'min_weight_fraction_leaf': 0.0, 'monotonic_cst': None, 'n_estimators': 26, 'n_jobs': None, 'oob_score': False, 'random_state': 42, 'verbose': 0, 'warm_start': False}
Loaded lookahead model for budget (700, 2): 
{'bootstrap': np.False_, 'ccp_alpha': 0.0, 'criterion': 'squared_error', 'max_depth': None, 'max_features': 0.3959678549856, 'max_leaf_nodes': None, 'max_samples': None, 'min_impurity_decrease': 0.0, 'min_samples_leaf': 3, 'min_samples_split': 2, 'min_weight_fraction_leaf': 0.0, 'monotonic_cst': None, 'n_estimators': 36, 'n_jobs': None, 'oob_score': False, 'random_state': 42, 'verbose': 0, 'warm_start': False}
Loaded lookahead model for budget (350, 2): 
{'bootstrap': np.False_, 'ccp_alpha': 0.0, 'criterion': 'squared_error', 'max_depth': None, 'max_features': 0.248626646777, 'max_leaf_nodes': None, 'max_samples': None, 'min_impurity_decrease': 0.0, 'min_samples_leaf': 1, 'min_samples_split': 4, 'min_weight_fraction_leaf': 0.0, 'monotonic_cst': None, 'n_estimators': 36, 'n_jobs': None, 'oob_score': False, 'random_state': 42, 'verbose': 0, 'warm_start': False}
Loaded lookahead model for budget (200, 2): 
{'bootstrap': np.True_, 'ccp_alpha': 0.0, 'criterion': 'squared_error', 'max_depth': None, 'max_features': 0.3395181648703, 'max_leaf_nodes': None, 'max_samples': None, 'min_impurity_decrease': 0.0, 'min_samples_leaf': 4, 'min_samples_split': 9, 'min_weight_fraction_leaf': 0.0, 'monotonic_cst': None, 'n_estimators': 106, 'n_jobs': None, 'oob_score': False, 'random_state': 42, 'verbose': 0, 'warm_start': False}
Loaded lookahead model for budget (500, 2): 
{'bootstrap': np.False_, 'ccp_alpha': 0.0, 'criterion': 'squared_error', 'max_depth': None, 'max_features': 0.4363417497535, 'max_leaf_nodes': None, 'max_samples': None, 'min_impurity_decrease': 0.0, 'min_samples_leaf': 2, 'min_samples_split': 2, 'min_weight_fraction_leaf': 0.0, 'monotonic_cst': None, 'n_estimators': 35, 'n_jobs': None, 'oob_score': False, 'random_state': 42, 'verbose': 0, 'warm_start': False}
Loaded lookahead model for budget (550, 2): 
{'bootstrap': np.False_, 'ccp_alpha': 0.0, 'criterion': 'squared_error', 'max_depth': None, 'max_features': 0.3884662345496, 'max_leaf_nodes': None, 'max_samples': None, 'min_impurity_decrease': 0.0, 'min_samples_leaf': 3, 'min_samples_split': 2, 'min_weight_fraction_leaf': 0.0, 'monotonic_cst': None, 'n_estimators': 29, 'n_jobs': None, 'oob_score': False, 'random_state': 42, 'verbose': 0, 'warm_start': False}
Loaded lookahead model for budget (50, 2): 
{'bootstrap': np.False_, 'ccp_alpha': 0.0, 'criterion': 'squared_error', 'max_depth': None, 'max_features': 0.3270780152722, 'max_leaf_nodes': None, 'max_samples': None, 'min_impurity_decrease': 0.0, 'min_samples_leaf': 3, 'min_samples_split': 10, 'min_weight_fraction_leaf': 0.0, 'monotonic_cst': None, 'n_estimators': 49, 'n_jobs': None, 'oob_score': False, 'random_state': 42, 'verbose': 0, 'warm_start': False}
Loaded lookahead model for budget (600, 2): 
{'bootstrap': np.False_, 'ccp_alpha': 0.0, 'criterion': 'squared_error', 'max_depth': None, 'max_features': 0.3763073063731, 'max_leaf_nodes': None, 'max_samples': None, 'min_impurity_decrease': 0.0, 'min_samples_leaf': 2, 'min_samples_split': 2, 'min_weight_fraction_leaf': 0.0, 'monotonic_cst': None, 'n_estimators': 40, 'n_jobs': None, 'oob_score': False, 'random_state': 42, 'verbose': 0, 'warm_start': False}
Loaded lookahead model for budget (400, 2): 
{'bootstrap': np.False_, 'ccp_alpha': 0.0, 'criterion': 'squared_error', 'max_depth': None, 'max_features': 0.300049254473, 'max_leaf_nodes': None, 'max_samples': None, 'min_impurity_decrease': 0.0, 'min_samples_leaf': 1, 'min_samples_split': 2, 'min_weight_fraction_leaf': 0.0, 'monotonic_cst': None, 'n_estimators': 22, 'n_jobs': None, 'oob_score': False, 'random_state': 42, 'verbose': 0, 'warm_start': False}
Loaded lookahead model for budget (250, 3): 
{'bootstrap': np.False_, 'ccp_alpha': 0.0, 'criterion': 'squared_error', 'max_depth': None, 'max_features': 0.3703574070618, 'max_leaf_nodes': None, 'max_samples': None, 'min_impurity_decrease': 0.0, 'min_samples_leaf': 3, 'min_samples_split': 2, 'min_weight_fraction_leaf': 0.0, 'monotonic_cst': None, 'n_estimators': 38, 'n_jobs': None, 'oob_score': False, 'random_state': 42, 'verbose': 0, 'warm_start': False}
Loaded lookahead model for budget (200, 3): 
{'bootstrap': np.False_, 'ccp_alpha': 0.0, 'criterion': 'squared_error', 'max_depth': None, 'max_features': 0.1316673402408, 'max_leaf_nodes': None, 'max_samples': None, 'min_impurity_decrease': 0.0, 'min_samples_leaf': 5, 'min_samples_split': 15, 'min_weight_fraction_leaf': 0.0, 'monotonic_cst': None, 'n_estimators': 81, 'n_jobs': None, 'oob_score': False, 'random_state': 42, 'verbose': 0, 'warm_start': False}
Loaded lookahead model for budget (700, 3): 
{'bootstrap': np.False_, 'ccp_alpha': 0.0, 'criterion': 'squared_error', 'max_depth': None, 'max_features': 0.2706998445769, 'max_leaf_nodes': None, 'max_samples': None, 'min_impurity_decrease': 0.0, 'min_samples_leaf': 1, 'min_samples_split': 2, 'min_weight_fraction_leaf': 0.0, 'monotonic_cst': None, 'n_estimators': 26, 'n_jobs': None, 'oob_score': False, 'random_state': 42, 'verbose': 0, 'warm_start': False}
Loaded lookahead model for budget (400, 3): 
{'bootstrap': np.False_, 'ccp_alpha': 0.0, 'criterion': 'squared_error', 'max_depth': None, 'max_features': 0.5758642799682, 'max_leaf_nodes': None, 'max_samples': None, 'min_impurity_decrease': 0.0, 'min_samples_leaf': 2, 'min_samples_split': 2, 'min_weight_fraction_leaf': 0.0, 'monotonic_cst': None, 'n_estimators': 47, 'n_jobs': None, 'oob_score': False, 'random_state': 42, 'verbose': 0, 'warm_start': False}
Loaded lookahead model for budget (600, 3): 
{'bootstrap': np.False_, 'ccp_alpha': 0.0, 'criterion': 'squared_error', 'max_depth': None, 'max_features': 0.3878857807561, 'max_leaf_nodes': None, 'max_samples': None, 'min_impurity_decrease': 0.0, 'min_samples_leaf': 1, 'min_samples_split': 6, 'min_weight_fraction_leaf': 0.0, 'monotonic_cst': None, 'n_estimators': 52, 'n_jobs': None, 'oob_score': False, 'random_state': 42, 'verbose': 0, 'warm_start': False}
Loaded lookahead model for budget (50, 3): 
{'bootstrap': np.False_, 'ccp_alpha': 0.0, 'criterion': 'squared_error', 'max_depth': None, 'max_features': 0.3658704318705, 'max_leaf_nodes': None, 'max_samples': None, 'min_impurity_decrease': 0.0, 'min_samples_leaf': 3, 'min_samples_split': 18, 'min_weight_fraction_leaf': 0.0, 'monotonic_cst': None, 'n_estimators': 40, 'n_jobs': None, 'oob_score': False, 'random_state': 42, 'verbose': 0, 'warm_start': False}
Loaded lookahead model for budget (800, 3): 
{'bootstrap': np.False_, 'ccp_alpha': 0.0, 'criterion': 'squared_error', 'max_depth': None, 'max_features': 0.3703365850488, 'max_leaf_nodes': None, 'max_samples': None, 'min_impurity_decrease': 0.0, 'min_samples_leaf': 3, 'min_samples_split': 2, 'min_weight_fraction_leaf': 0.0, 'monotonic_cst': None, 'n_estimators': 39, 'n_jobs': None, 'oob_score': False, 'random_state': 42, 'verbose': 0, 'warm_start': False}
Loaded lookahead model for budget (450, 3): 
{'bootstrap': np.False_, 'ccp_alpha': 0.0, 'criterion': 'squared_error', 'max_depth': None, 'max_features': 0.6229769158831, 'max_leaf_nodes': None, 'max_samples': None, 'min_impurity_decrease': 0.0, 'min_samples_leaf': 4, 'min_samples_split': 2, 'min_weight_fraction_leaf': 0.0, 'monotonic_cst': None, 'n_estimators': 81, 'n_jobs': None, 'oob_score': False, 'random_state': 42, 'verbose': 0, 'warm_start': False}
Loaded lookahead model for budget (300, 3): 
{'bootstrap': np.False_, 'ccp_alpha': 0.0, 'criterion': 'squared_error', 'max_depth': None, 'max_features': 0.3825206648727, 'max_leaf_nodes': None, 'max_samples': None, 'min_impurity_decrease': 0.0, 'min_samples_leaf': 4, 'min_samples_split': 2, 'min_weight_fraction_leaf': 0.0, 'monotonic_cst': None, 'n_estimators': 39, 'n_jobs': None, 'oob_score': False, 'random_state': 42, 'verbose': 0, 'warm_start': False}
Loaded lookahead model for budget (500, 3): 
{'bootstrap': np.False_, 'ccp_alpha': 0.0, 'criterion': 'squared_error', 'max_depth': None, 'max_features': 0.3055377018201, 'max_leaf_nodes': None, 'max_samples': None, 'min_impurity_decrease': 0.0, 'min_samples_leaf': 3, 'min_samples_split': 2, 'min_weight_fraction_leaf': 0.0, 'monotonic_cst': None, 'n_estimators': 42, 'n_jobs': None, 'oob_score': False, 'random_state': 42, 'verbose': 0, 'warm_start': False}
Loaded lookahead model for budget (750, 3): 
{'bootstrap': np.False_, 'ccp_alpha': 0.0, 'criterion': 'squared_error', 'max_depth': None, 'max_features': 0.360562627645, 'max_leaf_nodes': None, 'max_samples': None, 'min_impurity_decrease': 0.0, 'min_samples_leaf': 3, 'min_samples_split': 2, 'min_weight_fraction_leaf': 0.0, 'monotonic_cst': None, 'n_estimators': 40, 'n_jobs': None, 'oob_score': False, 'random_state': 42, 'verbose': 0, 'warm_start': False}
Loaded lookahead model for budget (100, 3): 
{'bootstrap': np.False_, 'ccp_alpha': 0.0, 'criterion': 'squared_error', 'max_depth': None, 'max_features': 0.3138149370984, 'max_leaf_nodes': None, 'max_samples': None, 'min_impurity_decrease': 0.0, 'min_samples_leaf': 3, 'min_samples_split': 2, 'min_weight_fraction_leaf': 0.0, 'monotonic_cst': None, 'n_estimators': 103, 'n_jobs': None, 'oob_score': False, 'random_state': 42, 'verbose': 0, 'warm_start': False}
Loaded lookahead model for budget (850, 3): 
{'bootstrap': np.False_, 'ccp_alpha': 0.0, 'criterion': 'squared_error', 'max_depth': None, 'max_features': 0.2355619583442, 'max_leaf_nodes': None, 'max_samples': None, 'min_impurity_decrease': 0.0, 'min_samples_leaf': 2, 'min_samples_split': 2, 'min_weight_fraction_leaf': 0.0, 'monotonic_cst': None, 'n_estimators': 68, 'n_jobs': None, 'oob_score': False, 'random_state': 42, 'verbose': 0, 'warm_start': False}
Loaded lookahead model for budget (650, 3): 
{'bootstrap': np.False_, 'ccp_alpha': 0.0, 'criterion': 'squared_error', 'max_depth': None, 'max_features': 0.3817701427497, 'max_leaf_nodes': None, 'max_samples': None, 'min_impurity_decrease': 0.0, 'min_samples_leaf': 5, 'min_samples_split': 2, 'min_weight_fraction_leaf': 0.0, 'monotonic_cst': None, 'n_estimators': 37, 'n_jobs': None, 'oob_score': False, 'random_state': 42, 'verbose': 0, 'warm_start': False}
Loaded lookahead model for budget (350, 3): 
{'bootstrap': np.False_, 'ccp_alpha': 0.0, 'criterion': 'squared_error', 'max_depth': None, 'max_features': 0.2472667165433, 'max_leaf_nodes': None, 'max_samples': None, 'min_impurity_decrease': 0.0, 'min_samples_leaf': 1, 'min_samples_split': 15, 'min_weight_fraction_leaf': 0.0, 'monotonic_cst': None, 'n_estimators': 48, 'n_jobs': None, 'oob_score': False, 'random_state': 42, 'verbose': 0, 'warm_start': False}
Loaded lookahead model for budget (550, 3): 
{'bootstrap': np.False_, 'ccp_alpha': 0.0, 'criterion': 'squared_error', 'max_depth': None, 'max_features': 0.3987028921157, 'max_leaf_nodes': None, 'max_samples': None, 'min_impurity_decrease': 0.0, 'min_samples_leaf': 3, 'min_samples_split': 2, 'min_weight_fraction_leaf': 0.0, 'monotonic_cst': None, 'n_estimators': 38, 'n_jobs': None, 'oob_score': False, 'random_state': 42, 'verbose': 0, 'warm_start': False}
Loaded lookahead model for budget (150, 3): 
{'bootstrap': np.False_, 'ccp_alpha': 0.0, 'criterion': 'squared_error', 'max_depth': None, 'max_features': 0.2282434433557, 'max_leaf_nodes': None, 'max_samples': None, 'min_impurity_decrease': 0.0, 'min_samples_leaf': 5, 'min_samples_split': 20, 'min_weight_fraction_leaf': 0.0, 'monotonic_cst': None, 'n_estimators': 114, 'n_jobs': None, 'oob_score': False, 'random_state': 42, 'verbose': 0, 'warm_start': False}
Processing (fid=1, iid=6, rep=0)...
Processing (fid=1, iid=6, rep=1)...
Processing (fid=1, iid=6, rep=2)...
Processing (fid=1, iid=6, rep=3)...
Processing (fid=1, iid=6, rep=4)...
Processing (fid=1, iid=6, rep=5)...
Processing (fid=1, iid=6, rep=6)...
Processing (fid=1, iid=6, rep=7)...
Processing (fid=1, iid=6, rep=8)...
Processing (fid=1, iid=6, rep=9)...
Processing (fid=1, iid=6, rep=10)...
Processing (fid=1, iid=6, rep=11)...
Processing (fid=1, iid=6, rep=12)...
Processing (fid=1, iid=6, rep=13)...
Processing (fid=1, iid=6, rep=14)...
Processing (fid=1, iid=6, rep=15)...
Processing (fid=1, iid=6, rep=16)...
Processing (fid=1, iid=6, rep=17)...
Processing (fid=1, iid=6, rep=18)...
Processing (fid=1, iid=6, rep=19)...
Processing (fid=1, iid=7, rep=0)...
Processing (fid=1, iid=7, rep=1)...
Processing (fid=1, iid=7, rep=2)...
Processing (fid=1, iid=7, rep=3)...
Processing (fid=1, iid=7, rep=4)...
Processing (fid=1, iid=7, rep=5)...
Processing (fid=1, iid=7, rep=6)...
Processing (fid=1, iid=7, rep=7)...
Processing (fid=1, iid=7, rep=8)...
Processing (fid=1, iid=7, rep=9)...
Processing (fid=1, iid=7, rep=10)...
Processing (fid=1, iid=7, rep=11)...
Processing (fid=1, iid=7, rep=12)...
Processing (fid=1, iid=7, rep=13)...
Processing (fid=1, iid=7, rep=14)...
Processing (fid=1, iid=7, rep=15)...
Processing (fid=1, iid=7, rep=16)...
Processing (fid=1, iid=7, rep=17)...
Processing (fid=1, iid=7, rep=18)...
Processing (fid=1, iid=7, rep=19)...
Processing (fid=2, iid=6, rep=0)...
Processing (fid=2, iid=6, rep=1)...
Processing (fid=2, iid=6, rep=2)...
Processing (fid=2, iid=6, rep=3)...
Processing (fid=2, iid=6, rep=4)...
Processing (fid=2, iid=6, rep=5)...
Processing (fid=2, iid=6, rep=6)...
Processing (fid=2, iid=6, rep=7)...
Processing (fid=2, iid=6, rep=8)...
Processing (fid=2, iid=6, rep=9)...
Processing (fid=2, iid=6, rep=10)...
Processing (fid=2, iid=6, rep=11)...
Processing (fid=2, iid=6, rep=12)...
Processing (fid=2, iid=6, rep=13)...
Processing (fid=2, iid=6, rep=14)...
Processing (fid=2, iid=6, rep=15)...
Processing (fid=2, iid=6, rep=16)...
Processing (fid=2, iid=6, rep=17)...
Processing (fid=2, iid=6, rep=18)...
Processing (fid=2, iid=6, rep=19)...
Processing (fid=2, iid=7, rep=0)...
Processing (fid=2, iid=7, rep=1)...
Processing (fid=2, iid=7, rep=2)...
Processing (fid=2, iid=7, rep=3)...
Processing (fid=2, iid=7, rep=4)...
Processing (fid=2, iid=7, rep=5)...
Processing (fid=2, iid=7, rep=6)...
Processing (fid=2, iid=7, rep=7)...
Processing (fid=2, iid=7, rep=8)...
Processing (fid=2, iid=7, rep=9)...
Processing (fid=2, iid=7, rep=10)...
Processing (fid=2, iid=7, rep=11)...
Processing (fid=2, iid=7, rep=12)...
Processing (fid=2, iid=7, rep=13)...
Processing (fid=2, iid=7, rep=14)...
Processing (fid=2, iid=7, rep=15)...
Processing (fid=2, iid=7, rep=16)...
Processing (fid=2, iid=7, rep=17)...
Processing (fid=2, iid=7, rep=18)...
Processing (fid=2, iid=7, rep=19)...
Processing (fid=3, iid=6, rep=0)...
Processing (fid=3, iid=6, rep=1)...
Processing (fid=3, iid=6, rep=2)...
Processing (fid=3, iid=6, rep=3)...
Processing (fid=3, iid=6, rep=4)...
Processing (fid=3, iid=6, rep=5)...
Processing (fid=3, iid=6, rep=6)...
Processing (fid=3, iid=6, rep=7)...
Processing (fid=3, iid=6, rep=8)...
Processing (fid=3, iid=6, rep=9)...
Processing (fid=3, iid=6, rep=10)...
Processing (fid=3, iid=6, rep=11)...
Processing (fid=3, iid=6, rep=12)...
Processing (fid=3, iid=6, rep=13)...
Processing (fid=3, iid=6, rep=14)...
Processing (fid=3, iid=6, rep=15)...
Processing (fid=3, iid=6, rep=16)...
Processing (fid=3, iid=6, rep=17)...
Processing (fid=3, iid=6, rep=18)...
Processing (fid=3, iid=6, rep=19)...
Processing (fid=3, iid=7, rep=0)...
Processing (fid=3, iid=7, rep=1)...
Processing (fid=3, iid=7, rep=2)...
Processing (fid=3, iid=7, rep=3)...
Processing (fid=3, iid=7, rep=4)...
Processing (fid=3, iid=7, rep=5)...
Processing (fid=3, iid=7, rep=6)...
Processing (fid=3, iid=7, rep=7)...
Processing (fid=3, iid=7, rep=8)...
Processing (fid=3, iid=7, rep=9)...
Processing (fid=3, iid=7, rep=10)...
Processing (fid=3, iid=7, rep=11)...
Processing (fid=3, iid=7, rep=12)...
Processing (fid=3, iid=7, rep=13)...
Processing (fid=3, iid=7, rep=14)...
Processing (fid=3, iid=7, rep=15)...
Processing (fid=3, iid=7, rep=16)...
Processing (fid=3, iid=7, rep=17)...
Processing (fid=3, iid=7, rep=18)...
Processing (fid=3, iid=7, rep=19)...
Processing (fid=4, iid=6, rep=0)...
Processing (fid=4, iid=6, rep=1)...
Processing (fid=4, iid=6, rep=2)...
Processing (fid=4, iid=6, rep=3)...
Processing (fid=4, iid=6, rep=4)...
Processing (fid=4, iid=6, rep=5)...
Processing (fid=4, iid=6, rep=6)...
Processing (fid=4, iid=6, rep=7)...
Processing (fid=4, iid=6, rep=8)...
Processing (fid=4, iid=6, rep=9)...
Processing (fid=4, iid=6, rep=10)...
Processing (fid=4, iid=6, rep=11)...
Processing (fid=4, iid=6, rep=12)...
Processing (fid=4, iid=6, rep=13)...
Processing (fid=4, iid=6, rep=14)...
Processing (fid=4, iid=6, rep=15)...
Processing (fid=4, iid=6, rep=16)...
Processing (fid=4, iid=6, rep=17)...
Processing (fid=4, iid=6, rep=18)...
Processing (fid=4, iid=6, rep=19)...
Processing (fid=4, iid=7, rep=0)...
Processing (fid=4, iid=7, rep=1)...
Processing (fid=4, iid=7, rep=2)...
Processing (fid=4, iid=7, rep=3)...
Processing (fid=4, iid=7, rep=4)...
Processing (fid=4, iid=7, rep=5)...
Processing (fid=4, iid=7, rep=6)...
Processing (fid=4, iid=7, rep=7)...
Processing (fid=4, iid=7, rep=8)...
Processing (fid=4, iid=7, rep=9)...
Processing (fid=4, iid=7, rep=10)...
Processing (fid=4, iid=7, rep=11)...
Processing (fid=4, iid=7, rep=12)...
Processing (fid=4, iid=7, rep=13)...
Processing (fid=4, iid=7, rep=14)...
Processing (fid=4, iid=7, rep=15)...
Processing (fid=4, iid=7, rep=16)...
Processing (fid=4, iid=7, rep=17)...
Processing (fid=4, iid=7, rep=18)...
Processing (fid=4, iid=7, rep=19)...
Processing (fid=5, iid=6, rep=0)...
Processing (fid=5, iid=6, rep=1)...
Processing (fid=5, iid=6, rep=2)...
Processing (fid=5, iid=6, rep=3)...
Processing (fid=5, iid=6, rep=4)...
Processing (fid=5, iid=6, rep=5)...
Processing (fid=5, iid=6, rep=6)...
Processing (fid=5, iid=6, rep=7)...
Processing (fid=5, iid=6, rep=8)...
Processing (fid=5, iid=6, rep=9)...
Processing (fid=5, iid=6, rep=10)...
Processing (fid=5, iid=6, rep=11)...
Processing (fid=5, iid=6, rep=12)...
Processing (fid=5, iid=6, rep=13)...
Processing (fid=5, iid=6, rep=14)...
Processing (fid=5, iid=6, rep=15)...
Processing (fid=5, iid=6, rep=16)...
Processing (fid=5, iid=6, rep=17)...
Processing (fid=5, iid=6, rep=18)...
Processing (fid=5, iid=6, rep=19)...
Processing (fid=5, iid=7, rep=0)...
Processing (fid=5, iid=7, rep=1)...
Processing (fid=5, iid=7, rep=2)...
Processing (fid=5, iid=7, rep=3)...
Processing (fid=5, iid=7, rep=4)...
Processing (fid=5, iid=7, rep=5)...
Processing (fid=5, iid=7, rep=6)...
Processing (fid=5, iid=7, rep=7)...
Processing (fid=5, iid=7, rep=8)...
Processing (fid=5, iid=7, rep=9)...
Processing (fid=5, iid=7, rep=10)...
Processing (fid=5, iid=7, rep=11)...
Processing (fid=5, iid=7, rep=12)...
Processing (fid=5, iid=7, rep=13)...
Processing (fid=5, iid=7, rep=14)...
Processing (fid=5, iid=7, rep=15)...
Processing (fid=5, iid=7, rep=16)...
Processing (fid=5, iid=7, rep=17)...
Processing (fid=5, iid=7, rep=18)...
Processing (fid=5, iid=7, rep=19)...
Processing (fid=6, iid=6, rep=0)...
Processing (fid=6, iid=6, rep=1)...
Processing (fid=6, iid=6, rep=2)...
Processing (fid=6, iid=6, rep=3)...
Processing (fid=6, iid=6, rep=4)...
Processing (fid=6, iid=6, rep=5)...
Processing (fid=6, iid=6, rep=6)...
Processing (fid=6, iid=6, rep=7)...
Processing (fid=6, iid=6, rep=8)...
Processing (fid=6, iid=6, rep=9)...
Processing (fid=6, iid=6, rep=10)...
Processing (fid=6, iid=6, rep=11)...
Processing (fid=6, iid=6, rep=12)...
Processing (fid=6, iid=6, rep=13)...
Processing (fid=6, iid=6, rep=14)...
Processing (fid=6, iid=6, rep=15)...
Processing (fid=6, iid=6, rep=16)...
Processing (fid=6, iid=6, rep=17)...
Processing (fid=6, iid=6, rep=18)...
Processing (fid=6, iid=6, rep=19)...
Processing (fid=6, iid=7, rep=0)...
Processing (fid=6, iid=7, rep=1)...
Processing (fid=6, iid=7, rep=2)...
Processing (fid=6, iid=7, rep=3)...
Processing (fid=6, iid=7, rep=4)...
Processing (fid=6, iid=7, rep=5)...
Processing (fid=6, iid=7, rep=6)...
Processing (fid=6, iid=7, rep=7)...
Processing (fid=6, iid=7, rep=8)...
Processing (fid=6, iid=7, rep=9)...
Processing (fid=6, iid=7, rep=10)...
Processing (fid=6, iid=7, rep=11)...
Processing (fid=6, iid=7, rep=12)...
Processing (fid=6, iid=7, rep=13)...
Processing (fid=6, iid=7, rep=14)...
Processing (fid=6, iid=7, rep=15)...
Processing (fid=6, iid=7, rep=16)...
Processing (fid=6, iid=7, rep=17)...
Processing (fid=6, iid=7, rep=18)...
Processing (fid=6, iid=7, rep=19)...
Processing (fid=7, iid=6, rep=0)...
Processing (fid=7, iid=6, rep=1)...
Processing (fid=7, iid=6, rep=2)...
Processing (fid=7, iid=6, rep=3)...
Processing (fid=7, iid=6, rep=4)...
Processing (fid=7, iid=6, rep=5)...
Processing (fid=7, iid=6, rep=6)...
Processing (fid=7, iid=6, rep=7)...
Processing (fid=7, iid=6, rep=8)...
Processing (fid=7, iid=6, rep=9)...
Processing (fid=7, iid=6, rep=10)...
Processing (fid=7, iid=6, rep=11)...
Processing (fid=7, iid=6, rep=12)...
Processing (fid=7, iid=6, rep=13)...
Processing (fid=7, iid=6, rep=14)...
Processing (fid=7, iid=6, rep=15)...
Processing (fid=7, iid=6, rep=16)...
Processing (fid=7, iid=6, rep=17)...
Processing (fid=7, iid=6, rep=18)...
Processing (fid=7, iid=6, rep=19)...
Processing (fid=7, iid=7, rep=0)...
Processing (fid=7, iid=7, rep=1)...
Processing (fid=7, iid=7, rep=2)...
Processing (fid=7, iid=7, rep=3)...
Processing (fid=7, iid=7, rep=4)...
Processing (fid=7, iid=7, rep=5)...
Processing (fid=7, iid=7, rep=6)...
Processing (fid=7, iid=7, rep=7)...
Processing (fid=7, iid=7, rep=8)...
Processing (fid=7, iid=7, rep=9)...
Processing (fid=7, iid=7, rep=10)...
Processing (fid=7, iid=7, rep=11)...
Processing (fid=7, iid=7, rep=12)...
Processing (fid=7, iid=7, rep=13)...
Processing (fid=7, iid=7, rep=14)...
Processing (fid=7, iid=7, rep=15)...
Processing (fid=7, iid=7, rep=16)...
Processing (fid=7, iid=7, rep=17)...
Processing (fid=7, iid=7, rep=18)...
Processing (fid=7, iid=7, rep=19)...
Processing (fid=8, iid=6, rep=0)...
Processing (fid=8, iid=6, rep=1)...
Processing (fid=8, iid=6, rep=2)...
Processing (fid=8, iid=6, rep=3)...
Processing (fid=8, iid=6, rep=4)...
Processing (fid=8, iid=6, rep=5)...
Processing (fid=8, iid=6, rep=6)...
Processing (fid=8, iid=6, rep=7)...
Processing (fid=8, iid=6, rep=8)...
Processing (fid=8, iid=6, rep=9)...
Processing (fid=8, iid=6, rep=10)...
Processing (fid=8, iid=6, rep=11)...
Processing (fid=8, iid=6, rep=12)...
Processing (fid=8, iid=6, rep=13)...
Processing (fid=8, iid=6, rep=14)...
Processing (fid=8, iid=6, rep=15)...
Processing (fid=8, iid=6, rep=16)...
Processing (fid=8, iid=6, rep=17)...
Processing (fid=8, iid=6, rep=18)...
Processing (fid=8, iid=6, rep=19)...
Processing (fid=8, iid=7, rep=0)...
Processing (fid=8, iid=7, rep=1)...
Processing (fid=8, iid=7, rep=2)...
Processing (fid=8, iid=7, rep=3)...
Processing (fid=8, iid=7, rep=4)...
Processing (fid=8, iid=7, rep=5)...
Processing (fid=8, iid=7, rep=6)...
Processing (fid=8, iid=7, rep=7)...
Processing (fid=8, iid=7, rep=8)...
Processing (fid=8, iid=7, rep=9)...
Processing (fid=8, iid=7, rep=10)...
Processing (fid=8, iid=7, rep=11)...
Processing (fid=8, iid=7, rep=12)...
Processing (fid=8, iid=7, rep=13)...
Processing (fid=8, iid=7, rep=14)...
Processing (fid=8, iid=7, rep=15)...
Processing (fid=8, iid=7, rep=16)...
Processing (fid=8, iid=7, rep=17)...
Processing (fid=8, iid=7, rep=18)...
Processing (fid=8, iid=7, rep=19)...
Processing (fid=9, iid=6, rep=0)...
Processing (fid=9, iid=6, rep=1)...
Processing (fid=9, iid=6, rep=2)...
Processing (fid=9, iid=6, rep=3)...
Processing (fid=9, iid=6, rep=4)...
Processing (fid=9, iid=6, rep=5)...
Processing (fid=9, iid=6, rep=6)...
Processing (fid=9, iid=6, rep=7)...
Processing (fid=9, iid=6, rep=8)...
Processing (fid=9, iid=6, rep=9)...
Processing (fid=9, iid=6, rep=10)...
Processing (fid=9, iid=6, rep=11)...
Processing (fid=9, iid=6, rep=12)...
Processing (fid=9, iid=6, rep=13)...
Processing (fid=9, iid=6, rep=14)...
Processing (fid=9, iid=6, rep=15)...
Processing (fid=9, iid=6, rep=16)...
Processing (fid=9, iid=6, rep=17)...
Processing (fid=9, iid=6, rep=18)...
Processing (fid=9, iid=6, rep=19)...
Processing (fid=9, iid=7, rep=0)...
Processing (fid=9, iid=7, rep=1)...
Processing (fid=9, iid=7, rep=2)...
Processing (fid=9, iid=7, rep=3)...
Processing (fid=9, iid=7, rep=4)...
Processing (fid=9, iid=7, rep=5)...
Processing (fid=9, iid=7, rep=6)...
Processing (fid=9, iid=7, rep=7)...
Processing (fid=9, iid=7, rep=8)...
Processing (fid=9, iid=7, rep=9)...
Processing (fid=9, iid=7, rep=10)...
Processing (fid=9, iid=7, rep=11)...
Processing (fid=9, iid=7, rep=12)...
Processing (fid=9, iid=7, rep=13)...
Processing (fid=9, iid=7, rep=14)...
Processing (fid=9, iid=7, rep=15)...
Processing (fid=9, iid=7, rep=16)...
Processing (fid=9, iid=7, rep=17)...
Processing (fid=9, iid=7, rep=18)...
Processing (fid=9, iid=7, rep=19)...
Processing (fid=10, iid=6, rep=0)...
Processing (fid=10, iid=6, rep=1)...
Processing (fid=10, iid=6, rep=2)...
Processing (fid=10, iid=6, rep=3)...
Processing (fid=10, iid=6, rep=4)...
Processing (fid=10, iid=6, rep=5)...
Processing (fid=10, iid=6, rep=6)...
Processing (fid=10, iid=6, rep=7)...
Processing (fid=10, iid=6, rep=8)...
Processing (fid=10, iid=6, rep=9)...
Processing (fid=10, iid=6, rep=10)...
Processing (fid=10, iid=6, rep=11)...
Processing (fid=10, iid=6, rep=12)...
Processing (fid=10, iid=6, rep=13)...
Processing (fid=10, iid=6, rep=14)...
Processing (fid=10, iid=6, rep=15)...
Processing (fid=10, iid=6, rep=16)...
Processing (fid=10, iid=6, rep=17)...
Processing (fid=10, iid=6, rep=18)...
Processing (fid=10, iid=6, rep=19)...
Processing (fid=10, iid=7, rep=0)...
Processing (fid=10, iid=7, rep=1)...
Processing (fid=10, iid=7, rep=2)...
Processing (fid=10, iid=7, rep=3)...
Processing (fid=10, iid=7, rep=4)...
Processing (fid=10, iid=7, rep=5)...
Processing (fid=10, iid=7, rep=6)...
Processing (fid=10, iid=7, rep=7)...
Processing (fid=10, iid=7, rep=8)...
Processing (fid=10, iid=7, rep=9)...
Processing (fid=10, iid=7, rep=10)...
Processing (fid=10, iid=7, rep=11)...
Processing (fid=10, iid=7, rep=12)...
Processing (fid=10, iid=7, rep=13)...
Processing (fid=10, iid=7, rep=14)...
Processing (fid=10, iid=7, rep=15)...
Processing (fid=10, iid=7, rep=16)...
Processing (fid=10, iid=7, rep=17)...
Processing (fid=10, iid=7, rep=18)...
Processing (fid=10, iid=7, rep=19)...
Processing (fid=11, iid=6, rep=0)...
Processing (fid=11, iid=6, rep=1)...
Processing (fid=11, iid=6, rep=2)...
Processing (fid=11, iid=6, rep=3)...
Processing (fid=11, iid=6, rep=4)...
Processing (fid=11, iid=6, rep=5)...
Processing (fid=11, iid=6, rep=6)...
Processing (fid=11, iid=6, rep=7)...
Processing (fid=11, iid=6, rep=8)...
Processing (fid=11, iid=6, rep=9)...
Processing (fid=11, iid=6, rep=10)...
Processing (fid=11, iid=6, rep=11)...
Processing (fid=11, iid=6, rep=12)...
Processing (fid=11, iid=6, rep=13)...
Processing (fid=11, iid=6, rep=14)...
Processing (fid=11, iid=6, rep=15)...
Processing (fid=11, iid=6, rep=16)...
Processing (fid=11, iid=6, rep=17)...
Processing (fid=11, iid=6, rep=18)...
Processing (fid=11, iid=6, rep=19)...
Processing (fid=11, iid=7, rep=0)...
Processing (fid=11, iid=7, rep=1)...
Processing (fid=11, iid=7, rep=2)...
Processing (fid=11, iid=7, rep=3)...
Processing (fid=11, iid=7, rep=4)...
Processing (fid=11, iid=7, rep=5)...
Processing (fid=11, iid=7, rep=6)...
Processing (fid=11, iid=7, rep=7)...
Processing (fid=11, iid=7, rep=8)...
Processing (fid=11, iid=7, rep=9)...
Processing (fid=11, iid=7, rep=10)...
Processing (fid=11, iid=7, rep=11)...
Processing (fid=11, iid=7, rep=12)...
Processing (fid=11, iid=7, rep=13)...
Processing (fid=11, iid=7, rep=14)...
Processing (fid=11, iid=7, rep=15)...
Processing (fid=11, iid=7, rep=16)...
Processing (fid=11, iid=7, rep=17)...
Processing (fid=11, iid=7, rep=18)...
Processing (fid=11, iid=7, rep=19)...
Processing (fid=12, iid=6, rep=0)...
Processing (fid=12, iid=6, rep=1)...
Processing (fid=12, iid=6, rep=2)...
Processing (fid=12, iid=6, rep=3)...
Processing (fid=12, iid=6, rep=4)...
Processing (fid=12, iid=6, rep=5)...
Processing (fid=12, iid=6, rep=6)...
Processing (fid=12, iid=6, rep=7)...
Processing (fid=12, iid=6, rep=8)...
Processing (fid=12, iid=6, rep=9)...
Processing (fid=12, iid=6, rep=10)...
Processing (fid=12, iid=6, rep=11)...
Processing (fid=12, iid=6, rep=12)...
Processing (fid=12, iid=6, rep=13)...
Processing (fid=12, iid=6, rep=14)...
Processing (fid=12, iid=6, rep=15)...
Processing (fid=12, iid=6, rep=16)...
Processing (fid=12, iid=6, rep=17)...
Processing (fid=12, iid=6, rep=18)...
Processing (fid=12, iid=6, rep=19)...
Processing (fid=12, iid=7, rep=0)...
Processing (fid=12, iid=7, rep=1)...
Processing (fid=12, iid=7, rep=2)...
Processing (fid=12, iid=7, rep=3)...
Processing (fid=12, iid=7, rep=4)...
Processing (fid=12, iid=7, rep=5)...
Processing (fid=12, iid=7, rep=6)...
Processing (fid=12, iid=7, rep=7)...
Processing (fid=12, iid=7, rep=8)...
Processing (fid=12, iid=7, rep=9)...
Processing (fid=12, iid=7, rep=10)...
Processing (fid=12, iid=7, rep=11)...
Processing (fid=12, iid=7, rep=12)...
Processing (fid=12, iid=7, rep=13)...
Processing (fid=12, iid=7, rep=14)...
Processing (fid=12, iid=7, rep=15)...
Processing (fid=12, iid=7, rep=16)...
Processing (fid=12, iid=7, rep=17)...
Processing (fid=12, iid=7, rep=18)...
Processing (fid=12, iid=7, rep=19)...
Processing (fid=13, iid=6, rep=0)...
Processing (fid=13, iid=6, rep=1)...
Processing (fid=13, iid=6, rep=2)...
Processing (fid=13, iid=6, rep=3)...
Processing (fid=13, iid=6, rep=4)...
Processing (fid=13, iid=6, rep=5)...
Processing (fid=13, iid=6, rep=6)...
Processing (fid=13, iid=6, rep=7)...
Processing (fid=13, iid=6, rep=8)...
Processing (fid=13, iid=6, rep=9)...
Processing (fid=13, iid=6, rep=10)...
Processing (fid=13, iid=6, rep=11)...
Processing (fid=13, iid=6, rep=12)...
Processing (fid=13, iid=6, rep=13)...
Processing (fid=13, iid=6, rep=14)...
Processing (fid=13, iid=6, rep=15)...
Processing (fid=13, iid=6, rep=16)...
Processing (fid=13, iid=6, rep=17)...
Processing (fid=13, iid=6, rep=18)...
Processing (fid=13, iid=6, rep=19)...
Processing (fid=13, iid=7, rep=0)...
Processing (fid=13, iid=7, rep=1)...
Processing (fid=13, iid=7, rep=2)...
Processing (fid=13, iid=7, rep=3)...
Processing (fid=13, iid=7, rep=4)...
Processing (fid=13, iid=7, rep=5)...
Processing (fid=13, iid=7, rep=6)...
Processing (fid=13, iid=7, rep=7)...
Processing (fid=13, iid=7, rep=8)...
Processing (fid=13, iid=7, rep=9)...
Processing (fid=13, iid=7, rep=10)...
Processing (fid=13, iid=7, rep=11)...
Processing (fid=13, iid=7, rep=12)...
Processing (fid=13, iid=7, rep=13)...
Processing (fid=13, iid=7, rep=14)...
Processing (fid=13, iid=7, rep=15)...
Processing (fid=13, iid=7, rep=16)...
Processing (fid=13, iid=7, rep=17)...
Processing (fid=13, iid=7, rep=18)...
Processing (fid=13, iid=7, rep=19)...
Processing (fid=14, iid=6, rep=0)...
Processing (fid=14, iid=6, rep=1)...
Processing (fid=14, iid=6, rep=2)...
Processing (fid=14, iid=6, rep=3)...
Processing (fid=14, iid=6, rep=4)...
Processing (fid=14, iid=6, rep=5)...
Processing (fid=14, iid=6, rep=6)...
Processing (fid=14, iid=6, rep=7)...
Processing (fid=14, iid=6, rep=8)...
Processing (fid=14, iid=6, rep=9)...
Processing (fid=14, iid=6, rep=10)...
Processing (fid=14, iid=6, rep=11)...
Processing (fid=14, iid=6, rep=12)...
Processing (fid=14, iid=6, rep=13)...
Processing (fid=14, iid=6, rep=14)...
Processing (fid=14, iid=6, rep=15)...
Processing (fid=14, iid=6, rep=16)...
Processing (fid=14, iid=6, rep=17)...
Processing (fid=14, iid=6, rep=18)...
Processing (fid=14, iid=6, rep=19)...
Processing (fid=14, iid=7, rep=0)...
Processing (fid=14, iid=7, rep=1)...
Processing (fid=14, iid=7, rep=2)...
Processing (fid=14, iid=7, rep=3)...
Processing (fid=14, iid=7, rep=4)...
Processing (fid=14, iid=7, rep=5)...
Processing (fid=14, iid=7, rep=6)...
Processing (fid=14, iid=7, rep=7)...
Processing (fid=14, iid=7, rep=8)...
Processing (fid=14, iid=7, rep=9)...
Processing (fid=14, iid=7, rep=10)...
Processing (fid=14, iid=7, rep=11)...
Processing (fid=14, iid=7, rep=12)...
Processing (fid=14, iid=7, rep=13)...
Processing (fid=14, iid=7, rep=14)...
Processing (fid=14, iid=7, rep=15)...
Processing (fid=14, iid=7, rep=16)...
Processing (fid=14, iid=7, rep=17)...
Processing (fid=14, iid=7, rep=18)...
Processing (fid=14, iid=7, rep=19)...
Processing (fid=15, iid=6, rep=0)...
Processing (fid=15, iid=6, rep=1)...
Processing (fid=15, iid=6, rep=2)...
Processing (fid=15, iid=6, rep=3)...
Processing (fid=15, iid=6, rep=4)...
Processing (fid=15, iid=6, rep=5)...
Processing (fid=15, iid=6, rep=6)...
Processing (fid=15, iid=6, rep=7)...
Processing (fid=15, iid=6, rep=8)...
Processing (fid=15, iid=6, rep=9)...
Processing (fid=15, iid=6, rep=10)...
Processing (fid=15, iid=6, rep=11)...
Processing (fid=15, iid=6, rep=12)...
Processing (fid=15, iid=6, rep=13)...
Processing (fid=15, iid=6, rep=14)...
Processing (fid=15, iid=6, rep=15)...
Processing (fid=15, iid=6, rep=16)...
Processing (fid=15, iid=6, rep=17)...
Processing (fid=15, iid=6, rep=18)...
Processing (fid=15, iid=6, rep=19)...
Processing (fid=15, iid=7, rep=0)...
Processing (fid=15, iid=7, rep=1)...
Processing (fid=15, iid=7, rep=2)...
Processing (fid=15, iid=7, rep=3)...
Processing (fid=15, iid=7, rep=4)...
Processing (fid=15, iid=7, rep=5)...
Processing (fid=15, iid=7, rep=6)...
Processing (fid=15, iid=7, rep=7)...
Processing (fid=15, iid=7, rep=8)...
Processing (fid=15, iid=7, rep=9)...
Processing (fid=15, iid=7, rep=10)...
Processing (fid=15, iid=7, rep=11)...
Processing (fid=15, iid=7, rep=12)...
Processing (fid=15, iid=7, rep=13)...
Processing (fid=15, iid=7, rep=14)...
Processing (fid=15, iid=7, rep=15)...
Processing (fid=15, iid=7, rep=16)...
Processing (fid=15, iid=7, rep=17)...
Processing (fid=15, iid=7, rep=18)...
Processing (fid=15, iid=7, rep=19)...
Processing (fid=16, iid=6, rep=0)...
Processing (fid=16, iid=6, rep=1)...
Processing (fid=16, iid=6, rep=2)...
Processing (fid=16, iid=6, rep=3)...
Processing (fid=16, iid=6, rep=4)...
Processing (fid=16, iid=6, rep=5)...
Processing (fid=16, iid=6, rep=6)...
Processing (fid=16, iid=6, rep=7)...
Processing (fid=16, iid=6, rep=8)...
Processing (fid=16, iid=6, rep=9)...
Processing (fid=16, iid=6, rep=10)...
Processing (fid=16, iid=6, rep=11)...
Processing (fid=16, iid=6, rep=12)...
Processing (fid=16, iid=6, rep=13)...
Processing (fid=16, iid=6, rep=14)...
Processing (fid=16, iid=6, rep=15)...
Processing (fid=16, iid=6, rep=16)...
Processing (fid=16, iid=6, rep=17)...
Processing (fid=16, iid=6, rep=18)...
Processing (fid=16, iid=6, rep=19)...
Processing (fid=16, iid=7, rep=0)...
Processing (fid=16, iid=7, rep=1)...
Processing (fid=16, iid=7, rep=2)...
Processing (fid=16, iid=7, rep=3)...
Processing (fid=16, iid=7, rep=4)...
Processing (fid=16, iid=7, rep=5)...
Processing (fid=16, iid=7, rep=6)...
Processing (fid=16, iid=7, rep=7)...
Processing (fid=16, iid=7, rep=8)...
Processing (fid=16, iid=7, rep=9)...
Processing (fid=16, iid=7, rep=10)...
Processing (fid=16, iid=7, rep=11)...
Processing (fid=16, iid=7, rep=12)...
Processing (fid=16, iid=7, rep=13)...
Processing (fid=16, iid=7, rep=14)...
Processing (fid=16, iid=7, rep=15)...
Processing (fid=16, iid=7, rep=16)...
Processing (fid=16, iid=7, rep=17)...
Processing (fid=16, iid=7, rep=18)...
Processing (fid=16, iid=7, rep=19)...
Processing (fid=17, iid=6, rep=0)...
Processing (fid=17, iid=6, rep=1)...
Processing (fid=17, iid=6, rep=2)...
Processing (fid=17, iid=6, rep=3)...
Processing (fid=17, iid=6, rep=4)...
Processing (fid=17, iid=6, rep=5)...
Processing (fid=17, iid=6, rep=6)...
Processing (fid=17, iid=6, rep=7)...
Processing (fid=17, iid=6, rep=8)...
Processing (fid=17, iid=6, rep=9)...
Processing (fid=17, iid=6, rep=10)...
Processing (fid=17, iid=6, rep=11)...
Processing (fid=17, iid=6, rep=12)...
Processing (fid=17, iid=6, rep=13)...
Processing (fid=17, iid=6, rep=14)...
Processing (fid=17, iid=6, rep=15)...
Processing (fid=17, iid=6, rep=16)...
Processing (fid=17, iid=6, rep=17)...
Processing (fid=17, iid=6, rep=18)...
Processing (fid=17, iid=6, rep=19)...
Processing (fid=17, iid=7, rep=0)...
Processing (fid=17, iid=7, rep=1)...
Processing (fid=17, iid=7, rep=2)...
Processing (fid=17, iid=7, rep=3)...
Processing (fid=17, iid=7, rep=4)...
Processing (fid=17, iid=7, rep=5)...
Processing (fid=17, iid=7, rep=6)...
Processing (fid=17, iid=7, rep=7)...
Processing (fid=17, iid=7, rep=8)...
Processing (fid=17, iid=7, rep=9)...
Processing (fid=17, iid=7, rep=10)...
Processing (fid=17, iid=7, rep=11)...
Processing (fid=17, iid=7, rep=12)...
Processing (fid=17, iid=7, rep=13)...
Processing (fid=17, iid=7, rep=14)...
Processing (fid=17, iid=7, rep=15)...
Processing (fid=17, iid=7, rep=16)...
Processing (fid=17, iid=7, rep=17)...
Processing (fid=17, iid=7, rep=18)...
Processing (fid=17, iid=7, rep=19)...
Processing (fid=18, iid=6, rep=0)...
Processing (fid=18, iid=6, rep=1)...
Processing (fid=18, iid=6, rep=2)...
Processing (fid=18, iid=6, rep=3)...
Processing (fid=18, iid=6, rep=4)...
Processing (fid=18, iid=6, rep=5)...
Processing (fid=18, iid=6, rep=6)...
Processing (fid=18, iid=6, rep=7)...
Processing (fid=18, iid=6, rep=8)...
Processing (fid=18, iid=6, rep=9)...
Processing (fid=18, iid=6, rep=10)...
Processing (fid=18, iid=6, rep=11)...
Processing (fid=18, iid=6, rep=12)...
Processing (fid=18, iid=6, rep=13)...
Processing (fid=18, iid=6, rep=14)...
Processing (fid=18, iid=6, rep=15)...
Processing (fid=18, iid=6, rep=16)...
Processing (fid=18, iid=6, rep=17)...
Processing (fid=18, iid=6, rep=18)...
Processing (fid=18, iid=6, rep=19)...
Processing (fid=18, iid=7, rep=0)...
Processing (fid=18, iid=7, rep=1)...
Processing (fid=18, iid=7, rep=2)...
Processing (fid=18, iid=7, rep=3)...
Processing (fid=18, iid=7, rep=4)...
Processing (fid=18, iid=7, rep=5)...
Processing (fid=18, iid=7, rep=6)...
Processing (fid=18, iid=7, rep=7)...
Processing (fid=18, iid=7, rep=8)...
Processing (fid=18, iid=7, rep=9)...
Processing (fid=18, iid=7, rep=10)...
Processing (fid=18, iid=7, rep=11)...
Processing (fid=18, iid=7, rep=12)...
Processing (fid=18, iid=7, rep=13)...
Processing (fid=18, iid=7, rep=14)...
Processing (fid=18, iid=7, rep=15)...
Processing (fid=18, iid=7, rep=16)...
Processing (fid=18, iid=7, rep=17)...
Processing (fid=18, iid=7, rep=18)...
Processing (fid=18, iid=7, rep=19)...
Processing (fid=19, iid=6, rep=0)...
Processing (fid=19, iid=6, rep=1)...
Processing (fid=19, iid=6, rep=2)...
Processing (fid=19, iid=6, rep=3)...
Processing (fid=19, iid=6, rep=4)...
Processing (fid=19, iid=6, rep=5)...
Processing (fid=19, iid=6, rep=6)...
Processing (fid=19, iid=6, rep=7)...
Processing (fid=19, iid=6, rep=8)...
Processing (fid=19, iid=6, rep=9)...
Processing (fid=19, iid=6, rep=10)...
Processing (fid=19, iid=6, rep=11)...
Processing (fid=19, iid=6, rep=12)...
Processing (fid=19, iid=6, rep=13)...
Processing (fid=19, iid=6, rep=14)...
Processing (fid=19, iid=6, rep=15)...
Processing (fid=19, iid=6, rep=16)...
Processing (fid=19, iid=6, rep=17)...
Processing (fid=19, iid=6, rep=18)...
Processing (fid=19, iid=6, rep=19)...
Processing (fid=19, iid=7, rep=0)...
Processing (fid=19, iid=7, rep=1)...
Processing (fid=19, iid=7, rep=2)...
Processing (fid=19, iid=7, rep=3)...
Processing (fid=19, iid=7, rep=4)...
Processing (fid=19, iid=7, rep=5)...
Processing (fid=19, iid=7, rep=6)...
Processing (fid=19, iid=7, rep=7)...
Processing (fid=19, iid=7, rep=8)...
Processing (fid=19, iid=7, rep=9)...
Processing (fid=19, iid=7, rep=10)...
Processing (fid=19, iid=7, rep=11)...
Processing (fid=19, iid=7, rep=12)...
Processing (fid=19, iid=7, rep=13)...
Processing (fid=19, iid=7, rep=14)...
Processing (fid=19, iid=7, rep=15)...
Processing (fid=19, iid=7, rep=16)...
Processing (fid=19, iid=7, rep=17)...
Processing (fid=19, iid=7, rep=18)...
Processing (fid=19, iid=7, rep=19)...
Processing (fid=20, iid=6, rep=0)...
Processing (fid=20, iid=6, rep=1)...
Processing (fid=20, iid=6, rep=2)...
Processing (fid=20, iid=6, rep=3)...
Processing (fid=20, iid=6, rep=4)...
Processing (fid=20, iid=6, rep=5)...
Processing (fid=20, iid=6, rep=6)...
Processing (fid=20, iid=6, rep=7)...
Processing (fid=20, iid=6, rep=8)...
Processing (fid=20, iid=6, rep=9)...
Processing (fid=20, iid=6, rep=10)...
Processing (fid=20, iid=6, rep=11)...
Processing (fid=20, iid=6, rep=12)...
Processing (fid=20, iid=6, rep=13)...
Processing (fid=20, iid=6, rep=14)...
Processing (fid=20, iid=6, rep=15)...
Processing (fid=20, iid=6, rep=16)...
Processing (fid=20, iid=6, rep=17)...
Processing (fid=20, iid=6, rep=18)...
Processing (fid=20, iid=6, rep=19)...
Processing (fid=20, iid=7, rep=0)...
Processing (fid=20, iid=7, rep=1)...
Processing (fid=20, iid=7, rep=2)...
Processing (fid=20, iid=7, rep=3)...
Processing (fid=20, iid=7, rep=4)...
Processing (fid=20, iid=7, rep=5)...
Processing (fid=20, iid=7, rep=6)...
Processing (fid=20, iid=7, rep=7)...
Processing (fid=20, iid=7, rep=8)...
Processing (fid=20, iid=7, rep=9)...
Processing (fid=20, iid=7, rep=10)...
Processing (fid=20, iid=7, rep=11)...
Processing (fid=20, iid=7, rep=12)...
Processing (fid=20, iid=7, rep=13)...
Processing (fid=20, iid=7, rep=14)...
Processing (fid=20, iid=7, rep=15)...
Processing (fid=20, iid=7, rep=16)...
Processing (fid=20, iid=7, rep=17)...
Processing (fid=20, iid=7, rep=18)...
Processing (fid=20, iid=7, rep=19)...
Processing (fid=21, iid=6, rep=0)...
Processing (fid=21, iid=6, rep=1)...
Processing (fid=21, iid=6, rep=2)...
Processing (fid=21, iid=6, rep=3)...
Processing (fid=21, iid=6, rep=4)...
Processing (fid=21, iid=6, rep=5)...
Processing (fid=21, iid=6, rep=6)...
Processing (fid=21, iid=6, rep=7)...
Processing (fid=21, iid=6, rep=8)...
Processing (fid=21, iid=6, rep=9)...
Processing (fid=21, iid=6, rep=10)...
Processing (fid=21, iid=6, rep=11)...
Processing (fid=21, iid=6, rep=12)...
Processing (fid=21, iid=6, rep=13)...
Processing (fid=21, iid=6, rep=14)...
Processing (fid=21, iid=6, rep=15)...
Processing (fid=21, iid=6, rep=16)...
Processing (fid=21, iid=6, rep=17)...
Processing (fid=21, iid=6, rep=18)...
Processing (fid=21, iid=6, rep=19)...
Processing (fid=21, iid=7, rep=0)...
Processing (fid=21, iid=7, rep=1)...
Processing (fid=21, iid=7, rep=2)...
Processing (fid=21, iid=7, rep=3)...
Processing (fid=21, iid=7, rep=4)...
Processing (fid=21, iid=7, rep=5)...
Processing (fid=21, iid=7, rep=6)...
Processing (fid=21, iid=7, rep=7)...
Processing (fid=21, iid=7, rep=8)...
Processing (fid=21, iid=7, rep=9)...
Processing (fid=21, iid=7, rep=10)...
Processing (fid=21, iid=7, rep=11)...
Processing (fid=21, iid=7, rep=12)...
Processing (fid=21, iid=7, rep=13)...
Processing (fid=21, iid=7, rep=14)...
Processing (fid=21, iid=7, rep=15)...
Processing (fid=21, iid=7, rep=16)...
Processing (fid=21, iid=7, rep=17)...
Processing (fid=21, iid=7, rep=18)...
Processing (fid=21, iid=7, rep=19)...
Processing (fid=22, iid=6, rep=0)...
Processing (fid=22, iid=6, rep=1)...
Processing (fid=22, iid=6, rep=2)...
Processing (fid=22, iid=6, rep=3)...
Processing (fid=22, iid=6, rep=4)...
Processing (fid=22, iid=6, rep=5)...
Processing (fid=22, iid=6, rep=6)...
Processing (fid=22, iid=6, rep=7)...
Processing (fid=22, iid=6, rep=8)...
Processing (fid=22, iid=6, rep=9)...
Processing (fid=22, iid=6, rep=10)...
Processing (fid=22, iid=6, rep=11)...
Processing (fid=22, iid=6, rep=12)...
Processing (fid=22, iid=6, rep=13)...
Processing (fid=22, iid=6, rep=14)...
Processing (fid=22, iid=6, rep=15)...
Processing (fid=22, iid=6, rep=16)...
Processing (fid=22, iid=6, rep=17)...
Processing (fid=22, iid=6, rep=18)...
Processing (fid=22, iid=6, rep=19)...
Processing (fid=22, iid=7, rep=0)...
Processing (fid=22, iid=7, rep=1)...
Processing (fid=22, iid=7, rep=2)...
Processing (fid=22, iid=7, rep=3)...
Processing (fid=22, iid=7, rep=4)...
Processing (fid=22, iid=7, rep=5)...
Processing (fid=22, iid=7, rep=6)...
Processing (fid=22, iid=7, rep=7)...
Processing (fid=22, iid=7, rep=8)...
Processing (fid=22, iid=7, rep=9)...
Processing (fid=22, iid=7, rep=10)...
Processing (fid=22, iid=7, rep=11)...
Processing (fid=22, iid=7, rep=12)...
Processing (fid=22, iid=7, rep=13)...
Processing (fid=22, iid=7, rep=14)...
Processing (fid=22, iid=7, rep=15)...
Processing (fid=22, iid=7, rep=16)...
Processing (fid=22, iid=7, rep=17)...
Processing (fid=22, iid=7, rep=18)...
Processing (fid=22, iid=7, rep=19)...
Processing (fid=23, iid=6, rep=0)...
Processing (fid=23, iid=6, rep=1)...
Processing (fid=23, iid=6, rep=2)...
Processing (fid=23, iid=6, rep=3)...
Processing (fid=23, iid=6, rep=4)...
Processing (fid=23, iid=6, rep=5)...
Processing (fid=23, iid=6, rep=6)...
Processing (fid=23, iid=6, rep=7)...
Processing (fid=23, iid=6, rep=8)...
Processing (fid=23, iid=6, rep=9)...
Processing (fid=23, iid=6, rep=10)...
Processing (fid=23, iid=6, rep=11)...
Processing (fid=23, iid=6, rep=12)...
Processing (fid=23, iid=6, rep=13)...
Processing (fid=23, iid=6, rep=14)...
Processing (fid=23, iid=6, rep=15)...
Processing (fid=23, iid=6, rep=16)...
Processing (fid=23, iid=6, rep=17)...
Processing (fid=23, iid=6, rep=18)...
Processing (fid=23, iid=6, rep=19)...
Processing (fid=23, iid=7, rep=0)...
Processing (fid=23, iid=7, rep=1)...
Processing (fid=23, iid=7, rep=2)...
Processing (fid=23, iid=7, rep=3)...
Processing (fid=23, iid=7, rep=4)...
Processing (fid=23, iid=7, rep=5)...
Processing (fid=23, iid=7, rep=6)...
Processing (fid=23, iid=7, rep=7)...
Processing (fid=23, iid=7, rep=8)...
Processing (fid=23, iid=7, rep=9)...
Processing (fid=23, iid=7, rep=10)...
Processing (fid=23, iid=7, rep=11)...
Processing (fid=23, iid=7, rep=12)...
Processing (fid=23, iid=7, rep=13)...
Processing (fid=23, iid=7, rep=14)...
Processing (fid=23, iid=7, rep=15)...
Processing (fid=23, iid=7, rep=16)...
Processing (fid=23, iid=7, rep=17)...
Processing (fid=23, iid=7, rep=18)...
Processing (fid=23, iid=7, rep=19)...
Processing (fid=24, iid=6, rep=0)...
Processing (fid=24, iid=6, rep=1)...
Processing (fid=24, iid=6, rep=2)...
Processing (fid=24, iid=6, rep=3)...
Processing (fid=24, iid=6, rep=4)...
Processing (fid=24, iid=6, rep=5)...
Processing (fid=24, iid=6, rep=6)...
Processing (fid=24, iid=6, rep=7)...
Processing (fid=24, iid=6, rep=8)...
Processing (fid=24, iid=6, rep=9)...
Processing (fid=24, iid=6, rep=10)...
Processing (fid=24, iid=6, rep=11)...
Processing (fid=24, iid=6, rep=12)...
Processing (fid=24, iid=6, rep=13)...
Processing (fid=24, iid=6, rep=14)...
Processing (fid=24, iid=6, rep=15)...
Processing (fid=24, iid=6, rep=16)...
Processing (fid=24, iid=6, rep=17)...
Processing (fid=24, iid=6, rep=18)...
Processing (fid=24, iid=6, rep=19)...
Processing (fid=24, iid=7, rep=0)...
Processing (fid=24, iid=7, rep=1)...
Processing (fid=24, iid=7, rep=2)...
Processing (fid=24, iid=7, rep=3)...
Processing (fid=24, iid=7, rep=4)...
Processing (fid=24, iid=7, rep=5)...
Processing (fid=24, iid=7, rep=6)...
Processing (fid=24, iid=7, rep=7)...
Processing (fid=24, iid=7, rep=8)...
Processing (fid=24, iid=7, rep=9)...
Processing (fid=24, iid=7, rep=10)...
Processing (fid=24, iid=7, rep=11)...
Processing (fid=24, iid=7, rep=12)...
Processing (fid=24, iid=7, rep=13)...
Processing (fid=24, iid=7, rep=14)...
Processing (fid=24, iid=7, rep=15)...
Processing (fid=24, iid=7, rep=16)...
Processing (fid=24, iid=7, rep=17)...
Processing (fid=24, iid=7, rep=18)...
Processing (fid=24, iid=7, rep=19)...
Incremental results saved to: ../results/all_epms_algo_features/selector_results_with_lookahead_all_epms_algo_features_3.csv
