Using file: ../data/A1_data_ela_normalized_with_precisions/A1_B100_5D_ela.csv
[INFO][abstract_initial_design.py:87] Reducing the number of initial configurations from 60 to 25 (max_ratio == 0.25).
[INFO][abstract_initial_design.py:139] Using 25 initial design configurations and 0 additional configurations.
[INFO][abstract_intensifier.py:307] Using only one seed for deterministic scenario.
-2512.551369542007
-2512.4984862138185
-2539.4532120798694
-2426.8386131597786
-2332.1682665061844
[INFO][abstract_intensifier.py:517] Added config 26fdc2 as new incumbent because there are no incumbents yet.
-2580.70852606411
-2557.6815579791737
-2549.9235658088382
-2506.238682985573
-2392.5857083031483
[INFO][abstract_intensifier.py:596] Added config 8a205f and rejected config 26fdc2 as incumbent because it is not better than the incumbents on 1 instances: 
-2532.004506860564
-2504.751728812988
-2517.9630749340795
-2447.0550733249033
-2324.9313382845285
-2596.364884529938
-2586.2326462329747
-2561.3555322920856
-2516.860755753126
-2407.648386548206
[INFO][abstract_intensifier.py:596] Added config 71b0a5 and rejected config 8a205f as incumbent because it is not better than the incumbents on 1 instances: 
-2614.1964706163194
-2573.646424720049
-2560.8791799964347
-2505.7120785120005
-2418.249982929006
[INFO][abstract_intensifier.py:596] Added config 87cf8a and rejected config 71b0a5 as incumbent because it is not better than the incumbents on 1 instances: 
-2431.752721058586
-2356.482340652111
-2501.27586517206
-2398.953020905745
-2302.697803730842
-2583.6440549436074
-2569.4683407177527
-2519.758380760555
-2478.63567433079
-2377.3442341943355
-2438.603642529498
-2396.4927988357
-2510.101157194055
-2443.8019641101478
-2329.656503112694
-2568.620940114506
-2562.430130855378
-2563.725741102985
-2499.7302286896625
-2377.9991219454732
-2428.2550567761764
-2485.9711531351118
-2535.210067757349
-2454.415924029832
-2306.798984830194
-2603.2188341216115
-2569.339317696954
-2543.1129291403076
-2489.408757071691
-2374.73632312425
-2409.088135633743
-2423.8762845930123
-2524.339376848056
-2443.4151686581354
-2335.3745967320992
-2519.71773362013
-2547.0373574894047
-2532.5469209505063
-2493.672347939453
-2382.7398891567923
-2593.484805473985
-2546.6802940048015
-2555.9901867241388
-2520.4068553162597
-2384.092447893163
-2501.5004935560437
-2510.7203346321076
-2514.844236501668
-2443.6327578351184
-2298.1475575531726
-2574.3308556098996
-2556.4534892860033
-2556.3110682058755
-2489.929059294433
-2393.3726044594096
-2558.2137524550726
-2528.207808217553
-2535.207481801811
-2460.51057166555
-2338.4267001604826
-2605.41547864906
-2569.0983030780826
-2558.260909933334
-2503.5630001322806
-2405.467524865058
-2529.4145442894996
-2523.4222804655597
-2527.222003614592
-2439.3696501268264
-2336.236959144916
-2467.1562135055883
-2465.9223814243996
-2542.198922101825
-2445.754754518661
-2336.32660480452
-2577.4785255406914
-2548.285467799307
-2526.596154164815
-2482.0975011383443
-2404.8378862228597
-2513.4323813346227
-2503.280921919448
-2531.300504976153
-2444.2028287739518
-2334.221276706361
-2595.755408372139
-2574.840827275292
-2568.3090389413196
-2506.407903140582
-2387.497836097114
-2403.824433769252
-2395.1572437460068
-2507.05222770503
-2440.4979166802727
-2322.4443488823636
-2590.897151762376
-2567.852723503711
-2556.8310943712168
-2499.064193938413
-2380.1000808597764
-2573.690409349307
-2544.204479534977
-2574.8479543351737
-2511.5827544247295
-2400.219156982421
-2581.7549554459138
-2545.8306210426235
-2553.665656121401
-2501.8434273139055
-2399.49286280717
-2571.3963963303013
-2561.4367580955313
-2563.7803332020535
-2505.6635850685643
-2391.655729138104
-2569.9642283903486
-2544.204479534977
-2573.867557159539
-2505.1656858398737
-2410.551266438442
-2477.1191749330833
-2526.390359473883
-2508.622727629125
-2442.0731526247114
-2309.6054955510294
-2567.246070811503
-2536.63260454755
-2548.5147637978603
-2461.758225304361
-2366.1196683280805
-2535.398695646687
-2526.290202051825
-2555.082523168533
-2481.315264362042
-2393.2811239963885
-2589.8240558231423
-2583.5834946488008
-2570.8041258989356
-2516.3661799382326
-2409.3685698916643
-2614.1964706163194
-2573.646424720049
-2560.8791799964347
-2505.7120785120005
-2418.249982929006
-2614.1964706163194
-2573.646424720049
-2560.8791799964347
-2505.7120785120005
-2418.249982929006
-2582.4006468849266
-2557.5564284817747
-2571.329541121855
-2473.2376615114354
-2409.2065726584506
-2604.5872141785367
-2572.612193017382
-2552.966846744918
-2505.9054991823605
-2417.4196957020567
-2602.1593666021104
-2571.6085886454634
-2568.9146076108086
-2513.0979232818277
-2408.587857741742
-2585.315965399149
-2589.2976267134436
-2564.6795261813577
-2512.6278555006706
-2412.3137216139107
-2480.2525107279816
-2524.1400512102896
-2503.128414931624
-2474.583785705191
-2317.80671135245
-2422.265402033706
-2361.463021735098
-2438.4879994516423
-2376.275831833124
-2309.9945307332514
-2600.6528638767372
-2559.0903754005813
-2571.0145644951476
-2486.3664352652813
-2394.881066889018
-2596.2063433072285
-2574.8265972476584
-2562.0144227735805
-2487.5342605352334
-2391.018757081243
-2583.932912989697
-2560.674698316073
-2543.4809503988417
-2497.2726898751826
-2391.188769782322
-2581.8895937269717
-2560.284855576841
-2561.445046174859
-2499.593722079101
-2397.2118791144203
-2596.2063433072285
-2574.8265972476584
-2562.0144227735805
-2487.5342605352334
-2391.018757081243
-2533.9305082523365
-2533.2091614390006
-2551.9531316353446
-2465.041027701195
-2330.0888850266265
-2578.581246025968
-2565.236253483309
-2557.1702484210273
-2492.853174923287
-2379.8110304424804
-2576.3828276854183
-2544.810501991258
-2565.108909766241
-2494.9580743934434
-2401.709986818266
-2432.533152163671
-2444.7447190071025
-2500.384607581515
-2442.8209528681014
-2327.24167610283
[INFO][smbo.py:327] Finished 50 trials.
-2519.298732611406
-2522.9391854576206
-2559.0965111869905
-2466.0903805111725
-2350.676147258751
-2591.933107458607
-2562.68054726061
-2541.444389237131
-2512.411755047579
-2411.344454051019
-2428.493861955036
-2441.9952983901208
-2521.2873292973914
-2429.11395531333
-2310.2681261603975
-2432.533152163671
-2444.7447190071025
-2500.384607581515
-2442.8209528681014
-2327.24167610283
-2517.6456354502907
-2520.9093959744246
-2531.2915475127106
-2448.816347236306
-2352.827116821232
-2432.533152163671
-2444.7447190071025
-2500.384607581515
-2442.8209528681014
-2327.24167610283
-2610.154587594271
-2578.6271742862536
-2554.8518017001425
-2507.4131793172232
-2401.163848276894
-2429.4449143215834
-2365.2259829497116
-2501.3667320393533
-2398.5185164440463
-2296.251213025066
-2582.3544496137597
-2563.0921575336283
-2550.4586734190825
-2505.912706876592
-2414.413237112564
-2583.253883011776
-2560.4902053590895
-2550.4586734190825
-2505.9112022001555
-2414.413249964039
-2614.1964706163194
-2573.646424720049
-2560.8791799964347
-2505.7120785120005
-2418.249982929006
-2583.253883011776
-2560.4902053590895
-2550.4586734190825
-2505.9112022001555
-2414.413249964039
-2533.5093518736708
-2523.715931688497
-2549.3388998887713
-2477.605712193672
-2390.246840784331
-2583.253883011776
-2560.4902053590895
-2550.4586734190825
-2505.9112022001555
-2414.413249964039
-2530.257446796271
-2537.843759799658
-2545.0662958968887
-2468.383540493182
-2377.3102388768807
-2559.9499226454714
-2560.698205783744
-2529.8672044637824
-2505.093351131266
-2381.556859488296
-2585.542868239243
-2562.8152104333562
-2559.9684380443446
-2502.7501985163017
-2402.0922399090005
-2402.8708323744772
-2410.292806075793
-2529.7040202478674
-2452.4798581161513
-2346.997099817372
-2614.1964706163194
-2573.646424720049
-2560.8791799964347
-2505.7120785120005
-2418.249982929006
-2590.172904478616
-2575.5774561540493
-2574.660029630742
-2504.117673804408
-2406.649225867909
-2590.172904478616
-2575.5774561540493
-2574.660029630742
-2504.117673804408
-2406.649225867909
-2580.3728906179877
-2570.4290736122957
-2558.7122411241035
-2499.417067309386
-2391.0763690434856
-2590.172904478616
-2575.5774561540493
-2574.660029630742
-2504.117673804408
-2406.649225867909
-2607.4123134070987
-2558.190491774644
-2537.7368227491575
-2488.8712948406014
-2394.2212177970437
-2518.4262557755073
-2413.1752996473747
-2513.0318484652403
-2431.5863792326795
-2338.835829227336
-2592.515767731817
-2555.885070934238
-2567.7600290032437
-2500.368935670829
-2405.0630692468067
-2595.534432951441
-2542.8834624085243
-2557.7910969646764
-2494.3160054926675
-2414.244644729551
-2595.534432951441
-2542.8834624085243
-2557.7910969646764
-2494.3160054926675
-2414.244644729551
-2592.515767731817
-2555.885070934238
-2567.7600290032437
-2500.368935670829
-2405.0630692468067
-2595.404082568135
-2556.6536753631476
-2560.542836286177
-2469.1033538196307
-2388.9051372876115
-2571.8114589671336
-2522.4047045112297
-2573.3152762744867
-2493.2280655663244
-2372.8136401198035
-2498.8081704732863
-2528.2188557559357
-2532.19082856198
-2441.0505719552143
-2341.6451672292915
-2602.8098343377997
-2575.203878453853
-2553.4644773994924
-2501.2331704378194
-2381.289776191361
-2519.6598321273727
-2568.443263966296
-2539.0369994164116
-2480.6742734023032
-2352.950327277872
-2614.1964706163194
-2573.646424720049
-2560.8791799964347
-2505.7120785120005
-2418.249982929006
-2614.1964706163194
-2573.646424720049
-2560.8791799964347
-2505.7120785120005
-2418.249982929006
-2553.8517247690475
-2525.498543395796
-2565.013222216237
-2474.547544911991
-2367.9613228381368
-2614.1964706163194
-2573.646424720049
-2560.8791799964347
-2505.7120785120005
-2418.249982929006
-2526.0630656712106
-2486.521743666715
-2546.629674935528
-2431.216037767915
-2300.72859430835
-2614.1964706163194
-2573.646424720049
-2560.8791799964347
-2505.7120785120005
-2418.249982929006
-2568.1733181037666
-2532.2110309673008
-2562.089106517442
-2489.791831028617
-2369.771647975662
-2527.677119914106
-2480.440898384017
-2539.389640070494
-2420.58482831753
-2334.447952668432
-2539.414214745436
-2542.723474801115
-2537.5267880931633
-2484.6293971304167
-2391.356649560392
-2614.1964706163194
-2573.646424720049
-2560.8791799964347
-2505.7120785120005
-2418.249982929006
-2573.128097300534
-2531.342235516951
-2562.6154457397874
-2493.5229978518014
-2369.929241083497
-2584.364068033144
-2553.7115514054126
-2556.4878831726382
-2504.699102826176
-2375.0886717812277
-2547.285619405099
-2547.768617543381
-2547.491484351566
-2471.788473394162
-2395.3049622825306
-2493.335198401708
-2506.3325159738315
-2543.887730722693
-2423.1096042186737
-2308.747773803124
-2614.1964706163194
-2573.646424720049
-2560.8791799964347
-2505.7120785120005
-2418.249982929006
-2614.1964706163194
-2573.646424720049
-2560.8791799964347
-2505.7120785120005
-2418.249982929006
[INFO][smbo.py:327] Finished 100 trials.
[INFO][smbo.py:335] Configuration budget is exhausted:
[INFO][smbo.py:336] --- Remaining wallclock time: inf
[INFO][smbo.py:337] --- Remaining cpu time: inf
[INFO][smbo.py:338] --- Remaining trials: 0
