Using file: ../data/A1_data_ela_normalized_with_precisions/A1_B150_5D_ela.csv
[INFO][abstract_initial_design.py:87] Reducing the number of initial configurations from 60 to 25 (max_ratio == 0.25).
[INFO][abstract_initial_design.py:139] Using 25 initial design configurations and 0 additional configurations.
[INFO][abstract_intensifier.py:307] Using only one seed for deterministic scenario.
-2491.524271886087
-2529.1491309549237
-2577.3052877521354
-2452.938487701942
-2375.8569750290517
[INFO][abstract_intensifier.py:517] Added config 26fdc2 as new incumbent because there are no incumbents yet.
-2601.6751879148646
-2567.890807380557
-2597.80404691697
-2460.2520661403614
-2425.625566189866
[INFO][abstract_intensifier.py:596] Added config 8a205f and rejected config 26fdc2 as incumbent because it is not better than the incumbents on 1 instances: 
-2455.177300307113
-2537.792345435399
-2585.5136658579577
-2434.7870552644986
-2375.670274949638
-2597.950506709718
-2580.9658580478053
-2592.7559318377143
-2484.9478237047697
-2433.0567066072035
[INFO][abstract_intensifier.py:596] Added config 71b0a5 and rejected config 8a205f as incumbent because it is not better than the incumbents on 1 instances: 
-2597.7534738859367
-2567.799179425122
-2602.6901509698528
-2481.9030175642088
-2444.8126189704744
[INFO][abstract_intensifier.py:596] Added config 87cf8a and rejected config 71b0a5 as incumbent because it is not better than the incumbents on 1 instances: 
-2437.449688083134
-2471.4363101409936
-2576.265538468033
-2425.5087469542755
-2352.5605430352525
-2600.1178642587574
-2568.042271797111
-2610.777424441135
-2463.9696272986557
-2436.1404467761417
-2448.14277576954
-2517.455012641714
-2548.4095777375887
-2435.965262915685
-2361.6031170510087
-2584.1813802985716
-2578.7080314571645
-2633.9425609010755
-2478.9649153655355
-2444.1546157638945
[INFO][abstract_intensifier.py:596] Added config b7ad6c and rejected config 87cf8a as incumbent because it is not better than the incumbents on 1 instances: 
-2460.7739749147363
-2536.1376047409976
-2547.165322471802
-2457.5349220776366
-2369.5493298201427
-2560.8100967489454
-2560.055339282413
-2610.957129667117
-2468.932681910156
-2405.8951726581713
-2396.2074059740917
-2523.855486356104
-2559.2290995937337
-2403.1949930923975
-2353.560744496267
-2489.2381182837344
-2552.9541783944555
-2590.0578921680517
-2425.7758533971537
-2387.4127332901026
-2557.9988169424764
-2578.928967172372
-2615.7814537065465
-2446.1771049019735
-2428.146958716504
-2488.150018522927
-2533.6541764608432
-2564.913643396658
-2399.264876454938
-2353.9095734348975
-2557.4067998694013
-2573.69022617399
-2591.3171836527586
-2480.8782383525395
-2427.1251411312896
-2530.614465851832
-2546.104633253719
-2563.9343941267575
-2399.4744090473064
-2385.5888986532627
-2591.6775881303674
-2574.4638942469214
-2590.115730252035
-2478.0022829936524
-2425.475865398207
-2542.9737182531203
-2556.3673267081117
-2586.9097557705186
-2441.553846318421
-2392.2728107191692
-2492.0555090791577
-2524.053687409062
-2570.3668842179814
-2452.930797893526
-2337.2180884604577
-2567.7058181494313
-2542.445200739487
-2591.126262384116
-2474.5689210353294
-2435.4069144464975
-2528.835401191901
-2540.027596293082
-2560.951725791221
-2440.5097596313144
-2369.2863636584557
-2609.2184322550374
-2572.787176455048
-2611.035524375836
-2473.6819804846714
-2440.495536977607
-2417.594024755434
-2509.514456189341
-2547.713249593948
-2409.494604551548
-2369.1112310900508
-2590.253730001433
-2576.8647960547105
-2588.874998440149
-2447.4197964945915
-2446.5532094922282
-2609.4258857914833
-2572.3900201498495
-2611.089955168899
-2500.4889813970744
-2442.38075768523
[INFO][abstract_intensifier.py:596] Added config 8081ee and rejected config b7ad6c as incumbent because it is not better than the incumbents on 1 instances: 
-2592.435840076845
-2564.1950322743614
-2592.116545651196
-2489.2131695437265
-2430.494677650715
-2600.679642119671
-2577.0357575708695
-2639.0470997287057
-2475.068974079327
-2447.6757441531736
[INFO][abstract_intensifier.py:596] Added config 52f6e9 and rejected config 8081ee as incumbent because it is not better than the incumbents on 1 instances: 
-2567.9690418284654
-2576.2758878094837
-2575.3037447588404
-2454.8740367483624
-2422.359969360359
-2485.254135887115
-2543.042234708383
-2547.9891117215284
-2464.102830555376
-2345.4469212976524
-2574.0963171982694
-2556.600326608136
-2580.9998995773785
-2452.7148007962596
-2419.2723290340145
-2589.1516324725476
-2560.803467389279
-2592.337207414522
-2475.1568423383487
-2366.0966080105
-2602.6618332783687
-2582.2816409416505
-2627.364471057535
-2462.776117165976
-2427.6032105578215
-2597.8088928394072
-2580.869154251406
-2615.170242316091
-2468.1821649113467
-2437.5246670157103
-2610.395865787447
-2579.368543620769
-2631.161933346104
-2479.5639394651885
-2442.6441910121243
[INFO][abstract_intensifier.py:596] Added config a4394d and rejected config 52f6e9 as incumbent because it is not better than the incumbents on 1 instances: 
-2595.2850743764666
-2581.286760149925
-2617.641077595961
-2471.177260461836
-2430.469701713599
-2593.470108113902
-2562.7374575864897
-2592.5459570419116
-2469.5893517585937
-2431.5188027807208
-2563.3869128860965
-2585.3699866548686
-2588.144966684845
-2487.042987104262
-2439.403814046486
-2563.3869128860965
-2585.3699866548686
-2588.144966684845
-2487.042987104262
-2439.403814046486
-2492.826908665261
-2523.8077885307875
-2576.80143124576
-2416.267857372908
-2380.548374638313
-2413.7943624608733
-2431.4964631898592
-2546.4811195055195
-2413.453223744423
-2334.8606373248745
-2615.788639315683
-2580.129426359974
-2631.0010821628716
-2470.4971056433105
-2442.6076505588076
-2615.788639315683
-2580.129426359974
-2631.0010821628716
-2470.4971056433105
-2442.6076505588076
-2615.788639315683
-2580.129426359974
-2631.0010821628716
-2470.4971056433105
-2442.6076505588076
-2615.788639315683
-2580.129426359974
-2631.0010821628716
-2470.4971056433105
-2442.6076505588076
-2517.9383674911724
-2565.1277564946026
-2589.158979602231
-2461.8082643282783
-2376.5239499504814
-2611.3436233553293
-2585.0927869181387
-2620.1607083034987
-2487.1066307687433
-2453.898543211906
[INFO][abstract_intensifier.py:596] Added config 11ba04 and rejected config a4394d as incumbent because it is not better than the incumbents on 1 instances: 
-2599.7583914409706
-2580.6009616929878
-2627.445383448234
-2467.5232571969364
-2438.935798008084
-2610.395865787447
-2579.368543620769
-2631.161933346104
-2479.5639394651885
-2442.6441910121243
-2589.3339189082426
-2587.982156317539
-2610.1589841180257
-2482.879957595789
-2443.3704629696736
[INFO][smbo.py:327] Finished 50 trials.
-2583.6224486623155
-2575.8489261587615
-2615.2779238120584
-2468.66550143067
-2453.4591112014987
-2630.757595446108
-2573.530223555612
-2616.225760010763
-2479.4408992056888
-2434.968253049244
-2595.6744309288415
-2571.3313603121896
-2615.51887916796
-2484.808242644405
-2438.005363192002
-2498.996038734751
-2553.457770406622
-2573.7361821437717
-2454.884442829578
-2392.8722143342507
-2586.2028851119785
-2575.7470395408227
-2623.7423438741075
-2485.7205577459736
-2431.7524723799747
-2596.5639402409147
-2567.988131955226
-2608.311613621883
-2482.53034716013
-2449.3713073275785
-2431.110732261338
-2520.5471317259776
-2540.657741938461
-2438.0624221337407
-2356.6384811007783
-2600.871000706404
-2589.1118023625486
-2630.41726259009
-2475.0753142944463
-2447.2373348721553
-2599.7509875905453
-2588.475630054616
-2629.787171839357
-2475.200708999245
-2446.489524456668
-2602.558062394823
-2586.869554445951
-2629.4564770922557
-2477.0469319325316
-2457.270272569507
-2599.7509875905453
-2588.475630054616
-2629.787171839357
-2475.200708999245
-2446.489524456668
-2541.713600294937
-2543.0862521123668
-2575.4033892830635
-2450.9651121382412
-2388.4744404086437
-2592.623439946186
-2584.2986904418844
-2634.795632651283
-2486.5586539293436
-2441.0080661151555
-2592.623439946186
-2584.2986904418844
-2634.795632651283
-2486.5586539293436
-2441.0080661151555
-2534.2955731826014
-2552.7302374165747
-2573.8802098398833
-2464.055301396813
-2429.5443463706356
-2588.9657812294454
-2577.6858419085393
-2578.418885567107
-2493.522473483213
-2430.1435605422516
-2412.0949913936856
-2525.606518547849
-2534.4726311116824
-2432.585541863983
-2366.6669739489225
-2573.466649018102
-2577.5208566452498
-2583.7601282049286
-2503.067564169392
-2430.3080277385407
-2587.0841729286894
-2578.058836021099
-2591.9276052292084
-2492.2166795651124
-2431.44285606671
-2587.351736084018
-2568.254415729143
-2604.255764632485
-2463.5207378443174
-2431.2360786407144
-2557.0520694704583
-2567.1649692823667
-2583.905943671794
-2492.1336420410007
-2418.5769099172
-2608.0763370591076
-2561.943348773244
-2606.045298273106
-2474.599770279852
-2444.1370983626643
-2601.726239215776
-2561.972991869413
-2611.6086863911564
-2476.913196126475
-2443.1443643651546
-2433.319833854293
-2525.3330366188206
-2572.1157635810164
-2450.921713843507
-2332.73820753042
-2610.1983908469115
-2581.4425295780547
-2627.402510464175
-2484.5569795833217
-2451.4668929078425
-2611.780070330088
-2581.077474619984
-2629.0916429934286
-2485.5471702788836
-2450.8930486248055
[INFO][abstract_intensifier.py:596] Added config 61b164 and rejected config 11ba04 as incumbent because it is not better than the incumbents on 1 instances: 
-2594.5804326001107
-2579.7904606390593
-2623.286263309944
-2475.044191233281
-2439.1325391364753
-2594.5804326001107
-2579.7904606390593
-2623.286263309944
-2475.044191233281
-2439.1325391364753
-2594.475067474578
-2579.714722815783
-2622.603206996404
-2475.0441920414273
-2443.235310941757
-2596.664871588187
-2564.8232060127957
-2625.5431896900586
-2477.2303616674535
-2439.2068301953664
-2606.474340995031
-2567.2702329476
-2633.4196874536947
-2478.018600820418
-2445.2354461097198
-2575.39574861887
-2529.345559549696
-2583.655455486472
-2448.812114611679
-2361.3948164735752
-2594.9858057353067
-2568.402191074891
-2581.880278614421
-2435.610695752102
-2414.0112993978746
-2615.3856970318075
-2585.1046276889138
-2624.451023970625
-2484.7942994986734
-2451.8570501071868
[INFO][abstract_intensifier.py:596] Added config 56e95f and rejected config 61b164 as incumbent because it is not better than the incumbents on 1 instances: 
-2611.3923823208197
-2585.15947126444
-2620.016263442514
-2487.062661214363
-2452.5427614066484
-2611.3923823208197
-2585.15947126444
-2620.016263442514
-2487.062661214363
-2452.5427614066484
-2614.5767697133206
-2581.2802254843687
-2621.663028929659
-2487.073537700302
-2453.9960997558555
-2615.3856970318075
-2585.1046276889138
-2624.451023970625
-2484.7942994986734
-2451.8570501071868
-2615.3856970318075
-2585.1046276889138
-2624.451023970625
-2484.7942994986734
-2451.8570501071868
-2421.121577116882
-2528.375260653247
-2540.165344090222
-2429.9700291843606
-2351.1714105493757
-2615.3856970318075
-2585.1046276889138
-2624.451023970625
-2484.7942994986734
-2451.8570501071868
-2570.9612615590745
-2566.9972200669
-2584.2068940763456
-2473.1632592688193
-2425.3591066029758
-2615.3856970318075
-2585.1046276889138
-2624.451023970625
-2484.7942994986734
-2451.8570501071868
-2615.3856970318075
-2585.1046276889138
-2624.451023970625
-2484.7942994986734
-2451.8570501071868
-2463.341788075062
-2517.4807025323485
-2560.66029077837
-2395.8573948751146
-2373.830463835156
-2430.6619458271766
-2477.678058935545
-2532.852118469954
-2403.491819569501
-2316.9789813336793
-2615.3856970318075
-2585.1046276889138
-2624.451023970625
-2484.7942994986734
-2451.8570501071868
-2582.4481117114556
-2563.313806305717
-2605.1098687459444
-2486.659006930745
-2443.8440715401907
-2583.6496324581103
-2564.7111761708466
-2612.4898989422736
-2485.7783988864803
-2452.9611685346035
-2601.1769151146677
-2554.462444693586
-2622.7662948338593
-2490.2504951812543
-2439.5154407497644
[INFO][smbo.py:327] Finished 100 trials.
[INFO][smbo.py:335] Configuration budget is exhausted:
[INFO][smbo.py:336] --- Remaining wallclock time: inf
[INFO][smbo.py:337] --- Remaining cpu time: inf
[INFO][smbo.py:338] --- Remaining trials: 0
