[INFO][abstract_initial_design.py:87] Reducing the number of initial configurations from 50 to 25 (max_ratio == 0.25).
[INFO][abstract_initial_design.py:139] Using 25 initial design configurations and 0 additional configurations.
[INFO][abstract_intensifier.py:307] Using only one seed for deterministic scenario.
[INFO][abstract_intensifier.py:517] Added config c4a454 as new incumbent because there are no incumbents yet.
[INFO][abstract_intensifier.py:596] Added config 0affcf and rejected config c4a454 as incumbent because it is not better than the incumbents on 1 instances: 
[INFO][abstract_intensifier.py:596] Added config 01b0f4 and rejected config 0affcf as incumbent because it is not better than the incumbents on 1 instances: 
[INFO][abstract_intensifier.py:596] Added config 8b738e and rejected config 01b0f4 as incumbent because it is not better than the incumbents on 1 instances: 
[INFO][abstract_intensifier.py:596] Added config 6aab7b and rejected config 8b738e as incumbent because it is not better than the incumbents on 1 instances: 
[INFO][abstract_intensifier.py:596] Added config 43cccb and rejected config 6aab7b as incumbent because it is not better than the incumbents on 1 instances: 
[INFO][abstract_intensifier.py:596] Added config 9e83cf and rejected config 43cccb as incumbent because it is not better than the incumbents on 1 instances: 
[INFO][abstract_intensifier.py:596] Added config 35de93 and rejected config 9e83cf as incumbent because it is not better than the incumbents on 1 instances: 
[INFO][smbo.py:327] Finished 50 trials.
[INFO][abstract_intensifier.py:596] Added config cf9a32 and rejected config 35de93 as incumbent because it is not better than the incumbents on 1 instances: 
[INFO][abstract_intensifier.py:596] Added config 7c7a4f and rejected config cf9a32 as incumbent because it is not better than the incumbents on 1 instances: 
[INFO][smbo.py:327] Finished 100 trials.
[INFO][smbo.py:335] Configuration budget is exhausted:
[INFO][smbo.py:336] --- Remaining wallclock time: inf
[INFO][smbo.py:337] --- Remaining cpu time: inf
[INFO][smbo.py:338] --- Remaining trials: 0
Saved untrained lookahead model for budget 150, t+7 to ../data/models/untrained_models/lookahead_models_untrained/lookahead_model_B150_t7_untrained.pkl
Saved lookahead model for budget 150, t+7 to ../data/models/tuned_models/lookahead_models_trained/lookahead_model_B150_t7_trained.pkl
