[INFO][abstract_initial_design.py:87] Reducing the number of initial configurations from 50 to 25 (max_ratio == 0.25).
[INFO][abstract_initial_design.py:139] Using 25 initial design configurations and 0 additional configurations.
[INFO][abstract_intensifier.py:307] Using only one seed for deterministic scenario.
[INFO][abstract_intensifier.py:517] Added config c4a454 as new incumbent because there are no incumbents yet.
[INFO][abstract_intensifier.py:596] Added config 0affcf and rejected config c4a454 as incumbent because it is not better than the incumbents on 1 instances: 
[INFO][abstract_intensifier.py:596] Added config 01b0f4 and rejected config 0affcf as incumbent because it is not better than the incumbents on 1 instances: 
[INFO][abstract_intensifier.py:596] Added config 555bc3 and rejected config 01b0f4 as incumbent because it is not better than the incumbents on 1 instances: 
[INFO][abstract_intensifier.py:596] Added config b813c0 and rejected config 555bc3 as incumbent because it is not better than the incumbents on 1 instances: 
[INFO][abstract_intensifier.py:596] Added config 8af565 and rejected config b813c0 as incumbent because it is not better than the incumbents on 1 instances: 
[INFO][abstract_intensifier.py:596] Added config 43cccb and rejected config 8af565 as incumbent because it is not better than the incumbents on 1 instances: 
[INFO][abstract_intensifier.py:596] Added config 51c912 and rejected config 43cccb as incumbent because it is not better than the incumbents on 1 instances: 
[INFO][smbo.py:327] Finished 50 trials.
[INFO][abstract_intensifier.py:596] Added config d5c8f6 and rejected config 51c912 as incumbent because it is not better than the incumbents on 1 instances: 
[INFO][abstract_intensifier.py:596] Added config 2959a0 and rejected config d5c8f6 as incumbent because it is not better than the incumbents on 1 instances: 
[INFO][abstract_intensifier.py:596] Added config 8f752a and rejected config 2959a0 as incumbent because it is not better than the incumbents on 1 instances: 
[INFO][abstract_intensifier.py:596] Added config 097de3 and rejected config 8f752a as incumbent because it is not better than the incumbents on 1 instances: 
[INFO][abstract_intensifier.py:596] Added config e791f0 and rejected config 097de3 as incumbent because it is not better than the incumbents on 1 instances: 
[INFO][smbo.py:327] Finished 100 trials.
[INFO][smbo.py:335] Configuration budget is exhausted:
[INFO][smbo.py:336] --- Remaining wallclock time: inf
[INFO][smbo.py:337] --- Remaining cpu time: inf
[INFO][smbo.py:338] --- Remaining trials: 0
Saved untrained lookahead model for budget 150, t+10 to ../data/models/untrained_models/lookahead_models_untrained/lookahead_model_B150_t10_untrained.pkl
Saved lookahead model for budget 150, t+10 to ../data/models/tuned_models/lookahead_models_trained/lookahead_model_B150_t10_trained.pkl
