Using file: ../data/A1_data_ela_normalized_with_precisions/A1_B200_5D_ela.csv
[INFO][abstract_initial_design.py:87] Reducing the number of initial configurations from 60 to 25 (max_ratio == 0.25).
[INFO][abstract_initial_design.py:139] Using 25 initial design configurations and 0 additional configurations.
[INFO][abstract_intensifier.py:307] Using only one seed for deterministic scenario.
-2546.039146123187
-2560.7969601406467
-2579.1230506025704
-2465.493580296244
-2384.0974644542785
[INFO][abstract_intensifier.py:517] Added config 26fdc2 as new incumbent because there are no incumbents yet.
-2609.4891931280954
-2574.4046500072714
-2593.8493751149076
-2488.644082052029
-2445.3162077999427
[INFO][abstract_intensifier.py:596] Added config 8a205f and rejected config 26fdc2 as incumbent because it is not better than the incumbents on 1 instances: 
-2516.2670183410314
-2537.396710556775
-2561.525078782277
-2453.491855626372
-2386.9031131123334
-2597.679840521897
-2579.1267137650266
-2588.1136790649434
-2504.0295531727506
-2457.0408577791036
[INFO][abstract_intensifier.py:596] Added config 71b0a5 and rejected config 8a205f as incumbent because it is not better than the incumbents on 1 instances: 
-2590.187585036897
-2580.1477860742325
-2593.048089454285
-2489.072511402172
-2438.452683435239
-2462.383440464472
-2515.386535743139
-2508.433249314585
-2441.038948401707
-2342.824300118666
-2581.8654383324483
-2576.534833217786
-2584.3554274595076
-2507.0121656076617
-2459.0304108625564
-2490.081593156291
-2529.012688238522
-2556.3093814433028
-2490.3433756245904
-2382.41957629976
-2625.324343457395
-2590.6343639563393
-2595.7927047959565
-2507.9014988119734
-2470.6333300670763
[INFO][abstract_intensifier.py:596] Added config b7ad6c and rejected config 71b0a5 as incumbent because it is not better than the incumbents on 1 instances: 
-2535.933370699546
-2512.192808671379
-2558.814941762094
-2436.407562518364
-2382.0647633543217
-2550.849486354709
-2569.4599141370045
-2580.799736262778
-2463.0368915763943
-2405.1182609780626
-2425.7593405623484
-2540.3429434617574
-2538.257810859024
-2425.5379416349647
-2341.269806901842
-2546.404501633929
-2555.8369559765024
-2577.65257745229
-2445.310519337734
-2400.119964544467
-2618.14257133693
-2574.7357721076887
-2591.8581879527874
-2484.096568974215
-2470.246428115077
-2531.908775433735
-2566.057639343845
-2572.3483526950035
-2452.9960485059482
-2391.4782524169423
-2567.645986811018
-2576.2576051806354
-2594.284425173157
-2485.1963642181486
-2448.810900012033
-2503.5685138291374
-2531.4435807098266
-2556.450779425269
-2418.7248917917977
-2386.6425583763703
-2606.252655867623
-2590.385549363476
-2612.1482258189867
-2478.654705969497
-2459.331944538728
-2533.4504586078365
-2555.871188762048
-2559.947501786086
-2455.5335479956802
-2401.5693972984805
-2526.0413754738356
-2561.8429276083
-2552.1607298186673
-2458.595338667552
-2397.1359654794287
-2539.2223575288594
-2557.95061337714
-2591.5560379295575
-2495.439912054727
-2464.131989432663
-2488.808532065482
-2541.6093381066053
-2574.7596365494805
-2457.430232706749
-2371.243854205182
-2607.1597736404583
-2575.33980832967
-2595.188462664064
-2483.129184172491
-2461.8985695597653
-2448.7999010581893
-2519.503013920724
-2542.3755934136107
-2428.274533770931
-2346.126430765933
-2570.1058344877015
-2576.9124376228324
-2585.5925965889764
-2487.5500642982256
-2438.6407118718
-2638.0009020728266
-2603.260257381229
-2584.4197967375153
-2510.0226573330524
-2457.301864117443
[INFO][abstract_intensifier.py:596] Added config 5f2f53 and rejected config b7ad6c as incumbent because it is not better than the incumbents on 1 instances: 
-2613.622304977587
-2594.4102572681627
-2611.2050756185554
-2517.5425316393516
-2463.433232235267
[INFO][abstract_intensifier.py:596] Added config 436932 and rejected config 5f2f53 as incumbent because it is not better than the incumbents on 1 instances: 
-2621.3028153134046
-2595.5693051489507
-2596.2593971153037
-2513.1320282965535
-2463.8252888138677
-2606.6580769613192
-2581.5626758969092
-2592.899700354243
-2489.530396774694
-2456.6826027362704
-2491.7918657319638
-2530.5292179666485
-2566.5450642236547
-2450.884684207591
-2400.7585438871356
-2546.4965951180675
-2567.3225620146313
-2572.29688619026
-2481.717068713386
-2440.6058016164307
-2585.162041475033
-2572.8174569826606
-2597.712115003194
-2477.963558395476
-2415.4871185256347
-2594.285284004868
-2581.229496930153
-2597.9366143799425
-2465.07232001185
-2467.5769315783505
-2615.509951347277
-2592.7824768346354
-2610.929880265982
-2503.150665409532
-2464.747745840514
-2614.6396382652174
-2583.2767021890386
-2597.1502202654237
-2518.308200710824
-2453.0395017094806
-2595.388017497808
-2600.7140091725764
-2582.028620489231
-2515.0610634271907
-2469.211459610924
-2625.7460809148693
-2600.4783531237717
-2593.891822036767
-2515.7138824615877
-2467.939747433195
[INFO][abstract_intensifier.py:596] Added config b6cd8e and rejected config 436932 as incumbent because it is not better than the incumbents on 1 instances: 
-2633.5998072379957
-2612.411174863372
-2613.690935175465
-2504.6051112951163
-2481.2124748980077
[INFO][abstract_intensifier.py:596] Added config 76fadd and rejected config b6cd8e as incumbent because it is not better than the incumbents on 1 instances: 
-2633.7174903006576
-2594.1378616353018
-2611.115299308288
-2525.492164696202
-2478.4961341583175
-2521.878784690911
-2565.8647893690704
-2571.2035732086733
-2463.8685138278506
-2384.1877662479637
-2466.5758440414666
-2475.4842850583996
-2462.1313364517155
-2422.0804369948123
-2342.7722831203364
-2609.790989879735
-2608.7008269429816
-2603.1997046584856
-2492.896127660087
-2466.5811555396435
-2609.0357597506095
-2602.466988115967
-2595.4313688372395
-2494.938417982318
-2464.282716659189
-2604.142956157078
-2606.16987092046
-2597.6042444933973
-2492.5868613274843
-2467.705873135069
-2604.142956157078
-2606.16987092046
-2597.6042444933973
-2492.5868613274843
-2467.705873135069
-2611.9610864331703
-2597.657540682254
-2607.286358383132
-2523.8903996613135
-2474.928660096226
-2542.999231883275
-2568.30098155579
-2580.823466706428
-2455.2231935521127
-2420.3526326959905
-2636.401864389745
-2599.9423465366135
-2610.142567899078
-2513.6987598400756
-2461.6973171142627
-2611.2118652165955
-2596.823919111659
-2605.9474703240785
-2523.5176216887617
-2475.175792247396
-2633.696127635689
-2600.043682468936
-2599.351520182736
-2500.4260731542336
-2469.1826441343683
[INFO][smbo.py:327] Finished 50 trials.
-2633.696127635689
-2600.043682468936
-2599.351520182736
-2500.4260731542336
-2469.1826441343683
-2589.1038901808342
-2571.26169521827
-2601.0640945159284
-2473.189211159511
-2439.0495348299123
-2606.119410578394
-2575.1761561386193
-2601.529630851506
-2498.3299717740374
-2459.867354700955
-2606.119410578394
-2575.1761561386193
-2601.529630851506
-2498.3299717740374
-2459.867354700955
-2538.5227338548484
-2569.618619177128
-2557.0741339096244
-2462.446183766691
-2392.2433838540724
-2606.119410578394
-2575.1761561386193
-2601.529630851506
-2498.3299717740374
-2459.867354700955
-2616.927988034955
-2584.0123750600314
-2609.250484661116
-2513.9006928871972
-2463.0271284219857
-2458.964270021119
-2506.736502886052
-2540.446478113792
-2465.7377567412004
-2363.0498164215205
-2638.662232584307
-2594.2872016129822
-2611.28017734182
-2525.3658014627545
-2478.496143528473
[INFO][abstract_intensifier.py:596] Added config 2c9ae4 and rejected config 76fadd as incumbent because it is not better than the incumbents on 1 instances: 
-2633.7174903006576
-2594.1378616353018
-2611.115299308288
-2525.492164696202
-2478.4961341583175
-2633.7174903006576
-2594.1378616353018
-2611.115299308288
-2525.492164696202
-2478.4961341583175
-2633.7174903006576
-2594.1378616353018
-2611.115299308288
-2525.492164696202
-2478.4961341583175
-2552.464473779939
-2567.1023421709538
-2558.9315863297234
-2449.1052105268195
-2390.087674961815
-2638.662232584307
-2594.2872016129822
-2611.28017734182
-2525.3658014627545
-2478.496143528473
-2633.7174903006576
-2594.1378616353018
-2611.115299308288
-2525.492164696202
-2478.4961341583175
-2602.373153773966
-2566.654374672405
-2580.2717846484134
-2479.0330737330114
-2409.1034363587178
-2636.7640448714214
-2592.7942636398207
-2608.5014591400486
-2525.4215786280956
-2477.88625118288
-2451.8609626538596
-2540.6851971511956
-2521.8319364202166
-2435.2306732092593
-2348.1931408355917
-2628.4680983709504
-2598.4196855033033
-2605.9231011527204
-2508.520281336871
-2465.133770809509
-2620.852524274951
-2593.6740190274872
-2608.3989480132723
-2521.0805887930787
-2467.5241706758607
-2628.7487923136864
-2598.632906991977
-2606.6388512207636
-2511.0320945384083
-2456.202623929467
-2631.6252372863705
-2600.1828966468292
-2596.745572528905
-2500.763056061797
-2461.2793959494375
-2638.662232584307
-2594.2872016129822
-2611.28017734182
-2525.3658014627545
-2478.496143528473
-2614.671383180711
-2605.982660744953
-2599.6931839890767
-2528.290933670832
-2450.774391823055
-2489.9809553548703
-2536.9048809567207
-2568.559827130976
-2452.7668688400167
-2360.1142086739364
-2615.687754432787
-2605.6676334431872
-2600.1759634883847
-2529.215973932101
-2450.7529614118475
-2614.671383180711
-2605.982660744953
-2599.6931839890767
-2528.290933670832
-2450.774391823055
-2622.7313141225104
-2589.5018705567977
-2606.767885315408
-2514.782766101449
-2476.7097737417384
-2632.275856033199
-2582.332851583079
-2604.751461054602
-2505.4108534612183
-2455.3072962518268
-2638.81276661
-2589.126448027505
-2596.4264670925563
-2518.5943369841775
-2466.874498157751
-2630.9604466319847
-2598.823762491847
-2607.003611333668
-2519.3942386476515
-2468.882408567811
-2525.905117770842
-2567.415357265037
-2557.5229745548254
-2449.367398184212
-2372.5880950808473
-2633.3243700313305
-2593.8189421740726
-2602.2772477009357
-2491.645843153413
-2467.321263427171
-2566.982691199818
-2573.21751188088
-2571.261487052083
-2463.7808759948543
-2378.4881191997138
-2633.050107141402
-2601.949729041309
-2606.245070078272
-2522.18532360893
-2458.904270643342
-2633.050107141402
-2601.949729041309
-2606.245070078272
-2522.18532360893
-2458.904270643342
-2633.050107141402
-2601.949729041309
-2606.245070078272
-2522.18532360893
-2458.904270643342
-2633.050107141402
-2601.949729041309
-2606.245070078272
-2522.18532360893
-2458.904270643342
-2633.050107141402
-2601.949729041309
-2606.245070078272
-2522.18532360893
-2458.904270643342
-2636.593819028236
-2593.909483058005
-2609.9298875620075
-2526.058821950482
-2478.4522826814027
-2636.593819028236
-2593.909483058005
-2609.9298875620075
-2526.058821950482
-2478.4522826814027
-2527.4926058489755
-2522.7284932859966
-2546.2679174978703
-2470.0676058843305
-2383.8541231985064
-2638.662232584307
-2594.2872016129822
-2611.28017734182
-2525.3658014627545
-2478.496143528473
-2601.561720174548
-2596.417957496866
-2612.7437337642477
-2485.3263447016325
-2453.686378024986
-2638.662232584307
-2594.2872016129822
-2611.28017734182
-2525.3658014627545
-2478.496143528473
-2638.662232584307
-2594.2872016129822
-2611.28017734182
-2525.3658014627545
-2478.496143528473
-2617.161483593409
-2574.024750701105
-2586.4145271691095
-2474.9161324636943
-2443.4844602811672
-2528.1358347691757
-2536.1244946431193
-2608.661283657513
-2477.7383764880083
-2447.941974949393
-2638.662232584307
-2594.2872016129822
-2611.28017734182
-2525.3658014627545
-2478.496143528473
-2638.662232584307
-2594.2872016129822
-2611.28017734182
-2525.3658014627545
-2478.496143528473
[INFO][smbo.py:327] Finished 100 trials.
[INFO][smbo.py:335] Configuration budget is exhausted:
[INFO][smbo.py:336] --- Remaining wallclock time: inf
[INFO][smbo.py:337] --- Remaining cpu time: inf
[INFO][smbo.py:338] --- Remaining trials: 0
