Using file: ../data/A1_data_ela_normalized_with_precisions/A1_B250_5D_ela.csv
[INFO][abstract_initial_design.py:87] Reducing the number of initial configurations from 60 to 25 (max_ratio == 0.25).
[INFO][abstract_initial_design.py:139] Using 25 initial design configurations and 0 additional configurations.
[INFO][abstract_intensifier.py:307] Using only one seed for deterministic scenario.
-2525.8154046590053
-2560.583275855501
-2552.890533527371
-2405.2873183926636
-2366.4041267678012
[INFO][abstract_intensifier.py:517] Added config 26fdc2 as new incumbent because there are no incumbents yet.
-2587.4499777682277
-2571.8192459707648
-2588.155394791133
-2471.6375237108514
-2444.8315384211114
[INFO][abstract_intensifier.py:596] Added config 8a205f and rejected config 26fdc2 as incumbent because it is not better than the incumbents on 1 instances: 
-2526.801735619691
-2532.9890754854223
-2582.775659516503
-2393.957383099636
-2397.6450229951015
-2594.5858365700255
-2578.0970308465703
-2595.8407797168975
-2475.0619367147606
-2455.4981696655777
[INFO][abstract_intensifier.py:596] Added config 71b0a5 and rejected config 8a205f as incumbent because it is not better than the incumbents on 1 instances: 
-2602.35187637144
-2581.6534935962372
-2583.9486298620313
-2447.819228276532
-2447.8292252759124
-2454.9734597010247
-2501.1979120257542
-2572.6912601907893
-2398.8241337531535
-2396.5558039246366
-2594.812741216334
-2566.804466489188
-2576.0240405347313
-2461.687314676196
-2446.3893376980704
-2481.421373654039
-2493.5292555287097
-2576.649131302024
-2426.5332480851016
-2376.7270344276985
-2617.5080824523457
-2593.222174804894
-2589.242000066166
-2512.292132700226
-2459.4393546623787
[INFO][abstract_intensifier.py:596] Added config b7ad6c and rejected config 71b0a5 as incumbent because it is not better than the incumbents on 1 instances: 
-2499.3699766744103
-2522.370419077476
-2565.344662194835
-2417.995437444534
-2375.8493148605553
-2603.808956210591
-2548.8258643265535
-2584.277064120505
-2457.921881147036
-2437.3879519427537
-2486.1881161482056
-2490.267327128334
-2544.822750468257
-2381.293769086681
-2371.9570564745286
-2530.277972374274
-2562.6538472460807
-2568.320495574144
-2431.232301892441
-2373.675489983113
-2570.8560939484996
-2569.241151007137
-2589.952811640474
-2465.2902778516955
-2451.751518026215
-2519.5381800860696
-2536.5159015709723
-2565.4883773928627
-2420.6474830916045
-2357.648950115202
-2539.686324466319
-2566.125765272226
-2599.4888737656684
-2472.1368126966745
-2426.3513654086364
-2524.9790081977185
-2560.957996733022
-2562.755481181807
-2390.7231248957887
-2341.8460682430086
-2616.8429627582386
-2592.408964179741
-2595.688745176239
-2506.763740531226
-2452.5016408327815
-2513.5572877996174
-2563.373033177879
-2558.224665783745
-2408.240982619637
-2362.3831215356686
-2467.5984438222595
-2541.789780750987
-2597.6278007239507
-2414.282023349684
-2389.604984795482
-2585.161929310625
-2549.030019817431
-2586.214689311786
-2480.363463094391
-2436.4023652827445
-2494.0428437628407
-2527.7552735453437
-2587.4880710530515
-2445.804247330038
-2415.5960038071007
-2601.007561149623
-2578.8235148493995
-2586.0858390482813
-2460.096006315587
-2448.444281597415
-2474.7668155595657
-2479.8571933641497
-2555.753908617102
-2384.2292147740573
-2364.849020964763
-2561.3504925363213
-2558.6677545814528
-2578.021402165939
-2480.4495883021855
-2454.8613236421497
-2595.1589288030823
-2580.001291784907
-2594.8760225833335
-2507.953447877049
-2456.6264085649727
-2602.4574511486876
-2567.68384664766
-2597.616271016894
-2506.681634505883
-2468.8020413181816
-2579.0765336907757
-2585.923730211623
-2596.0379623944727
-2488.7813917163166
-2467.0751326873824
-2598.491228945537
-2578.1533463191317
-2609.4723050940493
-2482.1328700314566
-2473.0820332491985
-2501.0488230401693
-2487.6202462494794
-2580.6814413926622
-2417.02982373785
-2405.4366444834186
-2552.0476206610083
-2570.6709796757773
-2573.0938914922535
-2461.809098900156
-2440.265333598585
-2575.994925243708
-2569.4564148632994
-2572.162775351732
-2438.0085299906345
-2416.627463716776
-2611.083897120873
-2600.417789248476
-2597.491975647393
-2495.878083084397
-2473.294309002354
[INFO][abstract_intensifier.py:596] Added config 4a6771 and rejected config b7ad6c as incumbent because it is not better than the incumbents on 1 instances: 
-2607.5654854616346
-2584.2164303479694
-2594.7250007426137
-2493.559608298665
-2454.6298438750136
-2610.6538521748816
-2584.449412620298
-2595.099810836504
-2495.3400348464675
-2470.1955375147572
-2606.2263330886863
-2586.330229772403
-2593.2325265113323
-2490.6610043846513
-2454.7881227608273
-2606.4810964848593
-2595.456727819746
-2591.391220641952
-2503.4447029581806
-2472.5790967631306
-2619.2285435666217
-2590.1895504410004
-2591.193441496612
-2501.7238640122437
-2471.104836350096
-2614.0751238087964
-2590.5881238837874
-2601.613388317425
-2471.3097846373803
-2461.564833599753
-2508.82792018831
-2546.799066744523
-2543.2846655096323
-2380.482889872763
-2364.403431939518
-2457.8848205640347
-2431.09635523254
-2523.969333997602
-2393.509372639558
-2370.4031964597943
-2610.736389257193
-2599.705158994567
-2594.1397993388823
-2487.1187712309775
-2472.300534149742
-2610.736389257193
-2599.705158994567
-2594.1397993388823
-2487.1187712309775
-2472.300534149742
-2610.736389257193
-2599.705158994567
-2594.1397993388823
-2487.1187712309775
-2472.300534149742
-2610.736389257193
-2599.705158994567
-2594.1397993388823
-2487.1187712309775
-2472.300534149742
-2610.736389257193
-2599.705158994567
-2594.1397993388823
-2487.1187712309775
-2472.300534149742
-2548.5620725141735
-2562.3450455816396
-2597.9521512273077
-2413.8821014404784
-2388.064185086998
-2610.736389257193
-2599.705158994567
-2594.1397993388823
-2487.1187712309775
-2472.300534149742
-2609.1616043989943
-2600.8123083062437
-2600.1850058403757
-2494.123406426986
-2473.065799822632
-2612.666979415924
-2595.8222783592946
-2600.782233150549
-2501.188581474003
-2458.3135630841525
[INFO][smbo.py:327] Finished 50 trials.
-2612.666979415924
-2595.8222783592946
-2600.782233150549
-2501.188581474003
-2458.3135630841525
-2596.6083806654997
-2587.5550593774205
-2582.6010377093094
-2460.5733846202793
-2457.196873659514
-2588.6508542045053
-2587.5481467193463
-2596.624015286471
-2498.8714928168474
-2467.7217532685772
-2588.6508542045053
-2587.5481467193463
-2596.624015286471
-2498.8714928168474
-2467.7217532685772
-2529.4156577939693
-2544.127357822229
-2558.004599808328
-2420.9989883987837
-2374.4684782574454
-2601.9668406946394
-2586.605410130989
-2599.5882355332606
-2514.3638752946563
-2458.6403970531046
-2609.3074767070048
-2582.108565370526
-2589.0698426835106
-2491.100966226436
-2458.86081546451
-2489.783040524232
-2498.4123130262897
-2573.9679689848817
-2396.2612720692923
-2391.953204924109
-2621.077748928374
-2586.1252304432364
-2601.4758059685764
-2516.258570471279
-2450.538250389542
-2580.2206001794625
-2582.548033031865
-2579.240717305611
-2494.843536892827
-2462.5323055154618
-2606.3778433727866
-2578.408815717215
-2596.676308315488
-2486.59228219481
-2446.1339139088323
-2595.04506575974
-2603.6287694391353
-2600.9365954319524
-2510.2929178615204
-2458.383630068656
-2537.67538049182
-2549.8515221226144
-2560.5869104444764
-2416.226066014133
-2380.106685165182
-2595.04506575974
-2603.6287694391353
-2600.9365954319524
-2510.2929178615204
-2458.383630068656
-2597.1831193004946
-2591.789102897609
-2605.7103910876713
-2503.990161566192
-2447.3030188798334
-2582.9914123802237
-2549.8727775112616
-2559.9251567923275
-2459.0988365301932
-2427.188824609284
-2608.4247835389215
-2575.196970478483
-2593.9162580481643
-2505.399747168476
-2478.752221850372
-2476.6467273366325
-2498.6214722138234
-2550.0952275686423
-2394.7952829394317
-2372.878072992963
-2612.3667002304874
-2580.995157457884
-2600.435061281395
-2510.635516002495
-2450.032574846128
-2612.3733567412824
-2583.306674198988
-2601.292443952269
-2501.9088833360756
-2451.410124166981
-2613.863889270653
-2591.456371209541
-2585.944349617363
-2509.2381797919807
-2469.2532127518166
-2609.5574883470636
-2577.177297408648
-2594.6769495243707
-2505.399747168476
-2479.0532514674987
-2610.705093909686
-2600.572091425542
-2597.398622427909
-2494.9284461402804
-2472.217797028175
-2455.500175548118
-2464.957496017443
-2579.53518222226
-2389.0656498183675
-2358.2447821789974
-2611.083897120873
-2600.417789248476
-2597.491975647393
-2495.878083084397
-2473.294309002354
-2610.8959222124786
-2600.5239176825266
-2602.893286990995
-2492.1243722783756
-2473.277993763158
[INFO][abstract_intensifier.py:596] Added config fd10ce and rejected config 4a6771 as incumbent because it is not better than the incumbents on 1 instances: 
-2600.2014364319775
-2583.3825895949976
-2591.4290945201606
-2496.5334643331284
-2461.512593074275
-2615.998563050894
-2602.8737033195803
-2599.61071387345
-2506.4110613322673
-2454.13036146338
-2615.998563050894
-2602.8737033195803
-2599.61071387345
-2506.4110613322673
-2454.13036146338
-2615.998563050894
-2602.8737033195803
-2599.61071387345
-2506.4110613322673
-2454.13036146338
-2611.3900036000073
-2597.9983200450765
-2580.481162159864
-2507.754593727768
-2451.739863688985
-2581.839163027821
-2505.5047437280673
-2529.2622305212794
-2448.7370132816395
-2420.9683674407024
-2597.6249200864263
-2556.2923260465263
-2586.350721905738
-2441.6432765260265
-2420.055295976171
-2620.550876359175
-2598.237729275343
-2603.061748791868
-2507.056299736687
-2461.2750421443943
[INFO][abstract_intensifier.py:596] Added config b63376 and rejected config fd10ce as incumbent because it is not better than the incumbents on 1 instances: 
-2601.782244507537
-2590.642769687146
-2595.2224696159506
-2497.50887145829
-2467.204808687071
-2609.0148022011595
-2564.346964603752
-2604.9985578567203
-2493.4029371588213
-2456.2363419419808
-2608.940743438745
-2600.084586052253
-2607.361013351082
-2500.0382321924753
-2458.573450928798
-2613.470081751922
-2578.3787049420152
-2592.6541777237935
-2501.829321345041
-2451.830598947192
-2619.0283050443136
-2587.1103019161255
-2600.0552442187573
-2490.9899354496397
-2460.8891924742325
-2610.7323807014955
-2597.747220634385
-2583.2103947073333
-2494.5576965689525
-2470.862682141226
-2479.6625314702324
-2507.109565554966
-2540.3021874739975
-2412.8429185962095
-2394.628709335389
-2615.287116470132
-2603.2041997139754
-2599.0116784202046
-2504.366261374729
-2469.2807282760195
[INFO][abstract_intensifier.py:596] Added config 8a7cfe and rejected config b63376 as incumbent because it is not better than the incumbents on 1 instances: 
-2593.403241085752
-2571.3199309348634
-2586.845557911941
-2483.7131680286557
-2416.8450363197153
-2584.356140654136
-2588.8011588485547
-2587.457889715731
-2507.372589944496
-2464.3962663548027
-2615.287116470132
-2603.2041997139754
-2599.0116784202046
-2504.366261374729
-2469.2807282760195
-2493.4485768239547
-2529.7591880716172
-2545.915202096074
-2399.4939712722253
-2346.6008995049197
-2434.396449371394
-2499.0888715836445
-2556.2425994458154
-2365.8452678576014
-2382.0727871090994
-2612.515637122193
-2591.2450807222176
-2596.684661904485
-2507.9711930110943
-2460.3240599678243
-2606.4031240121612
-2593.1903150734406
-2606.019692585337
-2509.6722233506835
-2468.7542719671383
-2606.0211062091666
-2603.68137516924
-2597.307289920255
-2509.899947166554
-2468.7478032845584
[INFO][smbo.py:327] Finished 100 trials.
[INFO][smbo.py:335] Configuration budget is exhausted:
[INFO][smbo.py:336] --- Remaining wallclock time: inf
[INFO][smbo.py:337] --- Remaining cpu time: inf
[INFO][smbo.py:338] --- Remaining trials: 0
