Using file: ../data/A1_data_ela_normalized_with_precisions/A1_B300_5D_ela.csv
[INFO][abstract_initial_design.py:87] Reducing the number of initial configurations from 60 to 25 (max_ratio == 0.25).
[INFO][abstract_initial_design.py:139] Using 25 initial design configurations and 0 additional configurations.
[INFO][abstract_intensifier.py:307] Using only one seed for deterministic scenario.
-2536.4263277839477
-2508.3580420968156
-2591.1859317301173
-2455.4858461757376
-2346.950292371836
[INFO][abstract_intensifier.py:517] Added config 26fdc2 as new incumbent because there are no incumbents yet.
-2568.6254420970863
-2543.638852018457
-2585.039567673047
-2481.908067737489
-2409.5210632183816
[INFO][abstract_intensifier.py:596] Added config 8a205f and rejected config 26fdc2 as incumbent because it is not better than the incumbents on 1 instances: 
-2524.2007731533995
-2493.119843475376
-2589.4232894683037
-2435.4690148227282
-2366.5064148432357
-2581.588032248076
-2530.890241430565
-2591.4104774369
-2499.5468730383227
-2411.4472943554456
[INFO][abstract_intensifier.py:596] Added config 71b0a5 and rejected config 8a205f as incumbent because it is not better than the incumbents on 1 instances: 
-2590.4666255557167
-2521.1031281328733
-2590.993861139642
-2491.235499249541
-2390.013080602123
-2460.9829836420713
-2475.1818581291964
-2564.59974263092
-2415.5862010005467
-2306.9536333324045
-2589.645174751543
-2550.461873735383
-2585.5987852431113
-2507.545540995384
-2419.574435635986
[INFO][abstract_intensifier.py:596] Added config 423f12 and rejected config 71b0a5 as incumbent because it is not better than the incumbents on 1 instances: 
-2479.9096581597323
-2489.4296916812164
-2582.8081449555493
-2413.7393409920987
-2310.8454804981875
-2584.2461365617396
-2562.085129282341
-2601.0756592951366
-2529.4028091146256
-2398.835400651491
[INFO][abstract_intensifier.py:596] Added config b7ad6c and rejected config 423f12 as incumbent because it is not better than the incumbents on 1 instances: 
-2465.8720596691205
-2476.5707356275307
-2596.2356640007124
-2444.7101129469193
-2330.8862050385906
-2548.0125558952277
-2530.575553013189
-2579.9355742088824
-2489.152729094625
-2413.8304360020916
-2435.0112411241867
-2441.730893275863
-2579.0189388386634
-2412.688506490649
-2324.7758270929007
-2512.7888118914343
-2514.525967978711
-2596.537230141341
-2476.704759366812
-2357.416606589769
-2584.116110443354
-2543.6654663300665
-2578.3925413535267
-2492.9221735478927
-2418.907575172348
-2500.919764065963
-2521.514752682693
-2586.6389615604357
-2435.3761525231193
-2344.6510446576785
-2564.016090985641
-2539.8809792563684
-2602.3818024955563
-2488.8984813911247
-2375.160886045285
-2474.951213130211
-2513.343287945057
-2601.6436658915272
-2397.4732908682026
-2353.9936324675914
-2602.8337962477726
-2563.832556650873
-2596.588259143248
-2486.4224548354277
-2428.161298255215
[INFO][abstract_intensifier.py:596] Added config 46b4e3 and rejected config b7ad6c as incumbent because it is not better than the incumbents on 1 instances: 
-2527.0405312908415
-2494.684640527027
-2593.513558644072
-2437.5507378963493
-2325.5158962039604
-2492.134190891325
-2484.2365887210663
-2583.246759776312
-2451.315539195997
-2312.8053256803023
-2593.5488972986477
-2536.7161082880402
-2597.737683315649
-2503.6741595202957
-2399.3207898942374
-2557.9120335734387
-2496.16083349604
-2584.194956128994
-2457.5439624751407
-2370.657760964223
-2566.731673314719
-2548.9370566809
-2600.058544296648
-2506.6383211290213
-2421.9417459767938
-2441.3637175529384
-2449.7045660205563
-2563.3916215815693
-2411.5406803342084
-2324.563272288705
-2570.3900414784707
-2551.934887385886
-2606.0717203757386
-2493.2982062069755
-2420.1552054824865
-2598.46974083011
-2563.275627808288
-2595.2674163714696
-2486.2097888860817
-2425.2752723596273
-2574.981405787232
-2558.2859025250445
-2592.3643487680547
-2487.750132824389
-2422.930605298492
-2605.8937138365127
-2556.603840084524
-2591.561021499522
-2520.263876242491
-2417.642341429346
[INFO][abstract_intensifier.py:596] Added config d12057 and rejected config 46b4e3 as incumbent because it is not better than the incumbents on 1 instances: 
-2607.855953433976
-2548.2160253880347
-2588.2040310474767
-2513.4142385905825
-2429.969602323749
-2513.3017600091284
-2523.3027303845265
-2573.790296014112
-2468.961276002279
-2354.6912477960823
-2587.0685936759255
-2547.9465936321694
-2589.0466330686304
-2504.496067419257
-2415.4483630825566
-2577.232423053535
-2508.6631017758637
-2604.6197750015053
-2461.3815838370174
-2413.8375127947265
-2575.279986906453
-2540.8506062017273
-2594.326874474066
-2484.7944796013962
-2423.4519097941056
-2599.219501424995
-2561.313424784808
-2602.6963656246407
-2498.4741057081774
-2421.143415592721
-2603.2176178969394
-2553.326216677615
-2595.9890286017944
-2516.097202682968
-2423.6203247487615
[INFO][abstract_intensifier.py:596] Added config 8ee063 and rejected config d12057 as incumbent because it is not better than the incumbents on 1 instances: 
-2580.991752723592
-2562.7947778512735
-2588.9699982020547
-2491.6395882568977
-2415.118302479438
-2598.905819119389
-2564.5260537975983
-2602.5897779195616
-2491.163980213847
-2420.7281341544303
-2599.219501424995
-2561.313424784808
-2602.6963656246407
-2498.4741057081774
-2421.143415592721
-2599.306014594831
-2564.689766811308
-2594.3485119459424
-2489.701378821002
-2420.82162448237
-2515.641280051572
-2512.1053550289666
-2587.398558722191
-2434.8798907995756
-2346.404733658826
-2457.6947463880915
-2493.327065981348
-2582.1123595368354
-2383.828670810167
-2320.0407965588033
-2597.3013475570137
-2558.532906276694
-2596.838122226828
-2498.9546685548885
-2424.126513891876
-2585.153388116878
-2552.0245702056704
-2595.7149395237648
-2531.1473961417714
-2418.425719048451
-2594.495419800659
-2568.9248139542424
-2591.6082575408873
-2497.6928987629008
-2432.496218831927
-2594.359031941417
-2551.456937799543
-2595.238091017734
-2531.138278631015
-2428.074356812369
[INFO][abstract_intensifier.py:596] Added config 8e5e50 and rejected config 8ee063 as incumbent because it is not better than the incumbents on 1 instances: 
-2596.169486245373
-2556.710567963917
-2599.032999733519
-2503.8019198044963
-2417.265973182925
-2559.4732733603414
-2516.4372811685685
-2594.3926016094565
-2457.976871556194
-2329.708745885828
-2596.849787448789
-2542.1505641446183
-2597.1324688461336
-2500.8041084396227
-2426.6352626663406
-2577.8845331055686
-2549.5768258699018
-2589.2363978705635
-2483.887358631018
-2416.818325069539
-2592.0004833841735
-2545.5480956991514
-2586.3990987278103
-2507.720614044526
-2425.296031935413
[INFO][smbo.py:327] Finished 50 trials.
-2600.7412952175237
-2554.7956193241625
-2597.6836472454142
-2508.3963386857
-2430.760861339587
-2583.5970997025106
-2537.464699412416
-2584.0664014458334
-2504.664721986498
-2420.123498273636
-2592.0004833841735
-2545.5480956991514
-2586.3990987278103
-2507.720614044526
-2425.296031935413
-2600.7412952175237
-2554.7956193241625
-2597.6836472454142
-2508.3963386857
-2430.760861339587
-2531.8073707066724
-2504.1230198588273
-2596.70088954131
-2444.9469367514193
-2338.2085175153047
-2592.0004833841735
-2545.5480956991514
-2586.3990987278103
-2507.720614044526
-2425.296031935413
-2598.7573667740576
-2559.829160681274
-2606.746171856187
-2522.436707245094
-2419.251449726045
[INFO][abstract_intensifier.py:596] Added config f6e95d and rejected config 8e5e50 as incumbent because it is not better than the incumbents on 1 instances: 
-2480.9908436781234
-2493.4275607960153
-2571.70725679031
-2452.022439826977
-2325.945168887031
-2606.6026281811787
-2559.3111500041614
-2593.77780622444
-2491.6799725203105
-2432.9375011839684
-2604.082872444358
-2555.9819109664822
-2595.868132248755
-2502.942996012032
-2425.505648199546
-2606.034488674366
-2560.4551007382556
-2604.781058191331
-2522.6452881391015
-2424.7897457156087
[INFO][abstract_intensifier.py:596] Added config a2d90a and rejected config f6e95d as incumbent because it is not better than the incumbents on 1 instances: 
-2605.7721033650387
-2561.4351442794414
-2604.915930357756
-2522.7068735611792
-2423.558150961957
-2573.258592104321
-2503.1594761408833
-2602.0058116564705
-2441.9449963922943
-2339.019090351551
-2603.2883473210068
-2559.1400081435813
-2607.364328693087
-2519.215338438451
-2416.9383645648945
-2607.11862482143
-2558.3302340566074
-2595.5053460250497
-2490.897865847836
-2429.6584608192798
-2560.5958783702467
-2515.1121406694983
-2596.781521803671
-2484.5722450243247
-2345.9931693714093
-2606.1604225399988
-2562.8863028822
-2598.134007452297
-2511.2354445347123
-2424.604692693319
-2431.5215579741052
-2449.72388317156
-2576.351514739626
-2424.8770217069955
-2324.2763858209637
-2598.178422641995
-2561.2039299629223
-2600.578547627662
-2509.2078390603738
-2422.1170818729306
-2595.826582965773
-2553.62217998436
-2600.9296102205044
-2511.296372930412
-2429.706610187067
-2607.309225845829
-2564.8242262141052
-2600.2914851729156
-2514.957507059068
-2429.0985234427344
-2598.240059462666
-2561.5462113252324
-2601.7547422143484
-2500.281676926122
-2431.665920222651
-2598.240059462666
-2561.5462113252324
-2601.7547422143484
-2500.281676926122
-2431.665920222651
-2605.1959484062118
-2558.266615077051
-2594.8294471222844
-2495.831802630957
-2429.2724373231754
-2484.300591986432
-2490.4745582290734
-2610.613101166803
-2461.871696007935
-2339.432619167539
-2589.5857900283113
-2558.7828196878845
-2606.9341708005545
-2522.752518234933
-2419.453345078403
-2590.612708579046
-2559.905097662685
-2605.596010356294
-2523.5789956579138
-2419.2472345701394
-2590.612708579046
-2559.905097662685
-2605.596010356294
-2523.5789956579138
-2419.2472345701394
-2589.5857900283113
-2558.7828196878845
-2606.9341708005545
-2522.752518234933
-2419.453345078403
-2605.1959484062118
-2558.266615077051
-2594.8294471222844
-2495.831802630957
-2429.2724373231754
-2589.5857900283113
-2558.7828196878845
-2606.9341708005545
-2522.752518234933
-2419.453345078403
-2525.3811465647304
-2515.7872987955366
-2599.004884582825
-2435.657892551274
-2341.984216927435
-2595.77909925333
-2551.581958333899
-2594.412341083852
-2512.6731578046865
-2417.45689703824
-2548.225725239789
-2511.8228520430885
-2592.797415544892
-2435.0223588912877
-2379.393091026068
-2602.7436845787206
-2560.9177436092277
-2594.081470799373
-2507.121713893388
-2428.0577479340986
-2602.7436845787206
-2560.9177436092277
-2594.081470799373
-2507.121713893388
-2428.0577479340986
-2602.7436845787206
-2560.9177436092277
-2594.081470799373
-2507.121713893388
-2428.0577479340986
-2595.648918411706
-2559.9381543524164
-2602.52882899995
-2500.883376813596
-2425.9442902532674
-2606.414536470503
-2563.2107995356123
-2599.556459381166
-2502.5430919437576
-2426.9535573660887
-2598.850728513584
-2555.510035040012
-2608.17145558041
-2537.9788082630917
-2412.4845705257703
-2568.920598891832
-2551.965736683808
-2601.0666566556674
-2508.733750010563
-2403.7625154305642
-2525.770784812779
-2501.2868238829105
-2564.2494021309594
-2445.8392018809836
-2360.472023109338
-2590.0953779943798
-2558.327158725381
-2592.5791944429357
-2508.665813463716
-2425.9964645998384
-2590.0320228333344
-2553.6078027422695
-2606.9074838894103
-2505.278595033611
-2430.322718883361
-2589.959528275509
-2556.8993864530466
-2594.3472154327537
-2513.581004891049
-2418.5101708605157
-2591.702263779919
-2538.0336099051683
-2598.923915100046
-2493.1215084397713
-2428.330673365146
-2578.2756588479524
-2526.3755474858444
-2598.7125496815347
-2494.1000817245886
-2409.173667010296
-2525.0891013712726
-2524.492296747589
-2593.9135818078894
-2476.641467621524
-2375.43661709789
-2605.939358624274
-2561.178245252356
-2604.91601902408
-2522.7068735611792
-2423.865904995609
-2605.939358624274
-2561.178245252356
-2604.91601902408
-2522.7068735611792
-2423.865904995609
[INFO][smbo.py:327] Finished 100 trials.
[INFO][smbo.py:335] Configuration budget is exhausted:
[INFO][smbo.py:336] --- Remaining wallclock time: inf
[INFO][smbo.py:337] --- Remaining cpu time: inf
[INFO][smbo.py:338] --- Remaining trials: 0
