Using file: ../data/A1_data_ela_normalized_with_precisions/A1_B350_5D_ela.csv
[INFO][abstract_initial_design.py:87] Reducing the number of initial configurations from 60 to 25 (max_ratio == 0.25).
[INFO][abstract_initial_design.py:139] Using 25 initial design configurations and 0 additional configurations.
[INFO][abstract_intensifier.py:307] Using only one seed for deterministic scenario.
-2542.195411322428
-2504.474785765462
-2597.7747366798912
-2481.683520902198
-2388.4141106414145
[INFO][abstract_intensifier.py:517] Added config 26fdc2 as new incumbent because there are no incumbents yet.
-2582.287606666582
-2544.040166821606
-2587.052800840037
-2488.6834829293084
-2375.695262187295
[INFO][abstract_intensifier.py:596] Added config 8a205f and rejected config 26fdc2 as incumbent because it is not better than the incumbents on 1 instances: 
-2500.982157190142
-2507.4288000231045
-2600.6778754964994
-2472.6586772778173
-2385.7599048079205
-2564.7221541884437
-2540.304750450271
-2593.6006461823863
-2487.4348487630705
-2401.71277542728
[INFO][abstract_intensifier.py:596] Added config 71b0a5 and rejected config 8a205f as incumbent because it is not better than the incumbents on 1 instances: 
-2593.3575966284693
-2525.982906460595
-2585.539469814462
-2502.248509851848
-2389.636553254354
[INFO][abstract_intensifier.py:596] Added config 87cf8a and rejected config 71b0a5 as incumbent because it is not better than the incumbents on 1 instances: 
-2460.9155152182716
-2467.1643306273672
-2582.3453440184603
-2437.0934107529483
-2386.9554320854886
-2569.2573838856415
-2536.151410935643
-2569.344721280633
-2447.226142630075
-2410.659718090614
-2508.936192877697
-2489.8627214332782
-2553.576672504447
-2437.4659779064627
-2388.0819452404094
-2592.9141895097937
-2529.5350416445817
-2571.142089255757
-2512.9290891330156
-2400.603503251629
[INFO][abstract_intensifier.py:596] Added config b7ad6c and rejected config 87cf8a as incumbent because it is not better than the incumbents on 1 instances: 
-2514.3842346836163
-2485.648323139307
-2568.9555217770526
-2450.655318406447
-2377.8837017794217
-2568.448766082991
-2495.794224756378
-2581.3602481740973
-2467.66180982069
-2405.530055261024
-2514.292714940268
-2472.6231870171223
-2579.846133839247
-2467.1628490441326
-2382.010452976815
-2588.9751579930016
-2506.8350543744564
-2605.7246513863056
-2501.2431059237033
-2387.824798367894
-2550.566806643912
-2515.6701881130743
-2568.540771062164
-2447.068800473259
-2396.81699285456
-2538.7452747841953
-2485.858063860993
-2607.3550882012087
-2457.86617828367
-2386.570436496415
-2556.3244115589046
-2512.0722020415305
-2594.189887544392
-2502.993524196162
-2388.8790100265264
-2563.5380979020265
-2500.3969916351316
-2574.782645329446
-2492.598919196983
-2376.5634382784256
-2559.209769153695
-2533.8684013591605
-2586.0123231482835
-2472.5124843497438
-2410.6450507142895
-2585.508893932648
-2484.5987510741375
-2602.0480690681975
-2487.460132048009
-2386.644586611644
-2531.7794991916353
-2512.8247983238143
-2579.1685264756006
-2407.649133317569
-2411.835911253023
-2552.9422964276087
-2491.784304784329
-2549.6672968926396
-2493.209513505164
-2415.209401784324
-2507.3155429000644
-2519.526129046597
-2560.3415240330137
-2454.4542381498695
-2392.2017674907097
-2573.9199281920987
-2520.3505314279637
-2585.3046492188723
-2500.290249329757
-2392.8697050558308
-2516.590712250745
-2467.169524455478
-2569.1632147394143
-2421.9489880843153
-2396.0940154347118
-2577.581646227148
-2530.469886204287
-2565.386771160688
-2467.0187552311854
-2398.4320033430413
-2577.9226192606193
-2534.898321948328
-2585.0188792591853
-2491.509356924019
-2423.752087582405
[INFO][abstract_intensifier.py:596] Added config c4b407 and rejected config b7ad6c as incumbent because it is not better than the incumbents on 1 instances: 
-2606.2594272278434
-2542.68184406654
-2594.370914308118
-2508.644195127679
-2426.832293158943
[INFO][abstract_intensifier.py:596] Added config 22c318 and rejected config c4b407 as incumbent because it is not better than the incumbents on 1 instances: 
-2602.231120453615
-2531.3382870864543
-2587.216509496185
-2500.08027145146
-2432.721915183194
-2568.5181436886423
-2528.9868004772434
-2585.437795097909
-2510.029248783713
-2412.080572103902
-2543.0878730442255
-2506.930939012139
-2576.655748279942
-2452.40163485593
-2417.3742020868262
-2551.2328011426466
-2504.2132622568633
-2567.9354123627318
-2490.543920292513
-2403.6240333884775
-2572.2931458320045
-2511.471071594739
-2584.754119717326
-2490.0090716042805
-2378.6066972253006
-2595.443452928421
-2532.3715924010276
-2586.261478673512
-2507.895268776856
-2428.725528880388
-2587.9836837984544
-2526.3595284986814
-2569.0185020733734
-2470.788241074437
-2418.8123086031237
-2565.8259608674252
-2535.6449780301277
-2591.3458379426684
-2482.5560111179147
-2424.8687097582447
-2583.8243457585363
-2527.2411052447724
-2582.1215107461985
-2506.6493634806075
-2415.0094350434993
-2571.95362354612
-2532.1435801681146
-2584.0499638412275
-2505.6769841723644
-2437.751648252764
-2584.43629642658
-2538.285285149066
-2569.053190439541
-2501.3910794092394
-2408.6019111156947
-2558.9062909315167
-2546.3263051830227
-2587.276651034692
-2491.870421385812
-2413.826750989602
-2547.5509714557365
-2493.3373488139264
-2593.9174055676085
-2484.339789752752
-2382.8138530045535
-2442.512444330505
-2465.557751247994
-2527.799715739833
-2431.249803996229
-2361.20926578982
-2585.6003220341
-2520.222517838757
-2572.8074216742807
-2495.034312948915
-2417.858389684337
-2586.3285888426603
-2524.8491751409274
-2576.1670940046606
-2494.6720886913276
-2417.3576108372363
-2607.288202989983
-2550.5023811123738
-2591.5486827004893
-2510.837545430316
-2425.8562035449627
[INFO][abstract_intensifier.py:596] Added config dc9824 and rejected config 22c318 as incumbent because it is not better than the incumbents on 1 instances: 
-2585.6003220341
-2520.222517838757
-2572.8074216742807
-2495.034312948915
-2417.858389684337
-2585.6003220341
-2520.222517838757
-2572.8074216742807
-2495.034312948915
-2417.858389684337
-2578.933910493447
-2506.1436974980866
-2592.862421715276
-2487.245749464698
-2396.552048645689
-2606.628546336834
-2542.471886422484
-2591.847503983011
-2508.008219649763
-2426.02163366029
-2606.628546336834
-2542.471886422484
-2591.847503983011
-2508.008219649763
-2426.02163366029
-2589.6643528433365
-2545.209397045288
-2591.585432323706
-2476.7649725759875
-2433.080927516124
[INFO][smbo.py:327] Finished 50 trials.
-2594.52449800669
-2531.7109437697522
-2587.5955957093984
-2484.504832900888
-2425.599660367113
-2580.7373770510067
-2520.276876691169
-2594.077532366023
-2495.707596827792
-2389.740426022322
-2589.4629683309954
-2530.986163341622
-2589.2159525232373
-2499.2952625081707
-2431.2358943828526
-2587.1282902665284
-2541.4109991800856
-2580.116001506736
-2491.101482695662
-2434.5373988156384
-2566.7187702643514
-2501.5738613617445
-2599.624682121126
-2465.3973479718006
-2384.7281111094358
-2593.2253192079593
-2530.1689008646154
-2589.897130583505
-2471.6806651646907
-2411.464298778827
-2576.1465332977423
-2530.4228502029387
-2587.579259363162
-2485.4740145412707
-2408.4759105575686
-2456.566684020293
-2471.5627529601297
-2579.199045981251
-2441.379668871891
-2388.001814286327
-2601.633466897505
-2550.124728039772
-2591.4293220886775
-2510.8396196977938
-2425.94330793867
-2579.3640710658487
-2531.3699020878976
-2587.2948335424862
-2500.147506532567
-2418.6637153766405
-2575.7974656790066
-2530.519104235063
-2581.188119522669
-2484.01558886061
-2424.489848921148
-2575.7974656790066
-2530.519104235063
-2581.188119522669
-2484.01558886061
-2424.489848921148
-2570.7873107016667
-2505.3343432127936
-2608.7325501484383
-2476.009709430251
-2378.835640874379
-2579.3640710658487
-2531.3699020878976
-2587.2948335424862
-2500.147506532567
-2418.6637153766405
-2579.829232987491
-2549.8864540525624
-2591.4552608034714
-2483.651113190701
-2425.207015566454
-2532.5732754753863
-2531.4480305736383
-2588.894553267003
-2488.6754950812756
-2380.96576696407
-2588.8113155401256
-2522.9356030028966
-2590.1633609714568
-2481.437205117857
-2432.341861399924
-2511.0002081330313
-2454.22561124571
-2560.3947054842038
-2452.1586382093387
-2388.4583016753204
-2585.0662452125152
-2527.5264485022108
-2586.2907531080264
-2513.4020186722682
-2428.187131864445
-2601.4519466298316
-2535.5137365696487
-2581.3755006289534
-2506.605749035274
-2424.0626061888993
-2604.8767288306026
-2535.3090656248723
-2594.6253624894166
-2482.0852930520005
-2415.5224999055695
-2585.430408191175
-2538.6076335227694
-2590.95963889875
-2482.335476335427
-2432.2921910683067
-2582.821310024107
-2519.0880788854474
-2584.5710109684687
-2513.701970703972
-2427.0505363526945
-2512.1177674796672
-2489.967741429406
-2583.2566549209555
-2453.065846902091
-2385.6315488458263
-2607.288202989983
-2550.5023811123738
-2591.5486827004893
-2510.837545430316
-2425.8562035449627
-2576.9319876959526
-2540.078844105621
-2594.2754693217703
-2483.1813202182784
-2419.5988668071013
-2607.288202989983
-2550.5023811123738
-2591.5486827004893
-2510.837545430316
-2425.8562035449627
-2607.288202989983
-2550.5023811123738
-2591.5486827004893
-2510.837545430316
-2425.8562035449627
-2607.288202989983
-2550.5023811123738
-2591.5486827004893
-2510.837545430316
-2425.8562035449627
-2576.9319876959526
-2540.078844105621
-2594.2754693217703
-2483.1813202182784
-2419.5988668071013
-2529.735934353978
-2495.648193721455
-2594.9320190311228
-2470.1399725775027
-2387.691922395963
-2594.8298417363703
-2539.6921816080276
-2579.6955338853422
-2475.9038264004894
-2409.161726616193
-2562.6054159653777
-2524.2288344757435
-2590.1334725056886
-2499.3142133950596
-2383.5060296129814
-2587.1723784887686
-2533.694574473455
-2577.635849222758
-2504.142807739392
-2431.951964113328
-2559.108270530648
-2532.0128291560677
-2584.053560806417
-2474.6445036562127
-2427.942804247033
-2557.8681402445764
-2504.69912524505
-2579.165338339116
-2482.0764454992486
-2412.673594052629
-2547.220537351124
-2534.2909783325404
-2588.3317393539282
-2514.6213181694225
-2414.7576441568276
-2566.008455076543
-2539.242967712701
-2566.806862861273
-2516.939696277591
-2416.725289390508
-2571.8634010631763
-2540.2652539906057
-2563.9874399575556
-2518.6692162889412
-2415.0980579175084
-2607.288202989983
-2550.5023811123738
-2591.5486827004893
-2510.837545430316
-2425.8562035449627
-2496.139859779625
-2481.9142517820837
-2590.1175282753975
-2459.223174816505
-2399.8792466245777
-2607.288202989983
-2550.5023811123738
-2591.5486827004893
-2510.837545430316
-2425.8562035449627
-2575.005437015082
-2534.21409511204
-2561.5589663903297
-2486.629504490543
-2400.3861435498866
-2606.3299091780236
-2534.9012850645677
-2586.815936392809
-2496.170831490981
-2383.5044662554747
-2575.2625632949876
-2521.5924489726644
-2563.747625620481
-2476.0972415344613
-2380.046473951388
-2607.288202989983
-2550.5023811123738
-2591.5486827004893
-2510.837545430316
-2425.8562035449627
-2606.6389453913134
-2548.773334832798
-2591.5490847124943
-2510.484947104118
-2425.9468203711303
-2607.288202989983
-2550.5023811123738
-2591.5486827004893
-2510.837545430316
-2425.8562035449627
-2590.3317449650676
-2523.6152249293887
-2597.7550361501826
-2489.714412519742
-2431.7710409394313
-2607.288202989983
-2550.5023811123738
-2591.5486827004893
-2510.837545430316
-2425.8562035449627
[INFO][smbo.py:327] Finished 100 trials.
[INFO][smbo.py:335] Configuration budget is exhausted:
[INFO][smbo.py:336] --- Remaining wallclock time: inf
[INFO][smbo.py:337] --- Remaining cpu time: inf
[INFO][smbo.py:338] --- Remaining trials: 0
