Using file: ../data/A1_data_ela_normalized_with_precisions/A1_B400_5D_ela.csv
[INFO][abstract_initial_design.py:87] Reducing the number of initial configurations from 60 to 25 (max_ratio == 0.25).
[INFO][abstract_initial_design.py:139] Using 25 initial design configurations and 0 additional configurations.
[INFO][abstract_intensifier.py:307] Using only one seed for deterministic scenario.
-2552.9711903419125
-2519.532726263969
-2544.6095986362548
-2470.4472716307123
-2434.5379728348166
[INFO][abstract_intensifier.py:517] Added config 26fdc2 as new incumbent because there are no incumbents yet.
-2552.4462850484833
-2509.088637669379
-2560.1535868125184
-2446.8469529352033
-2424.894981887844
-2538.544623360699
-2499.4541443022235
-2554.8775933275465
-2453.549010481852
-2448.3129962302246
-2560.4539291241226
-2526.4285674217494
-2558.738180238863
-2462.7404045656026
-2437.3867201874987
[INFO][abstract_intensifier.py:596] Added config 71b0a5 and rejected config 26fdc2 as incumbent because it is not better than the incumbents on 1 instances: 
-2587.4849978699294
-2538.787936878109
-2574.02470521027
-2462.209171364191
-2441.7913322775507
[INFO][abstract_intensifier.py:596] Added config 87cf8a and rejected config 71b0a5 as incumbent because it is not better than the incumbents on 1 instances: 
-2505.971378089115
-2521.505004490383
-2522.6721362473872
-2425.715520227335
-2414.0385395738585
-2565.6681334174123
-2503.612496970807
-2574.765537864042
-2440.6031227842814
-2426.592378394371
-2501.539106588366
-2526.035596820056
-2534.5091281354817
-2435.4530280203203
-2431.2781080500235
-2569.6844125866437
-2481.74676277319
-2576.7120044764597
-2463.0329855505497
-2428.4529459797654
-2542.9126077049677
-2511.2305495510664
-2535.3140816656523
-2437.848258366713
-2430.9720658390183
-2559.053020805959
-2529.2121976831913
-2588.6527677690387
-2459.0970024818494
-2428.4903388604644
-2504.346675202145
-2507.6931328641595
-2531.172561162816
-2433.6281970069913
-2426.7024435176963
-2555.8906332082634
-2513.0013320224252
-2542.112628656882
-2443.804457321858
-2417.00769021056
-2541.7873032583566
-2531.4502851778543
-2576.455478014988
-2449.072534215172
-2434.323351688056
-2568.0603750822966
-2534.600907922713
-2540.391871976473
-2462.0199625764008
-2435.6992027816277
-2571.0764031120652
-2528.741146954358
-2563.1144886706106
-2439.166429533748
-2446.922352524304
-2564.573193965046
-2504.4159683245566
-2558.5858436990993
-2449.527710317558
-2410.8763472345217
-2554.5893893468483
-2531.6507138401075
-2582.4845750480727
-2452.463469247188
-2422.443447214164
-2563.982317380888
-2518.5491806733016
-2571.7935092995594
-2448.8098964422497
-2431.2838682228726
-2523.2523619716435
-2542.026019524512
-2531.4160763070713
-2444.2740461131234
-2448.155626190612
-2550.660433051542
-2531.147166215972
-2553.1104405685205
-2451.943555655784
-2434.5329328866183
-2534.64340590213
-2527.292325677072
-2539.0200922580684
-2451.3528246775777
-2446.7476089375614
-2574.7521012379
-2522.5416341846767
-2583.3499495474616
-2460.2289903007713
-2425.389858750993
-2480.5884720171457
-2492.989369676551
-2523.102706177749
-2433.0455738773053
-2411.7150006307047
-2547.8944744004084
-2507.9894880880775
-2544.9812071427186
-2450.1637107063016
-2409.7389594283554
-2574.989589004809
-2530.36042665652
-2558.292793214403
-2453.147748856489
-2442.182578290165
-2563.8951836543747
-2533.237628784996
-2558.5223836761593
-2455.3256214369267
-2441.0746788490183
-2549.3629931232977
-2535.5458401591522
-2558.5599386116664
-2462.9337944660365
-2449.2733004049974
-2563.697506288977
-2532.4912342775087
-2553.2949711554766
-2455.11976574453
-2437.7284166716713
-2519.9832151433675
-2544.295901831209
-2560.6813600080736
-2437.1716349115563
-2444.815676731494
-2560.6485096859515
-2512.5784491321165
-2540.9299674037766
-2472.3719644747043
-2406.498707889906
-2589.6601100127195
-2517.726624352418
-2558.964604788321
-2450.6656475861714
-2434.0029051390197
-2563.946076618955
-2527.8876919342474
-2559.5152558285704
-2450.785772246155
-2455.962839423488
-2588.792520610801
-2529.3536625965085
-2568.601645769744
-2454.1429534591985
-2433.8205376406922
-2581.980728737184
-2534.6572802316978
-2569.136098048185
-2453.7697610146824
-2439.652853795614
-2552.997713362335
-2531.222934787783
-2536.6399828137105
-2454.621993638981
-2411.5952201887867
-2588.792520610801
-2529.3536625965085
-2568.601645769744
-2454.1429534591985
-2433.8205376406922
-2581.9893749411967
-2534.657280230083
-2568.2270231530724
-2454.1665687886843
-2440.1284684188845
-2575.4587905191265
-2532.6534370040754
-2567.005871299866
-2458.4114326967983
-2442.4093891879716
-2561.371108541743
-2522.4509830710226
-2536.8774800490437
-2465.3087978803173
-2436.446130699081
-2406.1312927613603
-2471.85949910915
-2476.6259965502104
-2372.724417503846
-2383.7927006589434
-2592.8120287900106
-2512.6200031047792
-2573.0490625405173
-2464.29845775309
-2448.488784755799
-2575.5847451751456
-2522.209968649399
-2591.8822622500766
-2456.6856435251566
-2445.2592898992552
-2587.2531383458395
-2534.521298547009
-2563.358604846365
-2450.7639473869444
-2460.7643872967055
-2590.782845887512
-2515.2002074075417
-2574.059863847783
-2463.9980993088366
-2449.3726693315994
-2565.8874745707626
-2542.3662554382245
-2551.82419067131
-2453.980183313712
-2450.1171674709353
-2567.9589126862757
-2526.5762772998623
-2575.4177247890702
-2467.2428780241635
-2434.1496924546686
-2581.143913161312
-2528.800042036607
-2598.2400559156677
-2442.264452425303
-2441.7445012817616
-2587.9483770011
-2531.3087555828256
-2569.7810298755885
-2458.418564377638
-2434.9149474465426
-2580.789666218678
-2528.1166927582544
-2576.198326656515
-2452.24454871378
-2440.065659455426
[INFO][smbo.py:327] Finished 50 trials.
-2580.550612756838
-2542.5255440402343
-2583.371517921496
-2453.720469991441
-2435.043446332342
-2584.9623590217925
-2531.6422749533804
-2574.7323496343897
-2442.2456644800495
-2424.7138882532045
-2580.550612756838
-2542.5255440402343
-2583.371517921496
-2453.720469991441
-2435.043446332342
-2580.550612756838
-2542.5255440402343
-2583.371517921496
-2453.720469991441
-2435.043446332342
-2554.401846630911
-2529.593881006944
-2563.506770520854
-2454.7472714373207
-2435.951613501976
-2580.550612756838
-2542.5255440402343
-2583.371517921496
-2453.720469991441
-2435.043446332342
-2583.703655798253
-2522.2774313220416
-2585.720472414352
-2464.3049151894484
-2416.7207443158986
-2470.447473151375
-2526.1740407966217
-2520.7530026534264
-2399.947311859853
-2432.7720512769274
-2589.3043935803344
-2539.626810568733
-2576.1737829347403
-2454.1879541819967
-2442.619118474244
-2580.4671016938937
-2540.4709346644777
-2583.6898496620015
-2459.2276658138912
-2432.3381223797346
-2582.0741536997557
-2543.737942075513
-2591.9000493577373
-2443.1975650801405
-2436.1172022036058
-2580.650254438041
-2538.923085578828
-2583.1780085256896
-2459.227053649207
-2431.834928188178
-2563.4785130284477
-2535.8295687039217
-2556.7558691964286
-2451.271323723356
-2435.38639010658
-2578.307932905698
-2529.7428551094954
-2592.6358443500803
-2454.3309795415726
-2445.210066379572
-2588.2895012717654
-2536.2540326014678
-2561.3240110423676
-2457.244122542736
-2437.793881176803
-2547.5815827764172
-2509.319343085215
-2567.191775599484
-2444.6684209994564
-2440.161943086316
-2587.4849978699294
-2538.787936878109
-2574.02470521027
-2462.209171364191
-2441.7913322775507
-2489.754048837527
-2503.9800374115125
-2521.5226891545453
-2445.619094854278
-2399.874741041758
-2587.4849978699294
-2538.787936878109
-2574.02470521027
-2462.209171364191
-2441.7913322775507
-2590.757659743349
-2533.0992631355157
-2580.9229768894656
-2438.8255603144944
-2438.1810261094874
-2580.0221042877706
-2528.8756257867544
-2580.7561512648635
-2463.8549820942967
-2433.6687716296565
-2581.6916553414194
-2523.7625786668477
-2582.833754733034
-2440.6262979123503
-2445.0996418999007
-2581.6916553414194
-2523.7625786668477
-2582.833754733034
-2440.6262979123503
-2445.0996418999007
-2578.195373705951
-2539.6365403013574
-2573.857722878047
-2458.6058857102234
-2440.772295923754
-2550.0549838111324
-2481.8146173917057
-2539.5980966241327
-2433.5106016882482
-2445.555831062716
-2560.117976114405
-2538.681960454455
-2551.838517873346
-2468.737849119628
-2450.1914207673426
-2560.117976114405
-2538.681960454455
-2551.838517873346
-2468.737849119628
-2450.1914207673426
-2560.117976114405
-2538.681960454455
-2551.838517873346
-2468.737849119628
-2450.1914207673426
-2560.117976114405
-2538.681960454455
-2551.838517873346
-2468.737849119628
-2450.1914207673426
-2560.117976114405
-2538.681960454455
-2551.838517873346
-2468.737849119628
-2450.1914207673426
-2565.132251865941
-2513.929255826787
-2564.0695369187556
-2460.55798840634
-2420.64235367243
-2536.755182027389
-2527.4811582198754
-2545.213128034228
-2463.84161462079
-2409.070544629261
-2557.7217339578915
-2532.0730638568007
-2573.6482018158003
-2458.1482655642967
-2438.7395673702395
-2578.1953737079334
-2532.0590258055804
-2574.025606077237
-2458.6068657749165
-2441.8815312898355
-2589.1984501695983
-2539.6268105687404
-2576.1737829324193
-2459.3023489992725
-2441.850358109621
[INFO][abstract_intensifier.py:596] Added config 9ddf53 and rejected config 87cf8a as incumbent because it is not better than the incumbents on 1 instances: 
-2587.4849978699294
-2538.787936878109
-2574.02470521027
-2462.209171364191
-2441.7913322775507
-2587.4849978699294
-2538.787936878109
-2574.02470521027
-2462.209171364191
-2441.7913322775507
-2587.4849978699294
-2538.787936878109
-2574.02470521027
-2462.209171364191
-2441.7913322775507
-2589.1984501695983
-2539.6268105687404
-2576.1737829324193
-2459.3023489992725
-2441.850358109621
-2566.727855689919
-2538.9726864122667
-2551.8701328626516
-2451.315074738047
-2428.678284583656
-2589.1984501695983
-2539.6268105687404
-2576.1737829324193
-2459.3023489992725
-2441.850358109621
-2551.1469578603947
-2520.859953216929
-2564.540113077436
-2422.9966076363107
-2427.715755289088
-2589.1984501695983
-2539.6268105687404
-2576.1737829324193
-2459.3023489992725
-2441.850358109621
-2573.2679314991547
-2536.5679771075215
-2556.431479810607
-2455.649714182237
-2432.3503444956473
-2535.24642086332
-2524.918239987388
-2579.6238141921094
-2458.5680775128467
-2438.4711864735077
-2521.1828681768357
-2518.9006920164243
-2537.102079338519
-2425.578632781493
-2448.7665492248707
-2589.1984501695983
-2539.6268105687404
-2576.1737829324193
-2459.3023489992725
-2441.850358109621
-2589.1984501695983
-2539.6268105687404
-2576.1737829324193
-2459.3023489992725
-2441.850358109621
-2589.1984501695983
-2539.6268105687404
-2576.1737829324193
-2459.3023489992725
-2441.850358109621
-2560.75974716418
-2501.3219587100257
-2585.6909543776046
-2453.5837098413563
-2428.2436136693923
[INFO][smbo.py:327] Finished 100 trials.
[INFO][smbo.py:335] Configuration budget is exhausted:
[INFO][smbo.py:336] --- Remaining wallclock time: inf
[INFO][smbo.py:337] --- Remaining cpu time: inf
[INFO][smbo.py:338] --- Remaining trials: 0
