[INFO][abstract_initial_design.py:87] Reducing the number of initial configurations from 50 to 25 (max_ratio == 0.25).
[INFO][abstract_initial_design.py:139] Using 25 initial design configurations and 0 additional configurations.
[INFO][abstract_intensifier.py:307] Using only one seed for deterministic scenario.
[INFO][abstract_intensifier.py:517] Added config c4a454 as new incumbent because there are no incumbents yet.
[INFO][abstract_intensifier.py:596] Added config 0affcf and rejected config c4a454 as incumbent because it is not better than the incumbents on 1 instances: 
[INFO][abstract_intensifier.py:596] Added config 8b738e and rejected config 0affcf as incumbent because it is not better than the incumbents on 1 instances: 
[INFO][abstract_intensifier.py:596] Added config 2fc11f and rejected config 8b738e as incumbent because it is not better than the incumbents on 1 instances: 
[INFO][abstract_intensifier.py:596] Added config 32fe06 and rejected config 2fc11f as incumbent because it is not better than the incumbents on 1 instances: 
[INFO][abstract_intensifier.py:596] Added config b34e9a and rejected config 32fe06 as incumbent because it is not better than the incumbents on 1 instances: 
[INFO][abstract_intensifier.py:596] Added config d1ed38 and rejected config b34e9a as incumbent because it is not better than the incumbents on 1 instances: 
[INFO][smbo.py:327] Finished 50 trials.
[INFO][abstract_intensifier.py:596] Added config 56c4e4 and rejected config d1ed38 as incumbent because it is not better than the incumbents on 1 instances: 
[INFO][abstract_intensifier.py:596] Added config 01c42a and rejected config 56c4e4 as incumbent because it is not better than the incumbents on 1 instances: 
[INFO][abstract_intensifier.py:596] Added config db8a9c and rejected config 01c42a as incumbent because it is not better than the incumbents on 1 instances: 
[INFO][abstract_intensifier.py:596] Added config e7be72 and rejected config db8a9c as incumbent because it is not better than the incumbents on 1 instances: 
[INFO][abstract_intensifier.py:596] Added config c198d1 and rejected config e7be72 as incumbent because it is not better than the incumbents on 1 instances: 
[INFO][smbo.py:327] Finished 100 trials.
[INFO][smbo.py:335] Configuration budget is exhausted:
[INFO][smbo.py:336] --- Remaining wallclock time: inf
[INFO][smbo.py:337] --- Remaining cpu time: inf
[INFO][smbo.py:338] --- Remaining trials: 0
Saved untrained lookahead model for budget 450, t+10 to ../data/models/untrained_models/lookahead_models_untrained/lookahead_model_B450_t10_untrained.pkl
Saved lookahead model for budget 450, t+10 to ../data/models/tuned_models/lookahead_models_trained/lookahead_model_B450_t10_trained.pkl
