Using file: ../data/A1_data_ela_normalized_with_precisions/A1_B450_5D_ela.csv
[INFO][abstract_initial_design.py:87] Reducing the number of initial configurations from 60 to 25 (max_ratio == 0.25).
[INFO][abstract_initial_design.py:139] Using 25 initial design configurations and 0 additional configurations.
[INFO][abstract_intensifier.py:307] Using only one seed for deterministic scenario.
-2557.3141162905413
-2489.952758698778
-2512.4596342806863
-2468.580632907402
-2421.1321647379455
[INFO][abstract_intensifier.py:517] Added config 26fdc2 as new incumbent because there are no incumbents yet.
-2557.317316122948
-2524.983911041687
-2564.4232994280505
-2491.553632695483
-2412.664704873788
[INFO][abstract_intensifier.py:596] Added config 8a205f and rejected config 26fdc2 as incumbent because it is not better than the incumbents on 1 instances: 
-2556.8575181252104
-2521.100624756677
-2548.8793472622915
-2482.38798564254
-2419.858717902471
-2571.7089828358185
-2545.211701435441
-2558.3575834360963
-2491.8835735692064
-2406.1793758320937
[INFO][abstract_intensifier.py:596] Added config 71b0a5 and rejected config 8a205f as incumbent because it is not better than the incumbents on 1 instances: 
-2552.7868691712833
-2523.790746348769
-2549.344479061566
-2478.2566880076874
-2411.210219357737
-2498.1688002354713
-2460.872885638749
-2506.4406218321155
-2466.843120547929
-2389.173944141427
-2542.9586461843037
-2505.7264372459786
-2539.087792545938
-2468.42001775711
-2406.585553438444
-2519.299952362171
-2489.7059220358724
-2551.7500868801935
-2475.089747585952
-2410.2968485232745
-2568.715067353667
-2526.3636162241887
-2564.1670604164556
-2453.3571016026094
-2425.8261925139464
-2532.9770800509104
-2496.048395503715
-2544.2023705660445
-2489.801120874227
-2400.5537656551446
-2549.719851368596
-2523.867648802663
-2564.8334248212404
-2490.390056078046
-2432.379423246873
-2526.3250566433635
-2448.969441606682
-2515.2107413533504
-2472.9415600639395
-2387.3895245461945
-2557.5891995329603
-2516.2116383068214
-2541.6815539076474
-2495.447599189779
-2404.6884431504564
-2553.37973411614
-2517.4426845449875
-2557.232823646401
-2473.249972544353
-2400.1470862597034
-2556.3272102259316
-2486.911361194979
-2530.537872068228
-2484.5979790270485
-2401.007391870118
-2563.8762605387765
-2541.4968401502715
-2562.0661334393517
-2469.5887005158784
-2420.7133041970064
-2532.2073410354224
-2498.0997643124656
-2537.0579616836785
-2483.733652743316
-2392.6143275605687
-2568.1561546991425
-2544.6828662315256
-2563.114542687059
-2469.390288364592
-2414.740104467221
-2555.7029658444626
-2506.6882313169262
-2541.8380489538613
-2468.4122896291105
-2409.31397010804
-2541.233862210655
-2489.0857970992834
-2561.9494552897368
-2459.7738449928943
-2415.388873582955
-2543.803203262128
-2526.1762909733734
-2530.164420593885
-2477.554693245542
-2407.2311483195817
-2521.25002045422
-2498.7400506561917
-2532.596493290995
-2493.5753857943646
-2428.220734861279
-2564.008664464321
-2521.5159926158667
-2554.538346370789
-2495.5397416964793
-2413.211880862933
-2529.625188612427
-2430.8989850083344
-2492.878441545866
-2444.723381415418
-2391.2935319060484
-2560.370661301212
-2507.813523799834
-2541.720139839942
-2449.975962950402
-2414.333410587289
-2574.7329281329335
-2530.5589258387026
-2552.4100551346132
-2482.56551100662
-2411.4454867766
-2545.0760799659906
-2536.0392374425855
-2530.3810961908944
-2491.373863868289
-2407.5997318710774
-2548.7197533964063
-2532.3054060468735
-2559.3058444563544
-2473.744154882946
-2422.6260425223245
-2531.9588864131265
-2520.5329443580995
-2548.302518487627
-2466.1570935440086
-2417.138426346105
-2539.326153713848
-2516.2790703183164
-2528.126094807068
-2489.50997442946
-2407.2223942915466
-2549.6996190486243
-2516.3339703346737
-2518.701099097871
-2489.2051629655816
-2420.8046658008143
-2546.1392404706025
-2516.9793235816164
-2553.9716897662447
-2477.4975215564864
-2415.3010934918166
-2539.6259629932856
-2523.1096595587674
-2548.1400545987735
-2465.372126235741
-2417.4213747914487
-2548.2181015477986
-2509.768849122863
-2557.0755837410666
-2462.42546111556
-2407.9839045754647
-2569.0912546694262
-2522.9494141742584
-2556.2242017415515
-2453.593971902754
-2395.960872674547
-2551.153461417376
-2521.370840605645
-2553.582953859601
-2466.2604107168745
-2409.39466384749
-2553.9063640887125
-2510.4091356083127
-2540.452749861749
-2467.59920687678
-2425.646786004845
-2542.4299445459087
-2521.217279355751
-2552.178413268318
-2446.771831832992
-2408.2886335642415
-2554.4213648771192
-2516.4043667681453
-2560.3217379011267
-2469.553076971631
-2394.8592776050355
-2529.3755280000028
-2477.7566532854826
-2541.959779339222
-2452.6302654090155
-2412.4109586874474
-2452.9240244737257
-2413.249443704569
-2443.2088595222713
-2436.3652339607515
-2378.9508484031
-2558.225678524819
-2540.2943608330334
-2539.277236936323
-2465.524081926352
-2405.387405846841
-2571.2146162608983
-2530.423916361497
-2580.2216907243396
-2452.609059506509
-2403.338375852172
-2568.7822227060706
-2531.6101360836924
-2563.305562821618
-2472.5784403256284
-2406.4673919621055
-2579.3994977054986
-2541.629466389848
-2546.891242474961
-2484.7876196024163
-2391.706908453759
-2557.30886300611
-2539.1571655176313
-2541.7110883293026
-2475.408369287418
-2415.3033169477744
-2553.831426592803
-2511.514496101434
-2544.0627059145327
-2489.0059398716285
-2419.216088117396
-2565.307969948001
-2531.6739968962506
-2557.0040216405287
-2463.073337538871
-2412.470976956452
-2566.5229883929137
-2530.3121646438726
-2549.87470661017
-2463.421392244458
-2405.861219874236
-2578.958798847043
-2545.230513671137
-2560.0614136030126
-2494.1945559042397
-2403.3821585850465
[INFO][abstract_intensifier.py:596] Added config ef7daf and rejected config 71b0a5 as incumbent because it is not better than the incumbents on 1 instances: 
[INFO][smbo.py:327] Finished 50 trials.
-2578.958798847043
-2545.230513671137
-2560.0614136030126
-2494.1945559042397
-2403.3821585850465
-2550.8958252603975
-2521.9189428591885
-2558.01739238753
-2495.513044137835
-2406.4853692541524
-2580.3104889505125
-2545.361926534342
-2555.366874484337
-2485.7761073176034
-2407.268232356936
-2580.3104889505125
-2545.361926534342
-2555.366874484337
-2485.7761073176034
-2407.268232356936
-2543.186124338442
-2506.056607914837
-2539.583645599836
-2489.0022364701563
-2431.403819890439
-2560.767446481105
-2535.7558950619705
-2552.69839636481
-2463.637935182316
-2399.0597404089754
-2558.0082549488934
-2526.390465333048
-2551.4398610374087
-2479.603748464754
-2401.369344969745
-2484.5630527999756
-2509.24567368733
-2520.9189837616304
-2447.4721401707943
-2403.050932466983
-2578.958798847043
-2545.230513671137
-2560.0614136030126
-2494.1945559042397
-2403.3821585850465
-2579.0509220733256
-2544.535016074774
-2558.0200616437132
-2494.385334591283
-2403.1664923057842
-2578.958798847043
-2545.230513671137
-2560.0614136030126
-2494.1945559042397
-2403.3821585850465
-2567.1437408667853
-2531.5646473556567
-2565.461488777848
-2487.099649442526
-2393.7479879719212
-2563.5981389419467
-2503.9354386096506
-2544.1411642541425
-2475.543614352386
-2420.585583546815
-2579.0509220733256
-2544.535016074774
-2558.0200616437132
-2494.385334591283
-2403.1664923057842
-2568.6864785542393
-2533.0502750982428
-2556.9695789730654
-2475.837047211361
-2394.2419504188533
-2543.591205443344
-2527.192100100071
-2541.854718204733
-2449.8390307434474
-2398.2110903727603
-2571.404734411035
-2532.151599719271
-2547.9991322231435
-2458.8983707373136
-2371.175085955397
-2542.2299893889985
-2450.921678993865
-2528.230409587618
-2474.4362121443182
-2407.7565545912025
-2563.48428731631
-2525.1897916308867
-2526.237361224956
-2471.985475770902
-2401.0771241525404
-2570.4418752554166
-2516.340929919713
-2546.1077793860236
-2475.676526596881
-2406.768273732602
-2570.6739589714634
-2531.023418244547
-2567.5575915095255
-2464.2829438584204
-2404.1345155008657
-2556.3101675856497
-2528.165084834941
-2555.9455754282576
-2455.077077914174
-2405.0072227779374
-2569.1266681267
-2527.8388557185904
-2547.206065398892
-2446.290385454001
-2436.3857142005063
-2550.24466385118
-2547.659638526288
-2561.498551739025
-2483.4042656731935
-2413.7008191234613
-2520.459194493541
-2465.9064922781763
-2541.8479264250127
-2469.490919041572
-2407.4942327146655
-2559.102269233522
-2525.7177892797763
-2567.2534333239755
-2453.4126228598325
-2412.9410942869627
-2553.247534769083
-2536.3082361756897
-2552.9642152621727
-2460.2521525931174
-2401.7829710860083
-2578.958798847043
-2545.230513671137
-2560.0614136030126
-2494.1945559042397
-2403.3821585850465
-2578.958798847043
-2545.230513671137
-2560.0614136030126
-2494.1945559042397
-2403.3821585850465
-2578.958798847043
-2545.230513671137
-2560.0614136030126
-2494.1945559042397
-2403.3821585850465
-2578.958798847043
-2545.230513671137
-2560.0614136030126
-2494.1945559042397
-2403.3821585850465
-2562.539047459978
-2475.6237927028715
-2513.4657627262186
-2482.390190674238
-2412.664566514489
-2555.999783827049
-2517.273129784784
-2552.410584048045
-2450.403518783185
-2403.644321324956
-2548.635865385184
-2501.203699335304
-2538.16144094872
-2483.4723084182233
-2403.4091868477512
-2578.958798847043
-2545.230513671137
-2560.0614136030126
-2494.1945559042397
-2403.3821585850465
-2578.958798847043
-2545.230513671137
-2560.0614136030126
-2494.1945559042397
-2403.3821585850465
-2578.958798847043
-2545.230513671137
-2560.0614136030126
-2494.1945559042397
-2403.3821585850465
-2581.6462062523347
-2539.5940966318667
-2548.759339234935
-2487.401463173546
-2424.460907159081
[INFO][abstract_intensifier.py:596] Added config 1c7b77 and rejected config ef7daf as incumbent because it is not better than the incumbents on 1 instances: 
-2581.6462062523347
-2539.5940966318667
-2548.759339234935
-2487.401463173546
-2424.460907159081
-2573.3794056534875
-2541.6007297552537
-2567.9608324770484
-2494.9777546119794
-2424.186526301377
[INFO][abstract_intensifier.py:596] Added config c1798b and rejected config 1c7b77 as incumbent because it is not better than the incumbents on 1 instances: 
-2573.3794056534875
-2541.6007297552537
-2567.9608324770484
-2494.9777546119794
-2424.186526301377
-2509.551786486147
-2491.8756862968603
-2530.107740323502
-2465.5437191158817
-2415.5388290321343
-2560.014001469383
-2538.2247598941376
-2520.6104776693765
-2498.579321584635
-2419.51318346019
-2564.666833721879
-2535.359716171637
-2564.924058707753
-2463.356209059669
-2425.7449070184784
-2568.571423432504
-2518.0462309857858
-2515.9699083056726
-2454.394101535308
-2425.9460568018308
-2552.520467819032
-2532.9655847032595
-2516.0660762686603
-2492.30073981634
-2422.8447917706285
-2545.0431496623182
-2523.4861279818433
-2556.6273719185383
-2461.3439342426277
-2406.1670658032062
-2551.712062907602
-2524.345280025049
-2502.7079773391515
-2473.0557335984363
-2381.1981631878753
-2573.3794056534875
-2541.6007297552537
-2567.9608324770484
-2494.9777546119794
-2424.186526301377
-2573.3794056534875
-2541.6007297552537
-2567.9608324770484
-2494.9777546119794
-2424.186526301377
[INFO][smbo.py:327] Finished 100 trials.
[INFO][smbo.py:335] Configuration budget is exhausted:
[INFO][smbo.py:336] --- Remaining wallclock time: inf
[INFO][smbo.py:337] --- Remaining cpu time: inf
[INFO][smbo.py:338] --- Remaining trials: 0
