Using file: ../data/A1_data_ela_normalized_with_precisions/A1_B500_5D_ela.csv
[INFO][abstract_initial_design.py:87] Reducing the number of initial configurations from 60 to 25 (max_ratio == 0.25).
[INFO][abstract_initial_design.py:139] Using 25 initial design configurations and 0 additional configurations.
[INFO][abstract_intensifier.py:307] Using only one seed for deterministic scenario.
-2542.17092086138
-2453.78199433415
-2523.224595524617
-2479.060056436005
-2397.489076830343
[INFO][abstract_intensifier.py:517] Added config 26fdc2 as new incumbent because there are no incumbents yet.
-2544.9601199415306
-2511.8423725665953
-2540.6023620579494
-2483.6481735312946
-2425.057286093118
[INFO][abstract_intensifier.py:596] Added config 8a205f and rejected config 26fdc2 as incumbent because it is not better than the incumbents on 1 instances: 
-2562.1580118369598
-2464.184679995753
-2531.2266021606965
-2472.9420426405286
-2416.790670119532
-2545.8654732072578
-2478.2932021761
-2536.989488185318
-2481.375047799175
-2418.279153676774
-2546.5325865788536
-2492.9930190569544
-2553.3961103409256
-2481.1328587114413
-2416.788684822885
-2537.0357880749793
-2485.2924296301335
-2462.880484631176
-2444.925569074591
-2402.610110609059
-2558.828618404757
-2477.2743005680595
-2529.5964968134062
-2466.459771928614
-2397.6537599438384
-2561.301503513748
-2440.7444702346893
-2474.2134934026803
-2470.809317500278
-2414.3464825775054
-2555.963247586398
-2474.992136282792
-2557.7295488314776
-2490.5622126818353
-2406.788675453032
-2519.924580416602
-2435.9871848997623
-2532.781341442628
-2492.1095246969144
-2417.1038637393995
-2545.680402336947
-2479.288504645677
-2543.678520353251
-2488.690670263157
-2427.141840613709
-2525.1582547772537
-2427.9480648634312
-2518.6228468171903
-2442.5171514938243
-2397.4815070391996
-2536.7537596290686
-2494.942932519634
-2550.2821223139435
-2478.849280402572
-2420.999478107613
-2569.538677297729
-2489.6600882564876
-2553.288718179036
-2448.8518615309667
-2388.2214973914306
-2543.752308499816
-2473.2215873304062
-2539.154782216191
-2476.0651732564056
-2428.9809179079566
-2556.0093800959876
-2476.1369354958388
-2545.995621474611
-2481.5031059423686
-2406.43612846615
-2544.3823202526264
-2516.775665259782
-2507.139564978055
-2484.004473584938
-2375.494462928209
-2553.3564159802104
-2474.087312679489
-2538.5600921861646
-2482.5924883780604
-2406.3093049830754
-2540.0054212563155
-2461.5233061287954
-2527.353826687787
-2475.56030984745
-2416.6921126881316
-2548.7502708193297
-2468.754487878664
-2511.201866615883
-2450.9552227754757
-2412.695717893883
-2569.614303987508
-2473.8124836422294
-2544.1700181523684
-2435.635549632544
-2412.743885390743
-2534.3193568268784
-2453.2139504707884
-2534.4698106610867
-2469.482251359047
-2416.2499331270856
-2546.64614262115
-2495.168066226913
-2565.972369596847
-2474.8759014337847
-2404.966430947036
-2529.590671777938
-2388.9699313973906
-2514.934918246895
-2462.425593325632
-2400.608443733435
-2553.5334874077193
-2501.269796207729
-2530.9132985570186
-2482.585714558914
-2414.138813221232
-2561.9841776811377
-2463.6203988355387
-2546.628793887234
-2480.9153535425703
-2404.3937245374204
-2562.3621922389716
-2489.426319797416
-2560.5597862063205
-2487.025838027267
-2398.822513315164
-2543.1948263608606
-2479.242024605886
-2552.2316903099713
-2488.3803735090496
-2408.493788511436
-2554.1271976224584
-2495.411209481804
-2563.7869861559716
-2497.294415879393
-2398.1850938642824
[INFO][abstract_intensifier.py:596] Added config e91525 and rejected config 8a205f as incumbent because it is not better than the incumbents on 1 instances: 
-2535.0212435820404
-2470.8670695431933
-2509.111476672138
-2470.8872540502193
-2413.5649461977873
-2556.339577263611
-2509.1220799886473
-2530.2775798452876
-2456.7612722645813
-2404.295724821448
-2536.6962889523165
-2480.429346319727
-2521.8039406252815
-2465.731620025561
-2426.1914994344993
-2564.126968280029
-2505.562287317625
-2575.7883736097683
-2478.2276585527343
-2408.2468449039543
[INFO][abstract_intensifier.py:596] Added config d5f943 and rejected config e91525 as incumbent because it is not better than the incumbents on 1 instances: 
-2572.8969290797786
-2497.835673497318
-2567.153582509021
-2484.6088103891884
-2405.5353840622297
-2572.347459551346
-2497.8934978472844
-2569.4351359761995
-2482.5486952063525
-2408.4295971638926
-2562.1594531627347
-2478.2643442502103
-2573.453763257596
-2466.558734172711
-2402.7077968505027
-2557.0139022579187
-2488.9548777372092
-2566.9492271519175
-2496.541174750179
-2405.7808494986757
-2555.3902254632526
-2494.089161305763
-2562.1368518904546
-2489.329839790747
-2394.87245041973
-2548.514269534058
-2494.5399580746207
-2555.358341993522
-2497.183311649696
-2395.7530934998604
-2538.4905259103107
-2482.8773973902626
-2542.5828707032097
-2470.3729442373133
-2407.1713744776775
-2511.080158068573
-2382.8580650495805
-2460.2301380546305
-2410.6452763915117
-2384.42237487961
-2572.5877918762853
-2497.7710789454927
-2567.216982379945
-2481.6438870465513
-2408.5965360442924
-2550.723666381119
-2489.4992941860746
-2548.87910577974
-2489.557716668487
-2419.2118491188367
-2572.5877918762853
-2497.7710789454927
-2567.216982379945
-2481.6438870465513
-2408.5965360442924
-2564.976988776001
-2501.2394271066664
-2565.6277197481522
-2488.597897966736
-2401.921140127073
-2557.281335915044
-2481.8594909246076
-2554.0002385112375
-2484.455330179188
-2410.3302478763253
-2542.779974647958
-2474.1852454207356
-2535.2135591608358
-2482.775123240077
-2432.839548579045
-2558.62058427178
-2498.5012671766144
-2549.7043192649617
-2479.750101197571
-2413.789381530663
-2560.1653366017345
-2474.955763488128
-2554.616668481252
-2484.3176622238034
-2408.9921906388868
-2572.7505751712156
-2493.2542326319176
-2555.064485486832
-2493.689808672627
-2402.3113906542903
[INFO][smbo.py:327] Finished 50 trials.
-2577.3870779821855
-2509.968532507604
-2556.358930974786
-2487.231090514306
-2396.4274245528813
-2553.7955928506444
-2501.822562297698
-2561.5984449400185
-2481.362041941362
-2413.455056472438
-2564.126968280029
-2505.562287317625
-2575.7883736097683
-2478.2276585527343
-2408.2468449039543
-2577.3870779821855
-2509.968532507604
-2556.358930974786
-2487.231090514306
-2396.4274245528813
-2534.389328777177
-2454.1620864547394
-2529.5824173911797
-2469.48731656249
-2409.162859731121
-2566.6450679926306
-2489.3553703795305
-2557.877772247928
-2504.834335132466
-2394.4877709753036
-2552.4203178815696
-2498.448896502737
-2557.8452800828836
-2475.2624197341693
-2395.7919326945157
-2541.615860990546
-2475.7363332143173
-2467.2259527424576
-2441.68228207959
-2396.8305592045226
-2564.126968280029
-2505.562287317625
-2575.7883736097683
-2478.2276585527343
-2408.2468449039543
-2564.126968280029
-2505.562287317625
-2575.7883736097683
-2478.2276585527343
-2408.2468449039543
-2572.545318682687
-2498.368719740224
-2571.6300419408067
-2476.8271175137616
-2406.7946697697694
-2558.9943125176524
-2487.4050603761593
-2541.2838519523766
-2474.832515278689
-2411.0892028340254
-2538.1289082220114
-2484.4717901655263
-2538.86019620933
-2475.5449366052826
-2404.821316903935
-2564.126968280029
-2505.562287317625
-2575.7883736097683
-2478.2276585527343
-2408.2468449039543
-2563.5078098878294
-2495.7007061165195
-2577.627278638606
-2478.124409961699
-2407.3927139245316
-2529.4635581861376
-2497.3878940293457
-2550.519496235358
-2468.5296000908766
-2409.920684793139
-2564.126968280029
-2505.562287317625
-2575.7883736097683
-2478.2276585527343
-2408.2468449039543
-2532.5253882758507
-2391.213996921658
-2503.7255086131504
-2453.457044867595
-2410.9723340474698
-2564.126968280029
-2505.562287317625
-2575.7883736097683
-2478.2276585527343
-2408.2468449039543
-2564.126968280029
-2505.562287317625
-2575.7883736097683
-2478.2276585527343
-2408.2468449039543
-2564.126968280029
-2505.562287317625
-2575.7883736097683
-2478.2276585527343
-2408.2468449039543
-2564.126968280029
-2505.562287317625
-2575.7883736097683
-2478.2276585527343
-2408.2468449039543
-2564.126968280029
-2505.562287317625
-2575.7883736097683
-2478.2276585527343
-2408.2468449039543
-2555.4490121262875
-2488.080286039318
-2566.8558578323846
-2497.395338458722
-2403.5532911662895
-2534.0250581425944
-2472.2230497862865
-2490.02286329346
-2468.994855935484
-2410.8004568504343
-2551.940332687038
-2485.794386515246
-2564.630733711433
-2486.236105662055
-2402.0957272731957
-2559.924983250985
-2500.4199665065125
-2559.995455980881
-2480.7548679643282
-2395.74522142579
-2544.029606659434
-2486.978548948083
-2548.081334055826
-2472.422870802392
-2418.0560594805793
-2546.924806474095
-2482.801854238828
-2546.5447942974797
-2471.2555503132903
-2423.930561513099
-2560.7294722325373
-2492.9529890850677
-2561.7759352962635
-2477.8715481030486
-2404.841138352679
-2553.1213487033488
-2496.0167812027844
-2561.871974575215
-2497.0858548910987
-2395.5399665200953
-2544.2612528066566
-2442.669984067029
-2525.5869836822126
-2476.4420870427075
-2396.5762030919977
-2558.6537730578243
-2488.1641725843133
-2549.887565487615
-2479.9912833595117
-2410.665607439477
-2542.550716892316
-2485.5411615299436
-2550.3100899613273
-2472.7953563894534
-2420.4975336403213
-2564.126968280029
-2505.562287317625
-2575.7883736097683
-2478.2276585527343
-2408.2468449039543
-2564.126968280029
-2505.562287317625
-2575.7883736097683
-2478.2276585527343
-2408.2468449039543
-2564.126968280029
-2505.562287317625
-2575.7883736097683
-2478.2276585527343
-2408.2468449039543
-2564.126968280029
-2505.562287317625
-2575.7883736097683
-2478.2276585527343
-2408.2468449039543
-2564.126968280029
-2505.562287317625
-2575.7883736097683
-2478.2276585527343
-2408.2468449039543
-2564.126968280029
-2505.562287317625
-2575.7883736097683
-2478.2276585527343
-2408.2468449039543
-2564.126968280029
-2505.562287317625
-2575.7883736097683
-2478.2276585527343
-2408.2468449039543
-2541.3205543586255
-2468.258863373817
-2519.630401907727
-2449.4138266232135
-2410.6429080056955
-2564.192208169539
-2505.4866946032384
-2576.4584089629016
-2478.230435298414
-2407.8583413744655
[INFO][abstract_intensifier.py:596] Added config 6c5f99 and rejected config d5f943 as incumbent because it is not better than the incumbents on 1 instances: 
-2554.699166299508
-2491.468088820824
-2543.2860985072884
-2484.707211667259
-2412.7246584265113
-2564.192208169539
-2505.4866946032384
-2576.4584089629016
-2478.230435298414
-2407.8583413744655
-2563.639420153453
-2502.0708016375975
-2571.856610566396
-2482.1131555809416
-2405.664109224286
-2549.8497299334044
-2489.917211363135
-2535.515633682261
-2488.701479290172
-2410.112388706828
-2552.7223668134425
-2488.620870239116
-2520.454246585394
-2475.8902583041304
-2404.9473303769537
-2563.5078098878294
-2495.7007061165195
-2577.627278638606
-2478.124409961699
-2407.3927139245316
-2564.192208169539
-2505.4866946032384
-2576.4584089629016
-2478.230435298414
-2407.8583413744655
[INFO][smbo.py:327] Finished 100 trials.
[INFO][smbo.py:335] Configuration budget is exhausted:
[INFO][smbo.py:336] --- Remaining wallclock time: inf
[INFO][smbo.py:337] --- Remaining cpu time: inf
[INFO][smbo.py:338] --- Remaining trials: 0
