Using file: ../data/A1_data_ela_normalized_with_precisions/A1_B50_5D_ela.csv
[INFO][abstract_initial_design.py:87] Reducing the number of initial configurations from 60 to 25 (max_ratio == 0.25).
[INFO][abstract_initial_design.py:139] Using 25 initial design configurations and 0 additional configurations.
[INFO][abstract_intensifier.py:307] Using only one seed for deterministic scenario.
-2456.746823644259
-2455.6212836070913
-2438.3269990319836
-2494.205726727734
-2311.564785798817
[INFO][abstract_intensifier.py:517] Added config 26fdc2 as new incumbent because there are no incumbents yet.
-2547.907143253957
-2529.779906764838
-2482.222904667578
-2511.654216227849
-2402.8404559521377
[INFO][abstract_intensifier.py:596] Added config 8a205f and rejected config 26fdc2 as incumbent because it is not better than the incumbents on 1 instances: 
-2481.564430806901
-2445.4798334817374
-2462.5799421875195
-2483.217672574855
-2348.9911945606946
-2546.0236198773855
-2538.9097279998336
-2475.3178365862486
-2550.5311390561956
-2415.00630441518
[INFO][abstract_intensifier.py:596] Added config 71b0a5 and rejected config 8a205f as incumbent because it is not better than the incumbents on 1 instances: 
-2559.8008542763305
-2532.618766561753
-2478.390265884691
-2529.8019087600696
-2414.673315753288
-2383.4724007900973
-2399.888551875971
-2335.742388666582
-2424.660283841201
-2254.5717315987818
-2562.686304580919
-2543.917874897302
-2516.4363562242884
-2528.4504602964507
-2388.1874539436562
[INFO][abstract_intensifier.py:596] Added config 423f12 and rejected config 71b0a5 as incumbent because it is not better than the incumbents on 1 instances: 
-2445.7029574471276
-2441.1566292630046
-2466.523309460168
-2445.1073349694525
-2271.95146670001
-2534.469402686799
-2520.0014070555717
-2492.974177501128
-2562.4812464815727
-2405.0567156378834
-2428.8667493446437
-2424.955208665741
-2423.350388488138
-2486.9825841874094
-2318.363908427872
-2529.217380984157
-2509.7333366318217
-2496.936807813052
-2531.8497487066365
-2374.6068854907808
-2401.08605169271
-2446.798013472626
-2364.0755169764943
-2441.607695485205
-2252.460870686892
-2523.417497237959
-2536.2841210148517
-2457.830208272232
-2492.833563819335
-2346.117162030326
-2526.1169095894284
-2511.783681956599
-2482.3768713334384
-2494.314171094459
-2405.736052427181
-2451.321560418244
-2484.711000985173
-2441.394067611711
-2489.5629916957473
-2277.931675901789
-2499.8671209402883
-2517.462755071599
-2458.439531953502
-2496.4459795406665
-2371.1302873498016
-2495.8629134043786
-2499.288246621474
-2440.4083458319446
-2498.6523321254035
-2336.531304106442
-2553.480737561281
-2532.4825812567033
-2469.214304777906
-2539.0717214505407
-2401.2793464883744
-2495.301625260131
-2483.4304749281177
-2463.944924631054
-2481.3399420804276
-2298.956650528412
-2460.7103502655423
-2418.401621907315
-2440.7809621201186
-2460.254114540263
-2335.7715963434066
-2526.4738018950393
-2497.0615549431495
-2495.9338171954596
-2513.6833605938036
-2384.9561616197666
-2453.703005264715
-2490.422924825165
-2480.8700570588026
-2464.4906245541542
-2352.8850390911293
-2563.499662601901
-2513.899167120756
-2467.008728044092
-2533.985472990119
-2404.2389513673397
-2400.6055324409253
-2430.8276818962595
-2371.0775382245024
-2423.6825515607156
-2249.0031643856705
-2552.884547585339
-2532.4391525908763
-2481.306704650459
-2547.173926993793
-2408.174052734293
-2584.5435223968316
-2558.9743378933986
-2499.710516274883
-2540.8596702885548
-2396.826166317929
[INFO][abstract_intensifier.py:596] Added config 6a8b96 and rejected config 423f12 as incumbent because it is not better than the incumbents on 1 instances: 
-2586.629700067571
-2564.1692636748753
-2501.389607114585
-2545.9671341295602
-2396.0032513425604
[INFO][abstract_intensifier.py:596] Added config e72195 and rejected config 6a8b96 as incumbent because it is not better than the incumbents on 1 instances: 
-2581.0765636068722
-2562.47569125493
-2513.368898724467
-2547.4525056026528
-2396.2076447160384
[INFO][abstract_intensifier.py:596] Added config 8aaafe and rejected config e72195 as incumbent because it is not better than the incumbents on 1 instances: 
-2590.274372711774
-2560.2694077486067
-2499.3568074404347
-2519.3850217183826
-2396.732096290805
-2482.852911784002
-2490.2630352802066
-2454.1511081679428
-2457.053006623889
-2305.767708094898
-2532.93852172143
-2479.7602657182138
-2481.3597017556604
-2517.2943238008515
-2362.4155038543777
-2526.1658433745306
-2513.637000065846
-2453.6460120962406
-2483.5502569845376
-2408.7261952993094
-2565.207081433058
-2570.50966116936
-2484.75547009957
-2534.6547510237174
-2404.465533490782
-2561.9801949388147
-2544.302509191796
-2489.2832828763917
-2540.407728643
-2418.9274679736277
-2522.7466968553163
-2538.8476235221915
-2483.833065739815
-2538.838329793353
-2410.443369090697
-2535.9286999723117
-2526.8453248241
-2478.406967078966
-2565.677487237559
-2407.9814683712393
-2535.5879329901554
-2530.274334894766
-2481.392540940183
-2557.7346562227767
-2409.590511078257
-2560.4302933274853
-2539.527107076541
-2486.1552997431645
-2531.955761144665
-2403.875893591354
-2560.0608887283647
-2522.968227592269
-2495.0437261138622
-2546.644441141625
-2386.3416323883803
-2434.6752515301314
-2441.2010433282717
-2449.550116040622
-2461.4430869422695
-2281.444801821026
-2376.53228394747
-2375.424138783382
-2353.1081334922424
-2370.0175930474024
-2250.7867201755666
-2558.50366224045
-2556.473645824965
-2483.0466405895477
-2525.0355828070747
-2403.1951290399793
-2559.098735396617
-2551.0324746370725
-2484.19369103001
-2520.410313657233
-2403.252431237526
-2543.7132713890533
-2540.0307347796
-2484.197182881844
-2536.158585127334
-2400.131568231285
-2543.7132713890533
-2540.0307347796
-2484.197182881844
-2536.158585127334
-2400.131568231285
-2562.7858912070405
-2534.8317969051564
-2486.7899045477006
-2534.160179177541
-2422.009122427092
-2493.1924036427354
-2505.901633585935
-2444.6107742263903
-2517.2471376870376
-2357.5756126556835
-2527.318220798473
-2542.9898558997797
-2494.2310118129826
-2534.111795257528
-2401.728012396172
-2527.4218799639602
-2541.9424929330726
-2491.446405352286
-2535.376518602384
-2401.7280123959627
-2545.2710334562043
-2550.6972683238573
-2503.8856210981367
-2546.3682303195123
-2394.5841090899567
[INFO][smbo.py:327] Finished 50 trials.
-2571.5369807499196
-2536.4288226178696
-2477.9039740761673
-2555.6554654355177
-2413.7835568159153
-2566.0231992521367
-2550.3649643955273
-2466.0854858920443
-2531.245211220896
-2413.57131756546
-2563.420074101622
-2544.2802740976426
-2494.044151279788
-2533.392326359433
-2404.361165821126
-2557.4949687425715
-2561.360157388817
-2495.3716461269423
-2562.495780393891
-2397.215814483144
-2479.4815542239303
-2495.075822149507
-2444.4617768470016
-2487.8735555490825
-2326.731896719367
-2553.104890166297
-2547.8843234719375
-2503.5843361273355
-2555.067371848632
-2404.3171523628102
-2553.6714929985887
-2552.39520135527
-2485.1988328967327
-2549.2511661440926
-2396.4537222189297
-2366.036923693029
-2412.416857441307
-2365.963754390764
-2455.711713741818
-2273.347660900302
-2588.0636176946737
-2547.7161465802956
-2511.9948214249584
-2528.2363020088164
-2394.642780662387
-2585.5510194909616
-2543.673344268995
-2519.5316844745867
-2534.827785008677
-2389.021093899696
-2591.342843000567
-2562.2025764629884
-2496.9315597842647
-2557.7959927636075
-2398.789272582235
[INFO][abstract_intensifier.py:596] Added config 3d9198 and rejected config 8aaafe as incumbent because it is not better than the incumbents on 1 instances: 
-2585.5510194909616
-2543.673344268995
-2519.5316844745867
-2534.827785008677
-2389.021093899696
-2514.922586536509
-2531.923230659572
-2465.187342653
-2513.791204417818
-2359.323428695985
-2593.401501500349
-2541.208358597425
-2517.60785055311
-2527.980241707285
-2395.560867394366
-2590.844758696518
-2561.216614782158
-2502.0988323280317
-2536.9632477113796
-2397.583983905779
-2512.690467138258
-2537.430182222554
-2460.3783471425572
-2508.7419085383654
-2401.0141253760844
-2591.342843000567
-2562.2025764629884
-2496.9315597842647
-2557.7959927636075
-2398.789272582235
-2415.8611240255154
-2448.6991172374546
-2404.3462401677257
-2439.514447837809
-2259.740771397538
-2591.460312217176
-2560.453161361088
-2495.9995203310746
-2546.5291464902502
-2398.259733461858
-2591.342843000567
-2562.2025764629884
-2496.9315597842647
-2557.7959927636075
-2398.789272582235
-2581.0765636068722
-2562.47569125493
-2513.368898724467
-2547.4525056026528
-2396.2076447160384
-2591.342843000567
-2562.2025764629884
-2496.9315597842647
-2557.7959927636075
-2398.789272582235
-2591.460312217176
-2560.453161361088
-2495.9995203310746
-2546.5291464902502
-2398.259733461858
-2557.634674266943
-2545.0705905228415
-2479.866443353553
-2538.1790256055065
-2404.83735758351
-2474.327052726457
-2434.195654486398
-2427.319222802452
-2456.233221235602
-2327.5367564861285
-2557.259984375153
-2535.1328062331977
-2518.2857244214247
-2539.9945639372686
-2399.587016015076
-2557.634674266943
-2545.0705905228415
-2479.866443353553
-2538.1790256055065
-2404.83735758351
-2570.053743221113
-2528.5964048828546
-2506.5783565264123
-2544.0566789476243
-2394.1703363221695
-2570.053743221113
-2528.5964048828546
-2506.5783565264123
-2544.0566789476243
-2394.1703363221695
-2557.259984375153
-2535.1328062331977
-2518.2857244214247
-2539.9945639372686
-2399.587016015076
-2557.259984375153
-2535.1328062331977
-2518.2857244214247
-2539.9945639372686
-2399.587016015076
-2494.8185450901933
-2476.45061566231
-2455.7047861381398
-2465.179685922072
-2321.3932188058106
-2579.824617115511
-2541.2567310869003
-2477.777747651422
-2532.0428093760916
-2406.7700960315724
-2517.8848426616805
-2489.9564179671743
-2461.741930698628
-2477.629390369293
-2314.5010360474366
-2511.184821828901
-2540.0241510875476
-2501.310124896716
-2540.7854566908613
-2406.0274285022037
-2543.629256050911
-2562.490885548533
-2491.877597261366
-2548.4747872337766
-2393.935606746222
-2511.184821828901
-2540.0241510875476
-2501.310124896716
-2540.7854566908613
-2406.0274285022037
-2591.342843000567
-2562.2025764629884
-2496.9315597842647
-2557.7959927636075
-2398.789272582235
-2583.38153742588
-2546.828280059716
-2506.2154593898713
-2527.9417429234445
-2393.736018455149
-2468.4999718099302
-2458.7200658478064
-2447.8843905664567
-2433.393930673249
-2293.921806040316
-2591.342843000567
-2562.2025764629884
-2496.9315597842647
-2557.7959927636075
-2398.789272582235
-2549.546067067794
-2535.50519019293
-2475.4101108970817
-2529.671337947563
-2391.9881334235215
-2591.342843000567
-2562.2025764629884
-2496.9315597842647
-2557.7959927636075
-2398.789272582235
-2591.342843000567
-2562.2025764629884
-2496.9315597842647
-2557.7959927636075
-2398.789272582235
-2560.296521485084
-2525.539002866393
-2486.5454803308176
-2527.977942571164
-2415.0302941859545
-2494.8760951624517
-2510.5607175491705
-2471.2465810833755
-2521.394787835935
-2401.551181849197
-2591.342843000567
-2562.2025764629884
-2496.9315597842647
-2557.7959927636075
-2398.789272582235
-2591.342843000567
-2562.2025764629884
-2496.9315597842647
-2557.7959927636075
-2398.789272582235
-2591.342843000567
-2562.2025764629884
-2496.9315597842647
-2557.7959927636075
-2398.789272582235
-2591.342843000567
-2562.2025764629884
-2496.9315597842647
-2557.7959927636075
-2398.789272582235
[INFO][smbo.py:327] Finished 100 trials.
[INFO][smbo.py:335] Configuration budget is exhausted:
[INFO][smbo.py:336] --- Remaining wallclock time: inf
[INFO][smbo.py:337] --- Remaining cpu time: inf
[INFO][smbo.py:338] --- Remaining trials: 0
