Using file: ../data/A1_data_ela_normalized_with_precisions/A1_B550_5D_ela.csv
[INFO][abstract_initial_design.py:87] Reducing the number of initial configurations from 60 to 25 (max_ratio == 0.25).
[INFO][abstract_initial_design.py:139] Using 25 initial design configurations and 0 additional configurations.
[INFO][abstract_intensifier.py:307] Using only one seed for deterministic scenario.
-2551.622706695291
-2472.9672037104738
-2482.18150866998
-2469.2708638715076
-2420.4748306612464
[INFO][abstract_intensifier.py:517] Added config 26fdc2 as new incumbent because there are no incumbents yet.
-2555.5238205615083
-2502.9705568051418
-2518.378992214809
-2480.578409921254
-2415.991365823736
[INFO][abstract_intensifier.py:596] Added config 8a205f and rejected config 26fdc2 as incumbent because it is not better than the incumbents on 1 instances: 
-2538.15642750147
-2478.2905807612115
-2500.08044763654
-2469.0259173788922
-2420.185971887705
-2557.7227462770834
-2478.861674359404
-2512.5070576007042
-2480.7679199579807
-2429.910124157114
-2564.7644914370376
-2475.8009236199696
-2488.6510040250714
-2482.1924230608465
-2426.959424911024
-2488.380722156252
-2452.184369866142
-2455.2477433433905
-2463.151145884147
-2390.8682749002937
-2546.7155908855157
-2474.092936001452
-2488.6551577703144
-2458.521649881401
-2391.665565952995
-2536.112689387817
-2460.4037839136113
-2452.4899430931264
-2476.1534015920256
-2423.196379383122
-2578.3739772219687
-2468.4562376245835
-2537.4042007130774
-2501.136532927741
-2416.7165107707347
[INFO][abstract_intensifier.py:596] Added config b7ad6c and rejected config 8a205f as incumbent because it is not better than the incumbents on 1 instances: 
-2532.791696246094
-2444.577234378273
-2459.9727999272873
-2465.3500980752224
-2423.2569230987183
-2562.1098838628345
-2479.1119653472747
-2488.215188557225
-2488.2245025293323
-2434.1716774425645
-2532.8081320806714
-2471.543702783708
-2502.1486948672537
-2423.252784251808
-2392.2593691459015
-2560.5076231063917
-2483.325142270928
-2511.876691077453
-2475.7159224053244
-2411.7485504206397
-2557.042576975305
-2490.387606884008
-2511.8540368879367
-2490.9288515155313
-2434.821478702216
-2568.0183393531624
-2468.9952093237366
-2488.8485999652057
-2463.201395480557
-2418.324738028158
-2552.3789728740826
-2465.070847293189
-2498.9982631399616
-2493.5988467902826
-2426.469012424179
-2573.747731940529
-2452.441406514345
-2506.7867266061617
-2466.8526004072855
-2424.802514078675
-2571.1543457078
-2461.9503980361533
-2524.727471493945
-2492.1476591580476
-2422.9030188000756
-2559.7752263754764
-2481.7066228276726
-2499.791034857948
-2474.8518799622043
-2418.895240889572
-2534.7236274066768
-2469.2831791636754
-2494.5712510986036
-2466.281128854659
-2430.1261294090114
-2556.4933309162434
-2470.817420765578
-2503.755531787988
-2453.2398815488395
-2420.734490327589
-2523.0213203367507
-2484.5628323736937
-2449.8719196564775
-2494.1264910200935
-2437.0913745248195
-2573.4897244437316
-2497.560288694435
-2489.9254986727497
-2469.043890406085
-2423.122740201845
-2516.920407298101
-2451.586688050573
-2503.7786427799447
-2423.606527507536
-2398.600652833832
-2557.721066596734
-2462.840369516632
-2519.7938082425335
-2461.9282268570605
-2432.208453346064
-2571.3976021146746
-2473.950420902678
-2501.1893294463343
-2480.024573757828
-2421.9812778912033
-2560.652838533475
-2489.3092429673266
-2522.4623586700272
-2488.2579847517395
-2418.46798307857
-2565.507576775321
-2474.5984808582643
-2535.7218860786884
-2486.7686152432325
-2411.675084483691
-2570.7160134898063
-2454.9938052410166
-2529.1323377642193
-2484.274712158433
-2431.589121652327
-2547.5213912365743
-2461.9698178785043
-2472.680360039846
-2495.040258203208
-2430.897031842794
-2544.307267628423
-2469.469798727687
-2522.200609436711
-2439.9444797960787
-2394.6593293744572
-2561.071154472847
-2483.0829986274675
-2502.2138945494903
-2470.8728416296717
-2423.1762860534736
-2563.8233822358766
-2467.760034517529
-2535.576908288771
-2489.1243212149293
-2411.3458958979786
-2568.9689701956304
-2480.5132632669274
-2529.331667888
-2500.489495165405
-2405.443211360968
-2565.8874538929776
-2471.5036110172005
-2538.9222135236205
-2498.1406700973603
-2416.976465400307
-2561.3478547320774
-2467.9855255671755
-2504.9225150673547
-2483.9820782353154
-2406.179092297677
-2555.428180147245
-2503.5717352360975
-2541.5429418577946
-2492.614750482361
-2421.0599681546337
[INFO][abstract_intensifier.py:596] Added config 773fda and rejected config b7ad6c as incumbent because it is not better than the incumbents on 1 instances: 
-2561.30532582259
-2472.0378906004153
-2537.5221241646327
-2496.9797490180454
-2414.2995106312683
-2567.3589081447376
-2479.0397572106676
-2537.4451350798354
-2481.8564911659705
-2408.758010980557
-2563.9860040422745
-2471.5639840842778
-2482.3204191483674
-2467.3327202327655
-2400.257218865409
-2491.3088124427363
-2415.501111003293
-2387.2306386147966
-2444.952197136304
-2365.5313104786183
-2563.60246855692
-2489.693972554105
-2537.9515942653616
-2459.70522781194
-2403.8048246867684
-2563.0486689738004
-2492.2998456556998
-2538.2666372083813
-2498.162541313014
-2410.589077154058
-2574.4027582882995
-2480.1919528432436
-2532.464028714412
-2471.744598073044
-2407.1120286178293
-2570.29812171124
-2479.164327542824
-2530.810849911094
-2494.7626482332726
-2423.1695750898293
-2563.213564937325
-2469.375525258137
-2529.994946069727
-2487.0286526262316
-2408.5782874082397
-2542.960447646861
-2463.9882938956066
-2492.809479018186
-2487.950974940324
-2422.819526098696
-2578.632507301073
-2477.9823885808164
-2543.6169156358296
-2488.7237244170574
-2415.9282956665775
-2567.2224085951966
-2472.349768610948
-2520.4725730554096
-2485.379011389008
-2423.5727727767553
-2555.428180147245
-2503.5717352360975
-2541.5429418577946
-2492.614750482361
-2421.0599681546337
[INFO][smbo.py:327] Finished 50 trials.
-2575.0968356315298
-2461.1815510305946
-2545.54905075828
-2488.6735349295313
-2404.6267557742876
-2561.221280117247
-2467.5708229258094
-2528.0244454505564
-2481.8861144484313
-2421.403204565236
-2555.428180147245
-2503.5717352360975
-2541.5429418577946
-2492.614750482361
-2421.0599681546337
-2561.2197814847846
-2480.7959079264574
-2491.0350046734256
-2472.394390329057
-2429.461279669685
-2555.428180147245
-2503.5717352360975
-2541.5429418577946
-2492.614750482361
-2421.0599681546337
-2554.6423286930294
-2484.3021039533655
-2501.719205288544
-2485.3120632953146
-2425.797247699258
-2495.586596977571
-2442.131761884202
-2464.7962380648833
-2450.5775911554265
-2408.925149654608
-2568.0660541967827
-2478.6340061601827
-2529.057724296485
-2470.7441403320045
-2422.9856059612234
-2564.0811412408393
-2454.980919819999
-2531.555372543081
-2468.6771510597973
-2421.1173325979075
-2550.776285250879
-2470.3777018568676
-2533.1726046435524
-2467.11588542993
-2418.1389293051698
-2558.66120214403
-2490.6375445795375
-2528.735129163563
-2479.5865645101385
-2415.9986345762904
-2563.5224100868145
-2457.317589651011
-2502.1799289480205
-2478.9661707048117
-2411.838951526803
-2556.7898372272225
-2466.1624256385307
-2552.8374270336076
-2480.5848363674004
-2420.907084315815
-2562.951548165749
-2448.7487928947367
-2536.611442095236
-2485.1815808325514
-2424.893671459211
-2558.6110976040163
-2477.682621163666
-2484.9412245348653
-2485.055020155296
-2437.575338120152
-2555.528762538863
-2463.074532876193
-2536.99378506282
-2486.9146960838398
-2405.746506716987
-2525.020604953977
-2472.9221895373566
-2502.1834424603207
-2427.192928713591
-2397.313972595911
-2550.374987531516
-2482.8713402882468
-2524.867977897232
-2484.648366540701
-2417.896762385235
-2552.7610374670867
-2490.5798182439285
-2532.527483312323
-2469.4411944305866
-2427.080798229987
-2553.167838208846
-2488.2026897567216
-2524.795788159867
-2476.8887745850416
-2420.6055383772173
-2544.6459293829594
-2484.6933291059318
-2516.107811215991
-2479.345686050423
-2432.624231331422
-2556.373788061713
-2464.9993329815334
-2523.725636139028
-2471.5330451719274
-2406.430216543963
-2553.303561976719
-2491.512754624626
-2543.578351784712
-2476.5803040145215
-2420.9786878932528
-2514.8830684766494
-2462.749177296573
-2421.339618033598
-2447.6778717000234
-2393.5738841350403
-2567.5659093427153
-2485.902806578654
-2525.400712781461
-2491.8823728457246
-2421.0565328576627
-2566.7069812859395
-2485.144380599796
-2532.5489376818314
-2488.4549281389236
-2420.1256497169747
-2569.2546043729353
-2469.912386699822
-2513.980321340926
-2482.8973873014133
-2417.3659522088114
-2563.975831244222
-2488.944520863994
-2520.8513986804824
-2455.2278667703517
-2415.544514498074
-2560.1379227386633
-2460.2640493331646
-2495.4388838763357
-2483.727590945735
-2418.486308775699
-2564.269056166597
-2460.7872008383038
-2501.35697043068
-2482.493964822208
-2430.740718705902
-2567.703230003533
-2482.6439642629575
-2526.1233981416462
-2493.4369330283635
-2426.6009962584544
-2555.428180147245
-2503.5717352360975
-2541.5429418577946
-2492.614750482361
-2421.0599681546337
-2555.428180147245
-2503.5717352360975
-2541.5429418577946
-2492.614750482361
-2421.0599681546337
-2555.428180147245
-2503.5717352360975
-2541.5429418577946
-2492.614750482361
-2421.0599681546337
-2556.4035660814757
-2469.4091500169416
-2498.948196901254
-2478.269907761417
-2428.6647257589507
-2548.7767470351378
-2457.6882678620223
-2527.918619109717
-2478.4912231815097
-2419.189716495366
-2555.428180147245
-2503.5717352360975
-2541.5429418577946
-2492.614750482361
-2421.0599681546337
-2558.1250237569293
-2473.502099546251
-2525.3258905308294
-2457.5645753574736
-2403.1668199094574
-2554.3802648500923
-2464.6444952414854
-2501.529850480253
-2459.4304869133043
-2417.5576185784325
-2568.2991038192267
-2475.011121641875
-2525.8238336239215
-2490.982068001289
-2434.9934674647593
-2565.0073233399335
-2473.0865441298747
-2520.937573676848
-2485.0615378116013
-2419.2936433512555
-2565.0073233399335
-2473.0865441298747
-2520.937573676848
-2485.0615378116013
-2419.2936433512555
-2565.0073233399335
-2473.0865441298747
-2520.937573676848
-2485.0615378116013
-2419.2936433512555
-2555.017546931951
-2477.4421044000615
-2509.407356186562
-2493.240657279651
-2419.9276212163
-2559.578146270057
-2476.228981168874
-2529.15505022368
-2484.833772396644
-2414.657226488378
-2541.6116050805454
-2480.150225249708
-2486.17499770152
-2485.894544683387
-2436.4399955346303
-2553.6471148752335
-2490.171632798363
-2534.8288020453642
-2504.1050869726523
-2414.089014050015
-2507.814849515068
-2430.3874849658964
-2445.545428605148
-2426.607009403032
-2400.0469056798693
-2555.428180147245
-2503.5717352360975
-2541.5429418577946
-2492.614750482361
-2421.0599681546337
-2561.274151700949
-2470.251432921753
-2528.3360142585316
-2485.524585795435
-2412.393678784082
[INFO][smbo.py:327] Finished 100 trials.
[INFO][smbo.py:335] Configuration budget is exhausted:
[INFO][smbo.py:336] --- Remaining wallclock time: inf
[INFO][smbo.py:337] --- Remaining cpu time: inf
[INFO][smbo.py:338] --- Remaining trials: 0
