Using file: ../data/A1_data_ela_normalized_with_precisions/A1_B600_5D_ela.csv
[INFO][abstract_initial_design.py:87] Reducing the number of initial configurations from 60 to 25 (max_ratio == 0.25).
[INFO][abstract_initial_design.py:139] Using 25 initial design configurations and 0 additional configurations.
[INFO][abstract_intensifier.py:307] Using only one seed for deterministic scenario.
-2520.792147781881
-2436.3497961035837
-2475.8429224751367
-2449.5313552676744
-2400.2517224358126
[INFO][abstract_intensifier.py:517] Added config 26fdc2 as new incumbent because there are no incumbents yet.
-2525.5533553004434
-2460.231618411006
-2474.9435568045146
-2456.1752274074415
-2402.541052111116
[INFO][abstract_intensifier.py:596] Added config 8a205f and rejected config 26fdc2 as incumbent because it is not better than the incumbents on 1 instances: 
-2522.8905698694066
-2424.0171410389485
-2474.37322206555
-2460.098423515039
-2398.425934410141
-2526.2141293967843
-2434.3158111215002
-2483.7579424421647
-2473.4613613972124
-2403.9797730145388
[INFO][abstract_intensifier.py:596] Added config 71b0a5 and rejected config 8a205f as incumbent because it is not better than the incumbents on 1 instances: 
-2524.9340122760204
-2423.4470986234433
-2475.4255009112912
-2453.428664686057
-2412.431378904466
-2467.35627180379
-2405.2326451003614
-2422.923736368837
-2419.957046881476
-2375.905994166171
-2502.574473339185
-2435.2239965063945
-2478.8356631144975
-2442.246174411316
-2357.115826188511
-2491.750139828217
-2416.648089059376
-2424.8872087963837
-2435.214556026546
-2393.3333334919325
-2510.8381523745247
-2435.4534618593643
-2500.789808515538
-2463.8651853965566
-2386.947376536697
-2511.5837797186714
-2429.5304786920924
-2457.005501063504
-2454.6269706300204
-2403.7333732071747
-2527.552833565978
-2420.6360135034806
-2454.941761342149
-2458.8550545455264
-2393.6577189809773
-2496.777318401638
-2439.5478095795506
-2431.048175299401
-2443.432838417517
-2398.723601362848
-2531.471427715169
-2443.877905323457
-2455.7388988824205
-2469.825634626148
-2408.789219711811
-2521.098357503807
-2421.9141109085244
-2475.5665622829497
-2454.514634421569
-2388.3577433443725
-2522.2108340853115
-2450.2678577722354
-2466.991722918704
-2460.1173141796658
-2396.4582838542165
-2537.9354215118656
-2418.243660345446
-2478.3083741652963
-2457.1415519430884
-2390.5383677196314
-2525.945716121459
-2425.1226784666683
-2457.17867436127
-2452.76313589448
-2397.310690590609
-2535.203837640568
-2433.357806713061
-2508.053910868778
-2481.2504499093693
-2397.440568921461
[INFO][abstract_intensifier.py:596] Added config 46b4e3 and rejected config 71b0a5 as incumbent because it is not better than the incumbents on 1 instances: 
-2526.1705462669142
-2416.5684198439285
-2465.704456758519
-2469.865904960274
-2408.5070931956952
-2514.77349850314
-2418.106861057668
-2458.4907036050836
-2454.123112098642
-2396.61273981141
-2526.2376420943724
-2427.8063791796094
-2475.4822338356935
-2458.5856782274386
-2411.3689350535406
-2513.6237828381286
-2423.6569753681897
-2442.724048166081
-2467.695271829
-2412.6343548723603
-2530.5268177844982
-2429.6492675350214
-2480.561111973222
-2463.0176794840963
-2415.0219980365882
-2499.5444352689815
-2437.382842883359
-2422.5213719341123
-2411.6483084225174
-2390.076278604682
-2525.3361015063465
-2444.0857088996054
-2476.224338656458
-2464.0426695870256
-2421.170734838244
-2526.7329439731943
-2418.4488836722912
-2511.696016197829
-2452.5348451310515
-2378.6088319130104
-2517.4742383509024
-2423.795682860353
-2513.3595857900123
-2454.4244103468272
-2387.142963757572
-2510.133990705645
-2426.7914732794816
-2496.4848378840265
-2460.145772323364
-2394.2239259159383
-2527.163594427826
-2413.873051459419
-2496.1402665386045
-2470.8049999753775
-2392.951904518359
-2526.4076904979147
-2410.9183089349963
-2457.269376746751
-2458.4897414824336
-2417.2876716963287
-2522.6156935803283
-2440.2347728749824
-2465.6492901092615
-2443.4284954834493
-2402.887879184904
-2524.377675282675
-2452.3512545674525
-2469.8817917382003
-2455.805987246439
-2413.1555852206675
-2514.973107516681
-2416.534275602672
-2495.953008650957
-2462.7216502232022
-2398.046073049235
-2533.606734814156
-2441.6477288361475
-2488.6642513208612
-2460.514153035272
-2396.784871180447
-2537.804293528089
-2422.0080916090674
-2502.704104116081
-2477.9406054518604
-2388.0930320437687
-2522.2007661968346
-2440.058703241456
-2477.604776045202
-2467.581932675544
-2390.1535997469673
-2535.585965881818
-2431.2522303642268
-2504.0377197631224
-2477.0419573487175
-2396.8098646593144
-2533.3465230561924
-2441.2809305671094
-2490.7459851798653
-2460.1882801655033
-2401.8106641394847
-2537.804293528089
-2422.0080916090674
-2502.704104116081
-2477.9406054518604
-2388.0930320437687
-2535.2212595664823
-2404.670704656808
-2457.4108970057705
-2463.7990400155427
-2402.6042894413126
-2460.084966106058
-2398.6081341090794
-2389.9502870154183
-2396.7628416830444
-2344.0953292981226
-2541.8188618055874
-2447.547021277182
-2499.6377478325703
-2452.436768966161
-2394.6491172272104
-2542.7697921965137
-2437.356347269303
-2480.4398022612077
-2473.1786751818677
-2409.435068940557
-2520.646671420477
-2428.856579313434
-2499.600851824317
-2468.5343688891176
-2415.208753424302
-2523.3846156793293
-2420.003271577656
-2500.298827965942
-2453.014061004857
-2391.0072154789514
-2528.479059715216
-2420.263857459732
-2490.490843702583
-2463.341504258693
-2383.6094157278785
-2514.9956610959725
-2432.5234915364244
-2487.459352937356
-2442.752751041172
-2400.6460062670494
-2529.99454427233
-2434.835502808335
-2501.66762314419
-2437.28517997591
-2398.557201617491
-2541.784723406998
-2446.564565034319
-2502.432606496911
-2472.4172207387755
-2401.440553870918
[INFO][abstract_intensifier.py:596] Added config 49da62 and rejected config 46b4e3 as incumbent because it is not better than the incumbents on 1 instances: 
-2541.579067070036
-2446.7259198243237
-2501.519340690768
-2472.111291463363
-2399.771168979968
[INFO][smbo.py:327] Finished 50 trials.
-2529.6208083283836
-2442.085316663637
-2500.6926458424923
-2436.2067217987815
-2396.8862668622783
-2520.7772955117025
-2453.4096824587687
-2485.770355364879
-2465.210346477267
-2405.9963429850336
-2529.89142904792
-2432.2242050287055
-2503.830886031819
-2434.1943837244544
-2399.7091746996775
-2541.784723406998
-2446.564565034319
-2502.432606496911
-2472.4172207387755
-2401.440553870918
-2527.4966877787806
-2431.538066961613
-2482.564039149523
-2449.0518406592764
-2399.202347770538
-2541.784723406998
-2446.564565034319
-2502.432606496911
-2472.4172207387755
-2401.440553870918
-2531.9202883393473
-2446.4408509712807
-2493.246421346676
-2462.0936545125714
-2397.2788938680205
-2500.351042754138
-2388.831619161617
-2408.166395231306
-2429.9148716842865
-2373.8474763347626
-2541.784723406998
-2446.564565034319
-2502.432606496911
-2472.4172207387755
-2401.440553870918
-2541.784723406998
-2446.564565034319
-2502.432606496911
-2472.4172207387755
-2401.440553870918
-2541.784723406998
-2446.564565034319
-2502.432606496911
-2472.4172207387755
-2401.440553870918
-2541.784723406998
-2446.564565034319
-2502.432606496911
-2472.4172207387755
-2401.440553870918
-2530.76512744535
-2442.339940482443
-2469.5120841325083
-2461.993173594236
-2399.3005529143475
-2541.784723406998
-2446.564565034319
-2502.432606496911
-2472.4172207387755
-2401.440553870918
-2541.784723406998
-2446.564565034319
-2502.432606496911
-2472.4172207387755
-2401.440553870918
-2521.1011280387365
-2455.5137847932006
-2453.2967190404997
-2448.069332895656
-2405.19075341389
-2539.5309816526405
-2443.7086101119203
-2505.547490775743
-2470.284038428751
-2403.821913656255
-2497.4092092142428
-2440.4023536067234
-2437.5959988633635
-2437.765854899879
-2398.350947445539
-2537.545322487031
-2441.5171254667775
-2510.9438183116417
-2458.7212211045926
-2389.824837916699
-2528.5300817023385
-2428.211601580573
-2490.169756067202
-2467.5288588792723
-2406.4142150640396
-2523.7316553180026
-2414.9674577371093
-2499.536272091176
-2452.7595605581146
-2386.71259975892
-2523.7707457680126
-2410.3776324005476
-2498.7629656987465
-2452.497799813853
-2383.9281298423903
-2523.7707457680126
-2410.3776324005476
-2498.7629656987465
-2452.497799813853
-2383.9281298423903
-2529.176317394891
-2412.7712280684104
-2510.6878089717734
-2467.1598128257583
-2391.576541244456
-2490.219306948583
-2414.1809952086737
-2444.750647387879
-2464.5468208526418
-2363.500916665935
-2529.176317394891
-2412.7712280684104
-2510.6878089717734
-2467.1598128257583
-2391.576541244456
-2529.176317394891
-2412.7712280684104
-2510.6878089717734
-2467.1598128257583
-2391.576541244456
-2529.176317394891
-2412.7712280684104
-2510.6878089717734
-2467.1598128257583
-2391.576541244456
-2529.176317394891
-2412.7712280684104
-2510.6878089717734
-2467.1598128257583
-2391.576541244456
-2529.176317394891
-2412.7712280684104
-2510.6878089717734
-2467.1598128257583
-2391.576541244456
-2537.7020421961747
-2446.562912932989
-2502.4330767347938
-2475.983364319569
-2401.6662016647388
-2523.1835284860454
-2426.9128623737574
-2471.290646969548
-2465.425508217115
-2401.289851347338
-2507.7548479574666
-2431.0975895356446
-2481.354124593155
-2451.47899576713
-2391.1360196445494
-2519.30404882697
-2436.8503310813294
-2466.5612181594906
-2460.9728964956976
-2407.4359033964934
-2541.784723406998
-2446.564565034319
-2502.432606496911
-2472.4172207387755
-2401.440553870918
-2541.784723406998
-2446.564565034319
-2502.432606496911
-2472.4172207387755
-2401.440553870918
-2541.784723406998
-2446.564565034319
-2502.432606496911
-2472.4172207387755
-2401.440553870918
-2541.784723406998
-2446.564565034319
-2502.432606496911
-2472.4172207387755
-2401.440553870918
-2539.2759696234343
-2422.402844472279
-2480.4353150894985
-2470.2367285381106
-2397.48426608111
-2541.784723406998
-2446.564565034319
-2502.432606496911
-2472.4172207387755
-2401.440553870918
-2534.1879494841387
-2417.1713778617705
-2505.2138794641305
-2460.2452094967693
-2387.4424192854995
-2541.784723406998
-2446.564565034319
-2502.432606496911
-2472.4172207387755
-2401.440553870918
-2541.784723406998
-2446.564565034319
-2502.432606496911
-2472.4172207387755
-2401.440553870918
-2524.7768451438596
-2435.0214061118395
-2501.9411785029697
-2481.3414736695036
-2387.939601682686
-2502.083852299866
-2406.5527387100456
-2408.563124081473
-2455.763225509643
-2382.2978145641528
-2541.784723406998
-2446.564565034319
-2502.432606496911
-2472.4172207387755
-2401.440553870918
-2541.784723406998
-2446.564565034319
-2502.432606496911
-2472.4172207387755
-2401.440553870918
-2541.784723406998
-2446.564565034319
-2502.432606496911
-2472.4172207387755
-2401.440553870918
-2541.784723406998
-2446.564565034319
-2502.432606496911
-2472.4172207387755
-2401.440553870918
-2525.5479081074086
-2451.3274900158913
-2502.8228292131844
-2462.7109478004013
-2394.2418183718123
[INFO][smbo.py:327] Finished 100 trials.
[INFO][smbo.py:335] Configuration budget is exhausted:
[INFO][smbo.py:336] --- Remaining wallclock time: inf
[INFO][smbo.py:337] --- Remaining cpu time: inf
[INFO][smbo.py:338] --- Remaining trials: 0
