Using file: ../data/A1_data_ela_normalized_with_precisions/A1_B650_5D_ela.csv
[INFO][abstract_initial_design.py:87] Reducing the number of initial configurations from 60 to 25 (max_ratio == 0.25).
[INFO][abstract_initial_design.py:139] Using 25 initial design configurations and 0 additional configurations.
[INFO][abstract_intensifier.py:307] Using only one seed for deterministic scenario.
-2470.713694134128
-2362.9920862934823
-2448.927269285462
-2403.7903210409304
-2372.440859734433
[INFO][abstract_intensifier.py:517] Added config 26fdc2 as new incumbent because there are no incumbents yet.
-2474.493235957484
-2367.604548444987
-2455.2933380741315
-2408.97019939146
-2368.6172493073577
[INFO][abstract_intensifier.py:596] Added config 8a205f and rejected config 26fdc2 as incumbent because it is not better than the incumbents on 1 instances: 
-2479.148550713608
-2366.9899557675017
-2433.210495261866
-2405.4972347365065
-2357.902612689905
-2484.513680899102
-2362.094028354645
-2429.088523258865
-2420.9666633480856
-2369.7415794087947
-2472.277515103703
-2356.2959031044534
-2434.199214489766
-2419.482068739947
-2350.06440547568
-2447.272071203229
-2340.9199890474883
-2422.7445183309546
-2367.654156924293
-2367.940122773066
-2456.219269332428
-2384.4847860510463
-2453.1443148811304
-2390.098401593612
-2344.6154778933796
-2457.8905038140265
-2368.3865209480227
-2429.5006275421265
-2408.309569548273
-2374.912311611497
-2481.329820848537
-2387.8658063889407
-2441.556864879657
-2415.848539895787
-2358.0001915223734
[INFO][abstract_intensifier.py:596] Added config b7ad6c and rejected config 8a205f as incumbent because it is not better than the incumbents on 1 instances: 
-2465.0058839253225
-2345.874728064079
-2427.1759928902397
-2396.5768203825332
-2366.468429954681
-2479.6409736772653
-2362.4863536436756
-2430.276935781105
-2404.301035706203
-2380.747997142064
-2440.0743066630043
-2336.56316954347
-2423.1758730877086
-2398.2832384264348
-2354.8390859499073
-2483.2753622414
-2357.43821482028
-2450.015806909495
-2410.839553522586
-2375.171321512478
-2475.253142428111
-2378.991190011856
-2448.0163255885873
-2413.9504785044464
-2352.073200732325
-2465.5114359469853
-2356.5759589113222
-2477.995938053088
-2410.7516821726176
-2365.997551247961
-2472.936553987425
-2364.2397346486787
-2448.902329320683
-2423.793015665472
-2370.8578000980087
-2464.6703277716824
-2353.7360575574417
-2419.3342810564827
-2398.378765002584
-2384.2983404443885
-2491.3217771080253
-2389.576882332277
-2447.364757403842
-2413.5841686633285
-2368.4906861005047
[INFO][abstract_intensifier.py:596] Added config 46b4e3 and rejected config b7ad6c as incumbent because it is not better than the incumbents on 1 instances: 
-2473.6429596493144
-2362.455744590635
-2439.1349236112937
-2415.4106960663635
-2374.653832605093
-2474.795515832281
-2374.639207422929
-2459.4308304608344
-2400.9118873205634
-2368.189591359741
-2484.6366622334103
-2379.0229640338425
-2455.8515881220255
-2406.1295448956635
-2372.2828990925254
-2462.3403699831138
-2383.21053033153
-2432.279573452059
-2405.691987790946
-2376.826621442187
-2478.6463523009816
-2365.84199695559
-2439.7621760659927
-2429.72224766808
-2363.9056189725047
-2443.7441396601007
-2293.176778416141
-2421.3854318501076
-2400.953822849185
-2356.14861936949
-2476.860489746652
-2359.7076800501472
-2459.986218847819
-2410.8576414837376
-2360.236538069517
-2493.446602621582
-2374.7065103807945
-2455.849589633483
-2424.5121803242073
-2365.9137808258465
[INFO][abstract_intensifier.py:596] Added config df7ed1 and rejected config 46b4e3 as incumbent because it is not better than the incumbents on 1 instances: 
-2491.3217771080253
-2389.576882332277
-2447.364757403842
-2413.5841686633285
-2368.4906861005047
-2494.232109060115
-2383.90538410396
-2464.922706142811
-2412.931666461722
-2365.871496785498
[INFO][abstract_intensifier.py:596] Added config b5a758 and rejected config df7ed1 as incumbent because it is not better than the incumbents on 1 instances: 
-2492.7496098040488
-2383.076769217794
-2468.319948955871
-2413.967161352175
-2373.059330587194
[INFO][abstract_intensifier.py:596] Added config d44204 and rejected config b5a758 as incumbent because it is not better than the incumbents on 1 instances: 
-2464.7869267674187
-2361.8652248636763
-2429.6308287692623
-2404.654828464426
-2357.8354925944295
-2468.7471671178173
-2368.6402435478585
-2432.6781416709036
-2380.0571942586366
-2348.9580795653433
-2469.3044184728574
-2369.9777617300833
-2452.8963337423847
-2414.828900630745
-2369.6694661286797
-2485.3603256850747
-2369.3806323884037
-2462.5273426695344
-2416.426845871859
-2363.9634629081297
-2490.884708022384
-2372.4961661866464
-2444.238493243167
-2411.133990255818
-2374.0615681163645
-2486.794920920699
-2372.321875997908
-2449.1365792936704
-2404.1546169982917
-2374.8377511022736
-2458.5023264128286
-2368.741472839426
-2444.1920316027263
-2403.1974815980607
-2349.7270193390373
-2494.720097399082
-2386.2220051899685
-2459.632638319529
-2403.075504697027
-2368.9494503853075
-2487.868508716739
-2379.7056950224983
-2457.764974550247
-2406.579625047873
-2363.8307740003693
-2491.4404641474302
-2367.7903317727687
-2448.6552481029985
-2408.7820430777538
-2361.3676349385537
-2457.172079823838
-2362.5923495249294
-2470.5551773744983
-2421.52425865394
-2366.5150921714976
-2423.6321726405545
-2331.710559665215
-2394.1361093068
-2356.6990750724467
-2355.632102477448
-2459.975047666435
-2362.8851997044785
-2451.884455277372
-2423.2848586786063
-2355.5966734339627
-2475.010797087851
-2371.956438027389
-2449.979311121458
-2410.596571602145
-2365.5136120623424
-2472.702886298675
-2365.551970215847
-2466.8892658297746
-2422.349638712625
-2366.0557003458716
-2481.3762683657274
-2376.2202415857096
-2451.369650824842
-2416.7360610142837
-2356.612054662254
-2472.9839875551606
-2372.0808838857097
-2448.542511808225
-2411.1523875720236
-2364.120905197598
-2488.1848901390263
-2364.4926448583756
-2445.1682079548937
-2410.0035768890702
-2387.172809443462
-2472.3000016195438
-2391.3834209913566
-2460.0857206117626
-2415.851057266082
-2357.719151734173
-2472.9839875551606
-2372.0808838857097
-2448.542511808225
-2411.1523875720236
-2364.120905197598
-2478.5881358871816
-2366.0212750481915
-2463.558959269252
-2415.489470763824
-2347.203366768475
[INFO][smbo.py:327] Finished 50 trials.
-2478.5881358871816
-2366.0212750481915
-2463.558959269252
-2415.489470763824
-2347.203366768475
-2469.2099991866953
-2367.2799440200747
-2408.0517470163095
-2416.4492280369686
-2343.5383511551263
-2478.5881358871816
-2366.0212750481915
-2463.558959269252
-2415.489470763824
-2347.203366768475
-2494.232109060115
-2383.90538410396
-2464.922706142811
-2412.931666461722
-2365.871496785498
-2473.66545542577
-2368.2016581677517
-2465.4733086597753
-2407.2252298417284
-2367.071105572682
-2494.232109060115
-2383.90538410396
-2464.922706142811
-2412.931666461722
-2365.871496785498
-2481.884155047996
-2368.468624717423
-2437.9937808334475
-2424.2597197701753
-2349.6065562534986
-2456.7772393284863
-2357.9035941527245
-2467.889049711236
-2395.4633949243016
-2373.0553504243585
-2482.854952761043
-2371.905338631381
-2463.486521401123
-2421.27298147681
-2361.7757915759776
-2476.6130271485194
-2389.687082263175
-2461.7301956428832
-2419.161451775616
-2355.85558960955
-2497.4903982821697
-2386.0568894269863
-2461.917331688309
-2393.3357134507837
-2355.8741384832992
-2497.4903982821697
-2386.0568894269863
-2461.917331688309
-2393.3357134507837
-2355.8741384832992
-2467.468446252641
-2365.6246100538933
-2437.1409320117996
-2416.66219833949
-2378.5761457667118
-2482.854952761043
-2371.905338631381
-2463.486521401123
-2421.27298147681
-2361.7757915759776
-2490.2852400442016
-2379.3912714314465
-2469.0898897960124
-2398.2940779613255
-2362.750952513857
-2480.801241997135
-2359.1452137594056
-2419.0131299304894
-2410.870829770274
-2369.6429644916243
-2492.7496098040488
-2383.076769217794
-2468.319948955871
-2413.967161352175
-2373.059330587194
-2443.0426901805845
-2329.8386361353005
-2424.355468457015
-2405.7495302603775
-2357.375620305825
-2492.7496098040488
-2383.076769217794
-2468.319948955871
-2413.967161352175
-2373.059330587194
-2492.7496098040488
-2383.076769217794
-2468.319948955871
-2413.967161352175
-2373.059330587194
-2492.7496098040488
-2383.076769217794
-2468.319948955871
-2413.967161352175
-2373.059330587194
-2492.7496098040488
-2383.076769217794
-2468.319948955871
-2413.967161352175
-2373.059330587194
-2492.7496098040488
-2383.076769217794
-2468.319948955871
-2413.967161352175
-2373.059330587194
-2482.3428963250644
-2383.110047977328
-2459.2404356060474
-2411.026536584266
-2351.4005421982138
-2475.441274170189
-2364.9420606981867
-2438.1862797764265
-2406.218158466927
-2382.065500013769
-2474.419794805468
-2378.140557816507
-2450.116716738285
-2413.096116165347
-2362.2895226687297
-2458.0402454138793
-2351.4142222803616
-2450.2509458762975
-2415.5874589913487
-2358.7626938728054
-2483.8612566383317
-2368.95478904248
-2466.773099209086
-2398.656930515723
-2352.8350121619023
-2477.1416724888195
-2379.451929727363
-2438.064070991956
-2405.9435841328404
-2346.134675843344
-2483.8652813556137
-2367.0784685576423
-2469.5219205566036
-2399.0195984832894
-2352.0219290332343
-2457.3233438627967
-2350.419298288256
-2455.3888859495564
-2419.323767380268
-2358.873099587922
-2466.838203960654
-2373.355814970512
-2439.129783064843
-2418.470151036132
-2370.918182463689
-2470.704330528315
-2363.2867002763505
-2442.662665721773
-2422.345733641398
-2363.7399379849157
-2466.439204020766
-2368.4466704536267
-2464.5111096206665
-2410.2906495140996
-2369.086176045384
-2477.320403269254
-2354.7835868516454
-2453.9238564331754
-2428.717502363521
-2345.7691662688153
-2481.958634211298
-2376.3930866596784
-2457.8747008421387
-2410.1522171387205
-2366.7233244418453
-2477.566282378621
-2373.5445067587866
-2461.187533139844
-2414.3680948157485
-2353.2465915028797
-2467.1340820779797
-2368.6258551145074
-2447.030973850713
-2410.0054782126954
-2362.039711416176
-2492.7496098040488
-2383.076769217794
-2468.319948955871
-2413.967161352175
-2373.059330587194
-2493.1280458462797
-2376.481766788236
-2469.865239527955
-2410.1218679362555
-2358.3266691302924
-2459.5056461628947
-2359.936110634431
-2437.773565846235
-2401.0689263601344
-2389.7488024623017
-2493.354192300646
-2377.321360596974
-2463.054835646089
-2427.753339351858
-2355.882013487855
-2486.0481464570653
-2377.7282215352125
-2443.267383122521
-2415.142698228739
-2366.212167182359
-2492.7496098040488
-2383.076769217794
-2468.319948955871
-2413.967161352175
-2373.059330587194
-2474.366238552512
-2359.378185987556
-2433.884901975088
-2427.645676612839
-2359.908871969132
-2478.2765285063133
-2352.9161870937496
-2421.0440643927805
-2407.944334197163
-2356.393678787489
-2492.7496098040488
-2383.076769217794
-2468.319948955871
-2413.967161352175
-2373.059330587194
-2492.7496098040488
-2383.076769217794
-2468.319948955871
-2413.967161352175
-2373.059330587194
-2492.7496098040488
-2383.076769217794
-2468.319948955871
-2413.967161352175
-2373.059330587194
-2478.531288497939
-2362.1041072672137
-2449.1893503187093
-2427.873973984379
-2372.5803032109993
[INFO][smbo.py:327] Finished 100 trials.
[INFO][smbo.py:335] Configuration budget is exhausted:
[INFO][smbo.py:336] --- Remaining wallclock time: inf
[INFO][smbo.py:337] --- Remaining cpu time: inf
[INFO][smbo.py:338] --- Remaining trials: 0
