[INFO][abstract_initial_design.py:87] Reducing the number of initial configurations from 50 to 25 (max_ratio == 0.25).
[INFO][abstract_initial_design.py:139] Using 25 initial design configurations and 0 additional configurations.
[INFO][abstract_intensifier.py:307] Using only one seed for deterministic scenario.
[INFO][abstract_intensifier.py:517] Added config c4a454 as new incumbent because there are no incumbents yet.
[INFO][abstract_intensifier.py:596] Added config 0affcf and rejected config c4a454 as incumbent because it is not better than the incumbents on 1 instances: 
[INFO][abstract_intensifier.py:596] Added config 8b738e and rejected config 0affcf as incumbent because it is not better than the incumbents on 1 instances: 
[INFO][abstract_intensifier.py:596] Added config 43cccb and rejected config 8b738e as incumbent because it is not better than the incumbents on 1 instances: 
[INFO][abstract_intensifier.py:596] Added config c5851e and rejected config 43cccb as incumbent because it is not better than the incumbents on 1 instances: 
[INFO][abstract_intensifier.py:596] Added config ad5a41 and rejected config c5851e as incumbent because it is not better than the incumbents on 1 instances: 
[INFO][abstract_intensifier.py:596] Added config dfbd69 and rejected config ad5a41 as incumbent because it is not better than the incumbents on 1 instances: 
[INFO][abstract_intensifier.py:596] Added config 772e70 and rejected config dfbd69 as incumbent because it is not better than the incumbents on 1 instances: 
[INFO][smbo.py:327] Finished 50 trials.
[INFO][abstract_intensifier.py:596] Added config 9d84e3 and rejected config 772e70 as incumbent because it is not better than the incumbents on 1 instances: 
[INFO][abstract_intensifier.py:596] Added config be3661 and rejected config 9d84e3 as incumbent because it is not better than the incumbents on 1 instances: 
[INFO][smbo.py:327] Finished 100 trials.
[INFO][smbo.py:335] Configuration budget is exhausted:
[INFO][smbo.py:336] --- Remaining wallclock time: inf
[INFO][smbo.py:337] --- Remaining cpu time: inf
[INFO][smbo.py:338] --- Remaining trials: 0
Saved untrained lookahead model for budget 700, t+6 to ../data/models/untrained_models/lookahead_models_untrained/lookahead_model_B700_t6_untrained.pkl
Saved lookahead model for budget 700, t+6 to ../data/models/tuned_models/lookahead_models_trained/lookahead_model_B700_t6_trained.pkl
