Using file: ../data/A1_data_ela_normalized_with_precisions/A1_B700_5D_ela.csv
[INFO][abstract_initial_design.py:87] Reducing the number of initial configurations from 60 to 25 (max_ratio == 0.25).
[INFO][abstract_initial_design.py:139] Using 25 initial design configurations and 0 additional configurations.
[INFO][abstract_intensifier.py:307] Using only one seed for deterministic scenario.
-2468.6492030714317
-2334.5606977401594
-2393.96410605165
-2383.0073829994085
-2323.514255317067
[INFO][abstract_intensifier.py:517] Added config 26fdc2 as new incumbent because there are no incumbents yet.
-2457.4251842537333
-2326.1292853703694
-2357.8417322260343
-2384.013571739499
-2297.1698948515623
-2468.9908317999193
-2317.8755306666967
-2372.0180898100766
-2382.0416201226253
-2318.3563222842354
-2472.0573200979993
-2326.9496045823203
-2381.3084956870152
-2389.9616569277987
-2320.4003576616283
-2457.724219978167
-2331.957148448192
-2382.6762831020355
-2387.027567568213
-2311.435787680322
-2440.9744215881806
-2330.6664577852584
-2380.7961184036167
-2359.8590758086307
-2290.4022516515115
-2441.5680099092933
-2348.127380335194
-2364.354809303818
-2380.3297250482037
-2300.0871227639404
-2455.3283189427298
-2328.732091260083
-2379.0184376346406
-2380.5468523486334
-2311.008053479411
-2449.65804075705
-2341.2409934046323
-2377.962075866818
-2397.636038311496
-2323.504468743751
-2444.7562551518336
-2337.171517839081
-2375.0022613770307
-2383.829663055453
-2322.6113331141796
-2462.0676609221164
-2332.053837471085
-2392.0489047758365
-2396.6980544234157
-2315.0660800078144
-2442.5630171632843
-2333.6822779122763
-2357.0570449025477
-2369.0671221389757
-2296.8923676376353
-2454.6108812338416
-2327.723445915223
-2384.4199849981433
-2366.719962415402
-2327.8196580268163
-2468.0970612033807
-2345.4207909876004
-2391.127029396048
-2380.550878886518
-2307.003270975409
-2444.7670491644894
-2322.873221777481
-2400.1931647973342
-2368.5398144745614
-2305.9881597375525
-2478.0269992789285
-2345.5893789263364
-2381.9200562292035
-2383.3290954971644
-2305.404816716592
-2453.2930240153273
-2328.3232162995682
-2389.757806663052
-2378.3314995118762
-2329.484707625385
-2468.8987735215806
-2334.048862972822
-2392.0174896456633
-2376.8402677335444
-2311.535485467124
-2453.316907496387
-2333.171793096528
-2395.0763650213494
-2376.829238138268
-2319.9798614475912
-2469.379366535739
-2338.2253764269526
-2415.422640450573
-2387.97563039084
-2309.587879490966
[INFO][abstract_intensifier.py:596] Added config 99f90e and rejected config 26fdc2 as incumbent because it is not better than the incumbents on 1 instances: 
-2454.762454243262
-2343.5087034259623
-2390.404144020181
-2380.7881974765423
-2316.9905710741787
-2465.3926266156686
-2338.4697606987393
-2381.11126537809
-2383.8045161465307
-2323.1998855418806
-2454.218014168706
-2333.785220799351
-2372.4862587479247
-2387.0056125485257
-2320.826927446433
-2437.0239175584757
-2329.819085785968
-2357.3343805583936
-2355.0755106118295
-2305.0173799843637
-2454.0035289732514
-2324.3068577313406
-2381.415166370322
-2385.7084950256235
-2314.1331640210938
-2468.592261723286
-2335.8202839374635
-2410.479571493219
-2380.362182961365
-2294.190377401349
-2461.2062347347346
-2328.6075750816317
-2400.1907204951385
-2372.7010492016902
-2328.752961362948
-2467.145291344218
-2336.762424950969
-2397.095523869076
-2378.601692826237
-2293.8615743089163
-2467.030230923576
-2335.3163103813254
-2410.5668913942955
-2380.2372351765835
-2292.913938305629
-2466.0375785662595
-2340.704886841919
-2365.2598883207565
-2374.5330608104255
-2319.548608564946
-2446.309442322241
-2342.096558329049
-2368.0166272170177
-2380.774113220006
-2301.7797282721726
-2451.8820627712703
-2327.307826042427
-2397.3440794248017
-2381.373886954122
-2322.551221454962
-2466.4219342350443
-2332.059740087046
-2396.307727031901
-2376.8372925895155
-2294.471959174768
-2465.3822079506795
-2331.782993536384
-2376.668266732493
-2371.078428611445
-2317.063626961425
-2464.5091396619027
-2331.996195518875
-2376.219950824768
-2372.5178727706766
-2324.170691120405
-2462.4934832013587
-2328.5380119754527
-2384.906148983482
-2394.3510673941555
-2301.1647717271003
-2458.0337076163846
-2339.4498555257856
-2390.3368643338817
-2375.3421925341813
-2335.541268661441
-2458.0337076163846
-2339.4498555257856
-2390.3368643338817
-2375.3421925341813
-2335.541268661441
-2459.047788413164
-2324.370531790737
-2401.8038009392744
-2383.2959257598004
-2319.81998717461
-2447.516611152642
-2333.5004791022866
-2392.5973596604877
-2388.3059319380445
-2328.592468852139
-2429.777509920084
-2301.175450573595
-2288.702742984181
-2352.5057601355047
-2273.176099264781
-2462.0133124883328
-2327.9617562909098
-2390.329591364854
-2385.6435502319528
-2314.0172586926906
-2464.9226181091217
-2336.840673399984
-2407.5869139458273
-2375.9128845296314
-2314.674895707435
-2464.9226181091217
-2336.840673399984
-2407.5869139458273
-2375.9128845296314
-2314.674895707435
-2464.9226181091217
-2336.840673399984
-2407.5869139458273
-2375.9128845296314
-2314.674895707435
-2464.9226181091217
-2336.840673399984
-2407.5869139458273
-2375.9128845296314
-2314.674895707435
-2473.5851527472946
-2329.2648357303437
-2372.8384609825885
-2393.2068111415147
-2316.100078942708
-2464.9226181091217
-2336.840673399984
-2407.5869139458273
-2375.9128845296314
-2314.674895707435
-2464.890812464856
-2337.9186930130472
-2407.1232770487786
-2381.1462445105535
-2323.003423866108
-2463.9068155539335
-2337.6798962657513
-2405.198542854576
-2390.2984824542773
-2304.3512568625856
[INFO][smbo.py:327] Finished 50 trials.
-2463.9068155539335
-2337.6798962657513
-2405.198542854576
-2390.2984824542773
-2304.3512568625856
-2449.499699042174
-2324.0610565264824
-2356.2283684908803
-2374.6906428204575
-2332.4705069678816
-2463.9068155539335
-2337.6798962657513
-2405.198542854576
-2390.2984824542773
-2304.3512568625856
-2463.9068155539335
-2337.6798962657513
-2405.198542854576
-2390.2984824542773
-2304.3512568625856
-2456.9995513875574
-2331.4384359256337
-2401.709139303807
-2389.7130274320334
-2331.308009879074
-2463.9068155539335
-2337.6798962657513
-2405.198542854576
-2390.2984824542773
-2304.3512568625856
-2457.239562400411
-2333.964343872915
-2354.1829485298713
-2391.1018641201317
-2315.5508023769576
-2455.2479934510216
-2350.5226613651103
-2383.257046353805
-2356.9011763462936
-2299.086380771093
-2466.86187174882
-2330.4651540155232
-2375.4673148703887
-2374.856071657461
-2314.47728460613
-2466.86187174882
-2330.4651540155232
-2375.4673148703887
-2374.856071657461
-2314.47728460613
-2466.86187174882
-2330.4651540155232
-2375.4673148703887
-2374.856071657461
-2314.47728460613
-2466.86187174882
-2330.4651540155232
-2375.4673148703887
-2374.856071657461
-2314.47728460613
-2453.974980388483
-2332.0042997000346
-2392.4507071281573
-2380.6414892267403
-2322.8429974476576
-2466.86187174882
-2330.4651540155232
-2375.4673148703887
-2374.856071657461
-2314.47728460613
-2466.86187174882
-2330.4651540155232
-2375.4673148703887
-2374.856071657461
-2314.47728460613
-2448.5541647905916
-2332.3023735770657
-2358.493006129681
-2391.5667412528423
-2311.2374992424116
-2472.449912887522
-2338.3243757480873
-2384.695656891009
-2387.121812376625
-2319.3611778716568
-2444.438171844259
-2330.249269833357
-2355.309302805114
-2357.5145535219526
-2313.809151282458
-2456.4623441612725
-2354.749977487716
-2402.3733057582167
-2385.2142109851275
-2316.61917550892
-2472.911011348605
-2338.1806826162206
-2383.6756238803537
-2383.821440895898
-2313.526058387897
-2457.2078396476754
-2355.128167237416
-2402.4070121053755
-2383.472849359367
-2316.953581219107
-2470.4767145010824
-2338.2741533083863
-2397.5471152082405
-2379.7028012285364
-2309.1360789532105
-2454.807484197988
-2339.956383945865
-2397.834117202545
-2390.1820068201846
-2322.0503368344835
-2467.540612527054
-2351.6835278368862
-2399.336890071104
-2379.290196871148
-2315.032906675729
-2471.3823129481952
-2331.2381505216576
-2373.0189268143536
-2389.066734176306
-2308.412348245936
-2462.124285053648
-2341.0649794347687
-2398.0521724070422
-2374.5565478111066
-2296.8985155939167
-2454.753074613764
-2335.045329335147
-2410.5855756690985
-2383.239199549527
-2304.6099969810175
-2451.5355992442505
-2346.871924902467
-2396.0243905908055
-2373.755133013199
-2268.736749428138
-2468.6212546352267
-2331.443025774259
-2399.5847401579904
-2372.7400989055895
-2306.0086267913675
-2466.19634697405
-2341.3537042470034
-2393.4936876348597
-2380.1285011098817
-2300.333871265195
-2460.699704815854
-2341.353655974742
-2391.932973957163
-2362.6963408744273
-2298.6283543823374
-2464.538474265257
-2327.396568772192
-2392.3494461294426
-2381.3926763663017
-2315.761306102871
-2452.771708403912
-2333.588799357333
-2395.94156697606
-2390.929245630708
-2316.6389403539742
-2452.574941824437
-2331.300645563242
-2394.9119272221924
-2382.930503043316
-2316.1152109169775
-2466.4177314425847
-2346.3180202150247
-2405.6488930232895
-2379.0806127300684
-2305.6135430072222
-2466.0309635348426
-2342.441652216895
-2403.504206846348
-2378.372644091327
-2297.897174098327
-2463.1666251908364
-2337.3579666676324
-2396.4603728577813
-2383.4886306119147
-2306.1925239971633
-2466.4177314425847
-2346.3180202150247
-2405.6488930232895
-2379.0806127300684
-2305.6135430072222
-2464.8393551843683
-2330.979906617915
-2410.2477020255533
-2379.1582732661404
-2301.073208850909
-2465.6537545611045
-2338.9802078763378
-2378.578829190741
-2379.637654258143
-2323.2504872250615
-2472.911011348605
-2338.1806826162206
-2383.6756238803537
-2383.821440895898
-2313.526058387897
-2450.799498625994
-2312.5773959566714
-2374.0547324946506
-2378.9479405116213
-2321.840623569717
-2469.2261311581537
-2332.558996978165
-2384.2523573048966
-2384.408691654551
-2333.7401063896173
-2453.979911489927
-2349.424667152514
-2394.0191049570476
-2390.7727732971916
-2314.5124846812223
-2477.6552069786167
-2331.865446828138
-2421.663051620243
-2380.8550359190294
-2308.6561210827713
[INFO][abstract_intensifier.py:596] Added config 79d87b and rejected config 99f90e as incumbent because it is not better than the incumbents on 1 instances: 
-2463.4531104186885
-2335.1514798637027
-2417.1159162992763
-2382.1436787580797
-2300.925618246748
-2449.2947819040046
-2331.3154396872737
-2401.238453118751
-2385.1089754984832
-2327.1694360345455
-2461.3122305895013
-2332.1677535805347
-2384.3423614529797
-2393.516914019797
-2307.2897784900074
-2472.6126770381675
-2338.954320558341
-2419.555595062503
-2379.170927522576
-2309.7718487081574
-2469.788187124468
-2336.1542105403296
-2407.598475693206
-2379.605437375293
-2299.7490725651955
[INFO][smbo.py:327] Finished 100 trials.
[INFO][smbo.py:335] Configuration budget is exhausted:
[INFO][smbo.py:336] --- Remaining wallclock time: inf
[INFO][smbo.py:337] --- Remaining cpu time: inf
[INFO][smbo.py:338] --- Remaining trials: 0
