Using file: ../data/A1_data_ela_normalized_with_precisions/A1_B750_5D_ela.csv
[INFO][abstract_initial_design.py:87] Reducing the number of initial configurations from 60 to 25 (max_ratio == 0.25).
[INFO][abstract_initial_design.py:139] Using 25 initial design configurations and 0 additional configurations.
[INFO][abstract_intensifier.py:307] Using only one seed for deterministic scenario.
-2298.2860825559083
-2236.3485051271596
-2226.865258201512
-2245.822382034941
-2201.5140480236364
[INFO][abstract_intensifier.py:517] Added config 26fdc2 as new incumbent because there are no incumbents yet.
-2300.2168172411575
-2246.648926767488
-2242.221677853702
-2265.968769362787
-2204.0448068565993
[INFO][abstract_intensifier.py:596] Added config 8a205f and rejected config 26fdc2 as incumbent because it is not better than the incumbents on 1 instances: 
-2294.349028411676
-2234.1994771709496
-2234.7396424812664
-2233.524996305709
-2185.2086069069005
-2299.1454951779406
-2251.626859383705
-2254.8140065421194
-2258.1340875172623
-2190.526787072379
-2296.1837881764686
-2242.6964790538136
-2243.7954981378552
-2265.959320988473
-2194.3733657274192
-2279.1816489187063
-2229.53485879988
-2230.3032703152107
-2190.09761418909
-2159.58445153668
-2285.7773534056614
-2233.618282478888
-2213.1341702450477
-2239.7194778550256
-2182.7903263279927
-2292.8471184435657
-2237.988235596915
-2219.8955022371365
-2235.6113246659993
-2176.927123200007
-2300.955273237505
-2250.27574331955
-2239.88672171721
-2261.513512504548
-2188.0945011246868
-2289.708083249099
-2232.7247181968046
-2235.7289029958124
-2247.93265845339
-2174.0432544147106
-2299.3456407730655
-2239.674418928785
-2230.630957072435
-2248.5412598124194
-2195.561949468617
-2289.535545542311
-2231.20698502459
-2200.6468175461277
-2247.6180549735377
-2172.115538292781
-2295.3870634375976
-2239.637007844527
-2261.3321121674
-2252.1724948041974
-2201.020968310801
-2297.2968132038104
-2239.205120579369
-2244.254113808628
-2231.5077936859684
-2187.163215523237
-2291.2363367535236
-2238.1215775081214
-2234.0687470602284
-2248.3428399064196
-2177.7722674257543
-2293.838434306134
-2248.5637996320384
-2235.1652716092035
-2257.7284619347884
-2204.5751483132703
-2298.325683073784
-2231.5958108314335
-2253.6479933300907
-2256.0758958231536
-2171.9208769160346
-2295.7066176641706
-2245.273654484798
-2246.232423657815
-2247.10203094727
-2198.8523198872795
-2297.441202663761
-2245.311808772174
-2241.0407424883965
-2258.006712999963
-2214.098216318389
-2291.3505320885324
-2238.435945476283
-2247.795055255732
-2240.9947475581744
-2174.978193630751
-2298.8200890376943
-2237.7763712478645
-2237.2877520565535
-2257.7892582681234
-2182.6068975776375
-2294.952185700451
-2238.9866507490815
-2219.8201352973683
-2256.1675801399106
-2164.16147470891
-2301.8939197963855
-2241.982268416459
-2253.1140542789626
-2246.364478986462
-2195.3986812894173
-2275.6996365889227
-2237.0451626159584
-2212.217913040815
-2248.9419030123545
-2168.912933150454
-2301.89774231877
-2238.9880740586727
-2234.6741209005113
-2245.034425667127
-2199.6866891569907
-2302.2647652110686
-2248.3975069657654
-2245.5926441555835
-2262.2099535848133
-2207.4187721962617
[INFO][abstract_intensifier.py:596] Added config 5968d5 and rejected config 8a205f as incumbent because it is not better than the incumbents on 1 instances: 
-2301.7519933672374
-2249.7964538479514
-2252.115423758223
-2255.0900220291214
-2202.9258129758045
-2296.7397385210343
-2243.512347498782
-2241.5004856502537
-2265.042065382161
-2187.5252752691404
-2304.482970979232
-2250.9542909330416
-2243.606635356642
-2256.972948643142
-2190.2565402218593
-2295.2172468199915
-2244.736471778798
-2230.785165715563
-2262.2505294852263
-2186.679988684835
-2290.307327806176
-2243.4192957155856
-2207.9550114090207
-2255.6797583007433
-2165.36011117683
-2301.8319406836017
-2241.2625014189175
-2249.394469760894
-2258.296677122337
-2190.961443602614
-2300.71922550404
-2245.40822855276
-2244.0995649773117
-2258.2678612631676
-2197.289195219201
-2296.3758494285826
-2246.375861682479
-2241.8669109693165
-2267.227993064029
-2184.631043142518
-2300.629746116756
-2250.4052930033267
-2251.318929781912
-2259.129835574514
-2202.044533050823
-2302.2616298979797
-2248.3862804507417
-2240.1449304162325
-2246.047660467675
-2203.155922440629
-2304.4131795777125
-2244.840056776559
-2251.8875525039116
-2258.538332597451
-2186.8245552133103
-2301.523091476988
-2244.253239900926
-2259.0925345778364
-2262.0975929754927
-2190.1076458570324
-2296.3758494285826
-2246.375861682479
-2241.8669109693165
-2267.227993064029
-2184.631043142518
-2294.900035724722
-2227.5487988690747
-2242.0412847946473
-2245.572112847397
-2182.6139168529244
-2268.5965023556905
-2239.489708250629
-2203.289345368634
-2189.7824718986667
-2148.144935454381
-2297.6737780904655
-2248.469152862597
-2242.627881074829
-2262.259227932377
-2197.1451788539443
-2297.6737780904655
-2248.469152862597
-2242.627881074829
-2262.259227932377
-2197.1451788539443
-2305.2407402614363
-2250.367959697993
-2242.147567574515
-2271.0835108153956
-2181.905440536373
-2297.6737780904655
-2248.469152862597
-2242.627881074829
-2262.259227932377
-2197.1451788539443
-2297.6737780904655
-2248.469152862597
-2242.627881074829
-2262.259227932377
-2197.1451788539443
-2295.1282015624165
-2252.4384410506977
-2242.8709272844258
-2253.984963426114
-2203.509491362406
-2301.192886093044
-2246.5657542700674
-2248.54634296272
-2260.4634464921046
-2198.7108580717622
-2304.8491316746795
-2251.5512717594543
-2246.826564041635
-2271.475862603477
-2181.8202162188973
-2302.297882886218
-2244.104627657738
-2237.6456241195974
-2259.5335300010656
-2193.7839079161076
[INFO][smbo.py:327] Finished 50 trials.
-2300.600413584244
-2239.552046924727
-2237.768941274214
-2256.3429601835032
-2190.2384502232426
-2296.681217523068
-2239.4031070072815
-2254.24294475884
-2256.4442390197437
-2201.746753140831
-2299.12676835402
-2240.014280842225
-2243.9593507538953
-2263.720834074438
-2175.788181330958
-2299.239634819557
-2240.487036582538
-2240.9305286586196
-2263.4570531815057
-2183.427057316785
-2299.187503639685
-2234.979178923095
-2237.374111961255
-2250.7248438646693
-2181.706155530783
-2299.7831335471387
-2238.711678005175
-2242.533335962121
-2261.8456076491243
-2188.7625865822415
-2303.4353999314476
-2243.254951208345
-2245.9147806607752
-2249.394299559799
-2187.78117044564
-2279.812347695822
-2235.522866770397
-2234.546382303947
-2200.776011697761
-2162.2049536813083
-2300.1021581935215
-2243.326111382592
-2251.4226898040097
-2261.8194852093166
-2205.5809733347005
-2303.584491611295
-2247.394759974675
-2250.904348241118
-2269.754226422289
-2198.62315245859
[INFO][abstract_intensifier.py:596] Added config 9169a5 and rejected config 5968d5 as incumbent because it is not better than the incumbents on 1 instances: 
-2301.299792958288
-2254.589438934023
-2250.638252610644
-2257.2378299709917
-2185.021012082282
-2305.271747280072
-2258.9562320492887
-2252.281609502503
-2258.397054690322
-2198.4127999165735
[INFO][abstract_intensifier.py:596] Added config b34596 and rejected config 9169a5 as incumbent because it is not better than the incumbents on 1 instances: 
-2296.806395337975
-2238.494126766114
-2251.8764330944896
-2259.2826069359153
-2212.028456351348
-2303.3297113696976
-2245.37479523042
-2246.857287233257
-2253.3265406271053
-2204.0101340972924
-2305.2764885435245
-2259.007781958304
-2252.364063932031
-2258.9368498433055
-2196.529750824402
-2296.48394647005
-2244.5941729546826
-2246.4271717242505
-2269.380211251332
-2175.7314774688634
-2297.102487964944
-2243.917836890018
-2248.798445970133
-2260.3495248572576
-2198.169279194303
-2283.6810062872773
-2234.194296869135
-2217.33808227936
-2248.7565697844
-2173.7666607128517
-2303.6271819311455
-2243.176809016859
-2246.318861987659
-2260.4366926306075
-2196.479263811379
-2297.040622289722
-2240.1677653807637
-2250.487591280148
-2260.9182176083855
-2198.480667938814
-2299.626875664835
-2242.9549685567135
-2246.7118130013496
-2262.9788210142347
-2206.050151240627
-2297.102487964944
-2243.917836890018
-2248.798445970133
-2260.3495248572576
-2198.169279194303
-2299.626875664835
-2242.9549685567135
-2246.7118130013496
-2262.9788210142347
-2206.050151240627
-2305.9961185094617
-2259.0878943397715
-2251.018060456661
-2252.670205780866
-2198.7578783387953
-2310.9500833794123
-2238.315296194539
-2242.477359455986
-2242.4144814915426
-2178.26988923893
-2305.2292723104397
-2259.5944722012728
-2252.2995339212766
-2258.1991843747032
-2196.363612163757
-2305.432884695979
-2259.744813636703
-2250.3879597554824
-2257.3322019361867
-2198.0940619325575
-2303.178358393893
-2247.5450764234893
-2250.935432446828
-2270.9367759952747
-2198.709357652287
-2305.2764885435245
-2259.007781958304
-2252.364063932031
-2258.9368498433055
-2196.529750824402
-2303.178358393893
-2247.5450764234893
-2250.935432446828
-2270.9367759952747
-2198.709357652287
-2294.499599152734
-2228.824037281107
-2241.9008865526284
-2250.12744019578
-2216.3667224598044
-2295.631143692458
-2238.559983811981
-2239.5307312683904
-2262.8140673652947
-2188.3865772753275
-2297.6084112920216
-2236.4554936965433
-2261.060001533412
-2255.8994189055666
-2192.360862705969
-2305.271747280072
-2258.9562320492887
-2252.281609502503
-2258.397054690322
-2198.4127999165735
-2305.271747280072
-2258.9562320492887
-2252.281609502503
-2258.397054690322
-2198.4127999165735
-2305.271747280072
-2258.9562320492887
-2252.281609502503
-2258.397054690322
-2198.4127999165735
-2305.271747280072
-2258.9562320492887
-2252.281609502503
-2258.397054690322
-2198.4127999165735
-2305.271747280072
-2258.9562320492887
-2252.281609502503
-2258.397054690322
-2198.4127999165735
-2305.271747280072
-2258.9562320492887
-2252.281609502503
-2258.397054690322
-2198.4127999165735
-2244.577829518813
-2242.6279156032306
-2204.3471615869066
-2196.1334907313717
-2151.2520791813886
-2295.852124649976
-2240.3023877142455
-2227.7383721318524
-2223.1601095368396
-2198.8401927428213
-2252.7137132889566
-2247.508977573166
-2213.557111518315
-2228.1971787869193
-2161.19442044484
-2303.166328024036
-2252.0674980405984
-2246.5014101762245
-2259.2248121294783
-2203.590551344912
-2244.577829518813
-2242.6279156032306
-2204.3471615869066
-2196.1334907313717
-2151.2520791813886
-2252.7137132889566
-2247.508977573166
-2213.557111518315
-2228.1971787869193
-2161.19442044484
-2300.3778936953377
-2251.388958346054
-2254.8155770015146
-2261.2109175576193
-2200.5876384823837
-2298.8992005976743
-2244.8299369735482
-2236.1064987658765
-2252.2577589578627
-2202.0620805327294
-2298.31773008676
-2244.5950457598415
-2247.011019531728
-2261.5734082462327
-2198.2341127065897
-2305.271747280072
-2258.9562320492887
-2252.281609502503
-2258.397054690322
-2198.4127999165735
-2298.31773008676
-2244.5950457598415
-2247.011019531728
-2261.5734082462327
-2198.2341127065897
[INFO][smbo.py:327] Finished 100 trials.
[INFO][smbo.py:335] Configuration budget is exhausted:
[INFO][smbo.py:336] --- Remaining wallclock time: inf
[INFO][smbo.py:337] --- Remaining cpu time: inf
[INFO][smbo.py:338] --- Remaining trials: 0
