Using file: ../data/A1_data_ela_normalized_with_precisions/A1_B800_5D_ela.csv
[INFO][abstract_initial_design.py:87] Reducing the number of initial configurations from 60 to 25 (max_ratio == 0.25).
[INFO][abstract_initial_design.py:139] Using 25 initial design configurations and 0 additional configurations.
[INFO][abstract_intensifier.py:307] Using only one seed for deterministic scenario.
-2066.1861047284838
-2022.1203806126164
-2009.208250323442
-2062.3633153336727
-1972.517731288213
[INFO][abstract_intensifier.py:517] Added config 26fdc2 as new incumbent because there are no incumbents yet.
-2072.853430357211
-2025.1499114356827
-2039.3180000769437
-2071.699155310539
-1972.4338090065862
[INFO][abstract_intensifier.py:596] Added config 8a205f and rejected config 26fdc2 as incumbent because it is not better than the incumbents on 1 instances: 
-2065.6664698364093
-2021.4425737618392
-2011.4698440095751
-2041.688204128015
-1973.9421412088388
-2070.7326789812805
-2033.1986466004773
-2023.8987376836508
-2070.6580470060935
-1983.1557528386297
[INFO][abstract_intensifier.py:596] Added config 71b0a5 and rejected config 8a205f as incumbent because it is not better than the incumbents on 1 instances: 
-2074.0137311964013
-2031.0175086566087
-2036.8694792262115
-2068.7755567933455
-1983.3984582206785
[INFO][abstract_intensifier.py:596] Added config 87cf8a and rejected config 71b0a5 as incumbent because it is not better than the incumbents on 1 instances: 
-2073.8664741712673
-2019.428074275808
-2015.2756075989823
-2031.3453023421496
-1983.5511201934944
-2062.6558572323256
-2025.631870935349
-2013.432673419271
-2064.1615608702277
-1971.0564423179198
-2066.951135803768
-2021.8353852143505
-1997.1357654668936
-2062.0362963383545
-1965.8625684278368
-2074.9433466078026
-2040.6964246885268
-2040.111373104562
-2083.5558701006184
-1969.8156088043702
[INFO][abstract_intensifier.py:596] Added config b7ad6c and rejected config 87cf8a as incumbent because it is not better than the incumbents on 1 instances: 
-2065.862209913178
-2016.2180319013194
-1994.919249973274
-2042.891854846951
-1973.5871682579527
-2070.574437914871
-2029.5259133904567
-2025.478293868658
-2067.912420022026
-1984.6192066874653
-2064.4184805730156
-2026.0363235209036
-2011.8247722243914
-2038.1054959222433
-1970.0186562739898
-2062.360672624088
-2029.8617971719932
-2032.2141729116522
-2062.837824994533
-1984.305881977577
-2068.3259681674185
-2027.9064342652637
-2016.9157087623814
-2047.2694444192882
-1972.3130672766817
-2064.168586690989
-2020.6993936464874
-1988.182251373286
-2056.605170598398
-1968.927304535134
-2072.7648027730693
-2030.99149083595
-2033.9218740714268
-2073.344419486153
-1981.0698250837586
-2062.2493162685523
-2019.3514819603747
-2021.8882181284118
-2084.1254938712013
-1986.0501942366996
-2075.7732781771674
-2033.385202866646
-2042.7050366118688
-2075.2503132163483
-1986.6734789361058
[INFO][abstract_intensifier.py:596] Added config 46b4e3 and rejected config b7ad6c as incumbent because it is not better than the incumbents on 1 instances: 
-2061.7806101251
-2022.6286932927596
-2032.0346563734445
-2072.8733287932937
-1985.998785820027
-2073.427010009648
-2027.4702447382338
-2045.1578929998327
-2049.759820797968
-1970.4406245067698
-2076.5621018697598
-2018.828067633921
-2028.5203327697477
-2072.7266062541303
-1966.3192906621957
-2070.823386564785
-2025.2313190759403
-1999.120313858441
-2060.258866975486
-1979.1036994547137
-2073.1746804222234
-2039.8666992141555
-2033.6545015494137
-2072.240320127056
-1985.759784317582
-2057.6591477083
-2019.3992016489733
-2000.6223221338114
-2017.783149177866
-1966.312203394892
-2070.7277336587163
-2028.219339853173
-2037.1972351699674
-2070.79658265558
-1982.387191972496
-2085.3332312478124
-2028.836236899097
-2030.5833066400032
-2052.1249967625654
-1986.9632479703034
-2077.612683262216
-2031.5814828666687
-2046.2466531324026
-2052.951043493372
-1980.9871451852898
-2071.417982753576
-2029.6237111135888
-2034.0732563261308
-2066.5255714483287
-1970.5236247808834
-2070.748649046886
-2030.4244478054263
-2041.0936718589928
-2058.881879689471
-1977.2490107053372
-2070.5238158490524
-2026.1947501645393
-2013.4170949309096
-2051.176300476094
-1964.6762756069295
-2066.8732772807534
-2033.751277267551
-2007.90359836664
-2050.466131683546
-1962.8842983278882
-2066.40251787201
-2029.832675468851
-2043.3033252851042
-2071.735414904625
-1979.0380327638104
-2070.9519133963718
-2029.5080046766968
-2034.9252887349517
-2067.2703697656516
-1972.1398085925043
-2087.4795904595658
-2028.9320518726802
-2021.1893740194876
-2067.8207387194725
-1982.9789841107684
-2084.3713428681885
-2039.114514635221
-2026.521947523807
-2048.590054847312
-1992.4987630828596
-2076.9856250928783
-2021.0255031023505
-2021.2785417665327
-2058.9473869090953
-1978.7095757686836
-2067.8991855909317
-2039.7840661664522
-2022.756747178712
-2057.5639140690796
-1978.0411205092628
-2067.236631474417
-2033.4908262731244
-2032.1527666904071
-2077.240621379272
-1992.554583434819
-2074.836493848292
-2036.4174628809326
-2021.1429545947262
-2063.06568935387
-1979.0659568110768
-2062.397311393485
-2020.4549331355972
-1990.9253771194412
-2071.000962018692
-1972.5444332223165
-2052.910006162468
-1997.5963002994408
-1961.2392115470025
-2010.8454021899945
-1962.9411513792072
-2076.2892512095464
-2033.2867834821004
-2044.1815639257734
-2072.818164007529
-1985.3735425186399
-2068.3528147061547
-2034.5685601584855
-2039.9140278388109
-2065.761055011666
-1977.2361432853459
-2066.3637441627952
-2032.7970047410806
-2029.2012774053492
-2065.1524221527825
-1982.1150035202509
-2069.515013362361
-2032.7934463886318
-2032.057216162666
-2065.656750230109
-1985.4080980786516
-2072.4534727028295
-2032.6998507887135
-2030.510585258545
-2080.6633219392975
-1969.792140540744
-2071.6411842334696
-2037.7521710401052
-2011.987946401181
-2063.7035770305874
-1972.9512632283659
-2069.6015599937055
-2031.852913052744
-2021.55462726115
-2066.8526323403403
-1991.1874742379252
-2071.573289920304
-2034.563301663692
-2040.6096983171146
-2082.22921397746
-1985.580799483757
[INFO][abstract_intensifier.py:596] Added config 194da7 and rejected config 46b4e3 as incumbent because it is not better than the incumbents on 1 instances: 
-2072.759580812681
-2033.7181694215606
-2017.8706768411857
-2068.515252267327
-1986.5279760244857
[INFO][smbo.py:327] Finished 50 trials.
-2069.810953768279
-2032.0859850310599
-2024.096189816241
-2080.0404874152227
-1982.1720847493445
-2068.953863251614
-2021.8484507534638
-2044.1590490616934
-2057.005487509756
-1978.6661035314708
-2069.810953768279
-2032.0859850310599
-2024.096189816241
-2080.0404874152227
-1982.1720847493445
-2069.810953768279
-2032.0859850310599
-2024.096189816241
-2080.0404874152227
-1982.1720847493445
-2066.0095865853123
-2024.6982480560891
-2026.788857819962
-2071.7574339285925
-1979.8932025773238
-2066.3633336823646
-2035.108419662857
-2029.412009694734
-2063.9998025219097
-1987.2188839833052
-2070.0174279780813
-2031.6085898243755
-2036.9875112794368
-2065.864402726251
-1991.6170458896368
-2072.532620063783
-2022.6242127348644
-2025.4996861485297
-2030.0910192969438
-1976.9587777284542
-2076.0160231194527
-2030.1661793175117
-2040.6527048042856
-2059.9800294785377
-1983.8166759586884
-2069.2171317424
-2040.2385901546713
-2036.156843713432
-2055.3059271922584
-1981.9463745445846
-2071.419454132481
-2026.6912374088256
-2027.462005014553
-2065.772824741886
-1970.76602984047
-2062.8971633255755
-2023.0169912200872
-2034.5020685425125
-2071.603132227572
-1981.207688162171
-2066.1628491324004
-2023.890192584709
-2030.7145101904669
-2069.677037932739
-1982.4607812690583
-2074.7802000322513
-2024.8747671822853
-2024.680869046585
-2077.16166837789
-1970.6831797507173
-2068.534203892719
-2031.211128101934
-2037.3509383279911
-2066.7065285590716
-1979.9722914591307
-2073.828607128039
-2025.9612963385498
-2034.0909457474654
-2087.1390688286606
-1975.578483339364
-2072.372631461983
-2040.1891086058718
-2041.956846113407
-2078.957427157374
-1986.3565784407738
[INFO][abstract_intensifier.py:596] Added config 929e8a and rejected config 194da7 as incumbent because it is not better than the incumbents on 1 instances: 
-2062.0839289586543
-2011.3399624743474
-2009.386439193781
-2034.613444229306
-1969.096735413655
-2072.372631461983
-2040.1891086058718
-2041.956846113407
-2078.957427157374
-1986.3565784407738
-2072.372631461983
-2040.1891086058718
-2041.956846113407
-2078.957427157374
-1986.3565784407738
-2072.372631461983
-2040.1891086058718
-2041.956846113407
-2078.957427157374
-1986.3565784407738
-2072.372631461983
-2040.1891086058718
-2041.956846113407
-2078.957427157374
-1986.3565784407738
-2072.372631461983
-2040.1891086058718
-2041.956846113407
-2078.957427157374
-1986.3565784407738
-2065.466752850364
-2030.3368473928786
-2015.990096994295
-2069.26509751305
-1968.693394384407
-2069.955433774418
-2030.4555296973153
-2020.316371912049
-2036.089201012407
-1976.4664787961956
-2065.908238889087
-2031.875782830067
-2020.3115016166332
-2074.4228240746015
-1968.7694303698624
-2064.1347062747295
-2034.6675052677151
-2015.733974475254
-2071.583605265122
-1964.5560750654572
-2063.488596401533
-2027.8507501028866
-2023.4239187435535
-2056.5143245657746
-1961.6276334064335
-2077.521765595391
-2022.8516822996476
-2022.4335680228771
-2073.926018638034
-1956.653008727171
-2066.544828234998
-2028.0128680388266
-2011.2799950285955
-2056.2210124376616
-1974.58403922564
-2074.1107789805933
-2024.714361005957
-2028.9363227422095
-2055.6209881668005
-1975.6184644081382
-2065.761868590723
-2026.8086178678286
-2009.0202980589115
-2062.528751053346
-1991.003064269569
-2069.8690932322666
-2027.1675897940922
-2021.5081944220015
-2059.4609851598916
-1965.5884644773344
-2062.1147127417753
-2032.0763822473873
-2034.2612791041406
-2069.8031321716576
-1983.6686835223225
-2069.6425106055376
-2021.5217257047739
-2036.8527940592976
-2076.117480956817
-1975.4088924791904
-2070.712242718496
-2030.156313642025
-2035.7235525226984
-2076.3692947909585
-1981.6264950236962
-2072.1161183748286
-2031.750074676264
-2010.4666693032013
-2073.194535944735
-1981.1330923048972
-2070.712242718496
-2030.156313642025
-2035.7235525226984
-2076.3692947909585
-1981.6264950236962
-2070.48814610169
-2035.1654810427228
-2021.7693107601642
-2075.648853925415
-1969.17415699625
-2072.372631461983
-2040.1891086058718
-2041.956846113407
-2078.957427157374
-1986.3565784407738
-2069.173554041118
-2032.4351693978447
-2019.60397056498
-2074.3776247970372
-1987.2811724652297
-2062.460258888773
-2021.9345423610553
-1983.4976154275887
-2042.4564874383548
-1974.7152921238876
-2073.3962537944726
-2034.8772440492903
-2017.9260232923934
-2072.4637870387073
-1984.4601195661162
-2071.78346774694
-2026.4823960461702
-2045.0990970748292
-2060.1796273861532
-1984.3249257098178
-2069.173554041118
-2032.4351693978447
-2019.60397056498
-2074.3776247970372
-1987.2811724652297
-2069.173554041118
-2032.4351693978447
-2019.60397056498
-2074.3776247970372
-1987.2811724652297
-2074.815506186494
-2032.7002905292547
-2030.712031970207
-2076.8883674192584
-1985.4603257202275
-2063.470423422835
-2031.1823504338017
-2028.2069034576932
-2067.302946006441
-1965.5912388165912
-2066.7053364034
-2026.0099335364032
-2039.11384083094
-2072.9002898299887
-1968.3249277964544
-2066.7053364034
-2026.0099335364032
-2039.11384083094
-2072.9002898299887
-1968.3249277964544
[INFO][smbo.py:327] Finished 100 trials.
[INFO][smbo.py:335] Configuration budget is exhausted:
[INFO][smbo.py:336] --- Remaining wallclock time: inf
[INFO][smbo.py:337] --- Remaining cpu time: inf
[INFO][smbo.py:338] --- Remaining trials: 0
