Using file: ../data/A1_data_ela_normalized_with_precisions/A1_B850_5D_ela.csv
[INFO][abstract_initial_design.py:87] Reducing the number of initial configurations from 60 to 25 (max_ratio == 0.25).
[INFO][abstract_initial_design.py:139] Using 25 initial design configurations and 0 additional configurations.
[INFO][abstract_intensifier.py:307] Using only one seed for deterministic scenario.
-1933.3129625590495
-1870.3443722285538
-1869.7937615731298
-1934.5725479391538
-1838.741867477658
[INFO][abstract_intensifier.py:517] Added config 26fdc2 as new incumbent because there are no incumbents yet.
-1922.4661185612176
-1871.6099681450105
-1865.4617252349683
-1946.2045421294433
-1846.5181473319428
[INFO][abstract_intensifier.py:596] Added config 8a205f and rejected config 26fdc2 as incumbent because it is not better than the incumbents on 1 instances: 
-1914.2107079644866
-1873.6613991876125
-1860.9814710676037
-1925.7248085202111
-1843.2292398955622
-1917.6792611372111
-1875.5454159331207
-1874.2580368267872
-1952.0555861578807
-1841.7879097986506
[INFO][abstract_intensifier.py:596] Added config 71b0a5 and rejected config 8a205f as incumbent because it is not better than the incumbents on 1 instances: 
-1919.835539834652
-1873.9129426775514
-1866.3088531417318
-1942.9673479468463
-1846.0027771115788
-1912.0874429657738
-1854.106650545437
-1873.4159217734632
-1909.845289220889
-1836.3276347586097
-1920.1373308919353
-1874.840894126309
-1857.0887672131057
-1940.9635759399757
-1836.6830421203604
-1916.5423094226107
-1862.8759646892504
-1851.8572775151908
-1923.0356018151233
-1836.9672153032361
-1921.2769048752348
-1879.5596063070752
-1878.8633176029455
-1944.1259034327027
-1849.505870715962
[INFO][abstract_intensifier.py:596] Added config b7ad6c and rejected config 71b0a5 as incumbent because it is not better than the incumbents on 1 instances: 
-1912.6135875945033
-1861.7155460690747
-1850.0035645773723
-1937.0828866725142
-1837.8362514910236
-1930.298587098156
-1872.7539622710349
-1877.1179673118584
-1939.6180856087003
-1847.4924241195254
-1921.5426467277148
-1855.1791943115097
-1848.881023334418
-1929.3827291137402
-1830.0815971206853
-1929.9580218805904
-1875.1423083037078
-1873.9813598662763
-1940.888064630219
-1845.1737147630524
-1922.9640651387967
-1871.0614043042588
-1875.679306044307
-1947.163025702058
-1846.5499669519536
-1921.6577055439193
-1863.5676057741584
-1870.302606701232
-1946.606349359257
-1832.8840732511217
-1918.074924227938
-1865.3877919624235
-1876.1882611116846
-1944.2001084550593
-1845.6058564999842
-1916.3948606964552
-1861.773329014914
-1865.106492384204
-1948.084912792378
-1839.6045472518454
-1928.5034229642672
-1879.472900630309
-1869.5972680326474
-1944.8313161368565
-1840.603780324188
-1921.7946133343812
-1869.8133492144245
-1868.2077767987437
-1948.9811078539942
-1843.2700017209584
-1931.9209723790668
-1869.7910348524679
-1870.3263388545156
-1947.1031975977874
-1844.0904140760379
-1934.7492345781538
-1874.5695661588923
-1869.1757279698868
-1941.590617705573
-1841.4294131409017
-1926.15581966639
-1869.6441235966456
-1871.9288905670214
-1934.2327032410121
-1837.2874146673553
-1919.303771003588
-1874.617853237226
-1875.367456785526
-1956.026031345423
-1844.9782649799295
-1918.4723724666305
-1851.8276872995598
-1844.2684768585477
-1931.6082513531087
-1829.1088606973033
-1920.4776826122672
-1866.2779976793518
-1864.7576237287149
-1948.8150534956123
-1853.1947732980493
-1921.526719452
-1872.597070193644
-1871.5133285401114
-1943.4123946949078
-1841.5812244206388
-1917.279831655097
-1883.3310409707024
-1870.4017578521687
-1940.0559063467124
-1839.9202971389466
-1934.1924425585648
-1871.0672315880697
-1868.599464211748
-1948.4335104045729
-1848.5599214881306
-1919.7452388145593
-1870.877776235218
-1882.523728439968
-1939.6636260776208
-1847.8284915368783
-1930.231828331094
-1859.9852434335498
-1863.1940783771338
-1928.4944468438962
-1834.9168852142047
-1914.1406889840973
-1867.6025859880397
-1871.4036960736862
-1941.4317015539964
-1846.3881113169555
-1921.0708753093504
-1871.6519921516403
-1873.328513024111
-1943.735640948492
-1847.863541304472
-1932.3388277149866
-1871.9733931720452
-1871.5738281901522
-1929.4701129137366
-1851.7716062598738
-1929.9877548843133
-1874.9537670251375
-1880.053120032256
-1948.4742785966328
-1849.4629856194447
[INFO][abstract_intensifier.py:596] Added config 6e8875 and rejected config b7ad6c as incumbent because it is not better than the incumbents on 1 instances: 
-1934.2804151475975
-1871.0841881614992
-1877.2379294663897
-1952.5549508006397
-1845.8026011185634
-1919.2441714254298
-1868.3956507627572
-1863.268448330401
-1949.600247186406
-1852.0141485281429
-1917.617879700419
-1874.3953397422083
-1878.8015953719243
-1936.5819290694863
-1846.8243899108566
-1924.325106998901
-1875.7722504197518
-1875.6415628949037
-1945.211966434327
-1844.9582541460081
-1930.6993164333796
-1875.9837077560078
-1877.332410490494
-1951.5023530765702
-1853.0326957125053
[INFO][abstract_intensifier.py:596] Added config 6cb8d9 and rejected config 6e8875 as incumbent because it is not better than the incumbents on 1 instances: 
-1922.4609685523324
-1856.7747616534807
-1864.6732061158004
-1939.9157755611864
-1832.273718797163
-1904.3735098971827
-1850.2872414055444
-1831.1804284677644
-1881.234653014838
-1825.1667609979763
-1920.0593841272812
-1873.0135974303191
-1871.111702834226
-1951.2969310026438
-1848.2689010073186
-1933.0471789957087
-1877.1695210043663
-1874.3108585687837
-1956.5151303572147
-1850.6192582153024
[INFO][abstract_intensifier.py:596] Added config 111c13 and rejected config 6cb8d9 as incumbent because it is not better than the incumbents on 1 instances: 
-1931.3312696234566
-1877.4728260808888
-1862.8645970385378
-1944.2182546818603
-1852.9594721878007
-1930.0806684579957
-1874.6459757234272
-1875.755636490095
-1951.0247019392675
-1847.9835326486777
-1931.3312696234566
-1877.4728260808888
-1862.8645970385378
-1944.2182546818603
-1852.9594721878007
-1932.2714279579322
-1864.624575690581
-1869.7857251551368
-1945.6527152747183
-1848.5573651439088
-1916.9229438647985
-1873.2715641986586
-1877.4119817741794
-1958.2666339705765
-1848.3523442996866
-1917.662829167898
-1868.658309018954
-1875.159485933314
-1950.0926874513277
-1848.636142388038
-1934.137423782591
-1880.969126269519
-1875.8806507027107
-1941.9540597302512
-1851.0609240245508
[INFO][smbo.py:327] Finished 50 trials.
-1934.137423782591
-1880.969126269519
-1875.8806507027107
-1941.9540597302512
-1851.0609240245508
-1928.9917677662052
-1869.1969043292545
-1866.4534549881075
-1944.6143621336028
-1841.8314182768331
-1934.2723420149478
-1879.3750989046976
-1878.4283128648676
-1941.1453809918376
-1851.399921630265
-1934.2723420149478
-1879.3750989046976
-1878.4283128648676
-1941.1453809918376
-1851.399921630265
-1920.6408739473652
-1871.55730601834
-1871.8672256250766
-1940.734506552659
-1835.875825630565
-1934.137423782591
-1880.969126269519
-1875.8806507027107
-1941.9540597302512
-1851.0609240245508
-1930.9878030506816
-1879.03488393726
-1879.8158354694008
-1949.7369948656149
-1845.9044055978907
-1901.9589400776545
-1859.7970461172335
-1870.7165775919955
-1905.4116537276884
-1835.097722574831
-1933.0471789957087
-1877.1695210043663
-1874.3108585687837
-1956.5151303572147
-1850.6192582153024
-1933.0471789957087
-1877.1695210043663
-1874.3108585687837
-1956.5151303572147
-1850.6192582153024
-1917.6714584043848
-1870.4752340261316
-1874.9804057078445
-1945.9176886130588
-1849.283518995735
-1934.030904845778
-1872.2954523285634
-1876.0877083578548
-1947.4602079375077
-1843.534037196021
-1917.6714584043848
-1870.4752340261316
-1874.9804057078445
-1945.9176886130588
-1849.283518995735
-1917.6714584043848
-1870.4752340261316
-1874.9804057078445
-1945.9176886130588
-1849.283518995735
-1916.3334653604445
-1866.891427092778
-1874.4145911906062
-1935.6652675626567
-1841.4700722418847
-1921.0403046236283
-1879.433837845867
-1872.8616119847486
-1948.5448396722354
-1847.2348188283959
-1920.538996015224
-1852.0321173597717
-1847.2912881787545
-1926.3455390845984
-1832.6785371082685
-1921.9029174838718
-1873.5552965274178
-1873.3320247116178
-1951.8213554469548
-1845.2650547065732
-1939.431253813937
-1873.271166440694
-1875.8852884102564
-1949.142925259644
-1839.230792825413
-1935.4803619877202
-1877.274191281376
-1875.7911307299928
-1942.8346767390215
-1843.323458216325
-1931.376841903936
-1875.083914381254
-1866.5267262991936
-1944.5887998671503
-1851.086736888418
-1930.7906991758907
-1871.9761773025743
-1884.6760954168303
-1947.454882243631
-1849.9007093843074
-1925.4952390411875
-1879.9418749824126
-1870.4974012967728
-1954.416636854711
-1849.7881978403277
-1908.04446271558
-1853.3875202939237
-1849.0244705127936
-1901.1689857010847
-1813.9766872124287
-1933.0471789957087
-1877.1695210043663
-1874.3108585687837
-1956.5151303572147
-1850.6192582153024
-1931.0531869284557
-1870.441973355237
-1874.465989365572
-1940.4022960287955
-1851.6336268517102
-1933.0471789957087
-1877.1695210043663
-1874.3108585687837
-1956.5151303572147
-1850.6192582153024
-1933.0471789957087
-1877.1695210043663
-1874.3108585687837
-1956.5151303572147
-1850.6192582153024
-1930.1374845455427
-1878.792446405532
-1851.7717611975777
-1946.2696993867403
-1848.4994403726973
-1918.898492540235
-1860.0875923104993
-1864.9208337413597
-1946.1128259379589
-1843.7400724757633
-1918.2360623071484
-1869.828124086184
-1864.1471376900406
-1941.4163715014308
-1846.129414177019
-1928.8302307801523
-1873.0752363989845
-1871.9863869999049
-1946.9081341484703
-1847.6010385594332
-1923.1209951825024
-1878.2169580688426
-1879.5694694350539
-1945.8365012279835
-1845.2341050995387
-1934.1925017358271
-1882.7811460865373
-1875.2873243138315
-1942.2865140505603
-1851.7477905584583
-1921.1792841688523
-1882.106189516181
-1877.7108751444214
-1940.2226232311032
-1849.8022361974488
-1920.841198811475
-1877.440820929366
-1880.1807885167104
-1945.320981003063
-1847.5979905141367
-1921.9029174838718
-1873.5552965274178
-1873.3320247116178
-1951.8213554469548
-1845.2650547065732
-1931.383455036981
-1871.5386078064232
-1871.7654587537431
-1949.609549838743
-1848.495015635176
-1923.3821964292931
-1875.5155930228743
-1878.580471110969
-1943.862807150086
-1847.8796122725882
-1925.6215533313666
-1872.7328261088796
-1876.439168842067
-1949.9888276262495
-1846.915508887665
-1932.6860632307778
-1863.3241067688004
-1858.0068641036812
-1911.6326574067625
-1831.69012967
-1924.5232525195113
-1873.5979198458367
-1875.7938673177682
-1950.5377118699498
-1848.6207640792552
-1924.2982278641055
-1873.137524147969
-1875.4266300273086
-1951.0645857994816
-1844.5440118766428
-1927.3307386973052
-1874.3985892836524
-1870.2348798210987
-1944.6591081574936
-1850.173085030145
-1919.529019680566
-1867.171862002126
-1874.0150151519592
-1956.7925086161997
-1850.3093580158425
-1921.994156310453
-1875.8668172223975
-1878.4569735384143
-1953.7587928608311
-1853.5255331086287
-1925.0802635760078
-1873.487083459681
-1876.578271343154
-1949.6060298495297
-1848.5252814211403
-1911.5897525817381
-1865.0448553617198
-1864.6468246149304
-1939.6823765599
-1837.0885253102347
-1923.9519807197307
-1867.951602233995
-1875.6486085147874
-1946.6464248937946
-1848.874158518086
-1932.9545320755165
-1876.2057258571415
-1874.3561607534978
-1955.8748317201657
-1849.5145457220426
[INFO][smbo.py:327] Finished 100 trials.
[INFO][smbo.py:335] Configuration budget is exhausted:
[INFO][smbo.py:336] --- Remaining wallclock time: inf
[INFO][smbo.py:337] --- Remaining cpu time: inf
[INFO][smbo.py:338] --- Remaining trials: 0
