Using file: ../data/A1_data_ela_normalized_with_precisions/A1_B900_5D_ela.csv
[INFO][abstract_initial_design.py:87] Reducing the number of initial configurations from 60 to 25 (max_ratio == 0.25).
[INFO][abstract_initial_design.py:139] Using 25 initial design configurations and 0 additional configurations.
[INFO][abstract_intensifier.py:307] Using only one seed for deterministic scenario.
-1815.6420412078558
-1789.683766298113
-1794.7199321760556
-1828.9378060514846
-1750.1862473585447
[INFO][abstract_intensifier.py:517] Added config 26fdc2 as new incumbent because there are no incumbents yet.
-1814.466073973446
-1791.9178597485643
-1792.060317408149
-1831.5563635952312
-1747.3710758156058
-1828.300017847567
-1788.8432253411363
-1792.8355675115554
-1821.779897395689
-1753.9332337866056
[INFO][abstract_intensifier.py:596] Added config 9b0ae0 and rejected config 26fdc2 as incumbent because it is not better than the incumbents on 1 instances: 
-1826.5597533783573
-1792.8451105105646
-1792.2973255169718
-1836.022455018473
-1751.8724581519987
[INFO][abstract_intensifier.py:596] Added config 71b0a5 and rejected config 9b0ae0 as incumbent because it is not better than the incumbents on 1 instances: 
-1835.1433880495579
-1795.10425513589
-1790.4767533731874
-1833.0201641986014
-1751.435522130717
[INFO][abstract_intensifier.py:596] Added config 87cf8a and rejected config 71b0a5 as incumbent because it is not better than the incumbents on 1 instances: 
-1799.0237781031656
-1786.076032621534
-1787.7371571617477
-1797.0914034250818
-1739.0712863140525
-1814.7517252137638
-1786.6075891430532
-1773.43693596438
-1815.7226462978967
-1744.9756647119627
-1821.2480983388693
-1786.9361454801406
-1789.6927126086212
-1823.13710592927
-1745.7033408694197
-1822.7083615589536
-1794.465372705851
-1782.1186881219214
-1832.9272769753766
-1747.9659912950137
-1808.1961643118643
-1786.5676196253205
-1792.1821843418093
-1812.3141026175138
-1748.9804198049994
-1821.628473227509
-1790.5004653564151
-1790.36527187364
-1826.727378747133
-1751.673684746087
-1814.535672602399
-1784.8313922233071
-1782.4111973229615
-1816.2595859254272
-1745.5699218618574
-1821.0884570009625
-1789.3917915772695
-1796.9034079482137
-1833.4007541919004
-1746.253140178551
-1816.4435992588924
-1794.367517752855
-1786.8195597908766
-1833.859774425825
-1752.0832284539338
-1826.3785196340955
-1782.7444284563062
-1782.4009576597487
-1825.3181029923667
-1746.7508300308664
-1816.979277142501
-1794.8052320717072
-1795.215462514639
-1832.2324213533443
-1751.0456406182846
-1823.9016919299265
-1789.947300650337
-1790.8108444301924
-1823.7167189035893
-1745.3295770917905
-1831.0789829103137
-1795.214582205032
-1789.4658980451172
-1832.4607317283965
-1754.8876061293574
-1817.3555167566792
-1792.124297013473
-1793.8998391971281
-1832.469941445866
-1751.4242112992338
-1829.4062347471884
-1787.8437535479918
-1790.7298817117826
-1831.4094733691454
-1751.176979816459
-1817.6114487824766
-1789.7479918034792
-1782.0130141466032
-1817.0328544004922
-1757.9587822188967
-1821.9932632128564
-1793.7812236886432
-1793.1424066266004
-1825.278929694167
-1747.320951395283
-1833.7846077784393
-1788.8465026497727
-1797.3673115876193
-1834.5743614727578
-1751.9043835308914
[INFO][abstract_intensifier.py:596] Added config 2aa8be and rejected config 87cf8a as incumbent because it is not better than the incumbents on 1 instances: 
-1807.9073993757734
-1782.4101841515571
-1777.4606374092714
-1807.2173342657807
-1743.7174167718247
-1823.8027772266116
-1790.1095219457925
-1789.6937554650735
-1833.0062877788646
-1748.2509664002166
-1835.2054240635762
-1788.8184141811048
-1796.5904186202622
-1832.9537428748242
-1753.2539139934684
[INFO][abstract_intensifier.py:596] Added config 21eb6a and rejected config 2aa8be as incumbent because it is not better than the incumbents on 1 instances: 
-1832.7464388309868
-1795.276407387483
-1794.4108178803658
-1834.6490712470804
-1757.2896559460753
[INFO][abstract_intensifier.py:596] Added config 967a3f and rejected config 21eb6a as incumbent because it is not better than the incumbents on 1 instances: 
-1832.2605471278541
-1792.5823004799117
-1796.2977177941762
-1839.8715288298054
-1754.1571567172948
[INFO][abstract_intensifier.py:596] Added config 87a81a and rejected config 967a3f as incumbent because it is not better than the incumbents on 1 instances: 
-1833.288000285208
-1794.6136496858703
-1794.6874656605119
-1836.9388381006781
-1760.528658419475
[INFO][abstract_intensifier.py:596] Added config d14dbb and rejected config 87a81a as incumbent because it is not better than the incumbents on 1 instances: 
-1820.4502202098404
-1794.29380531003
-1794.8504797617302
-1819.2794564776848
-1748.8130470667945
-1810.1863064043496
-1786.4859465364377
-1775.0760478577786
-1823.9554604238215
-1742.3868830402864
-1819.7217399513233
-1789.438515597727
-1792.64988222835
-1831.890751356003
-1750.0596140671075
-1834.1861580235327
-1791.3490259347946
-1792.8751658531883
-1834.9089805681037
-1748.2357788590962
-1824.9750917492822
-1798.1932269012439
-1794.4773576418163
-1835.2798477584015
-1749.9193023254338
-1824.0287820356018
-1797.183731015473
-1794.6251897958548
-1834.9947047893752
-1752.7295826428838
-1833.2775642824813
-1790.2057252788293
-1791.3951135837929
-1837.2739720508612
-1745.8142743553929
-1828.519007791179
-1792.6625755840478
-1796.0608498593579
-1834.3941707933286
-1754.4080131128476
-1825.2745232025268
-1794.78126608395
-1792.6623791240922
-1834.888217990229
-1754.8702681826448
-1834.2024521215203
-1795.4633589655236
-1795.8866451548897
-1835.4124200616516
-1754.2860607799928
-1818.5980211217134
-1784.9782121435246
-1784.1298677618224
-1818.8860618275976
-1747.0828887756177
-1790.1687673660103
-1771.774134847595
-1765.4866005808922
-1786.3638502840863
-1714.6373973495465
-1832.25267388023
-1801.5686239071858
-1792.1544220360777
-1837.6097031996933
-1754.091517058174
-1831.938938563149
-1794.3018457099167
-1793.598987187016
-1836.2407761989948
-1755.5393454116931
-1793.5623366098043
-1782.532383969826
-1775.731733880312
-1807.476404271386
-1720.0816356326327
-1833.1134928103495
-1792.5938623395455
-1797.0452405133578
-1833.9579105578446
-1755.8699807544967
-1833.5316491858057
-1796.9538525152973
-1793.841081027187
-1835.1131139356169
-1747.344149933252
-1832.3618012980537
-1791.5994239702359
-1795.8291605976133
-1832.8763099212238
-1756.5343205821798
-1832.2380062379657
-1793.5243256169874
-1791.279059211457
-1836.3852635038008
-1753.4542524448223
-1832.8057825493383
-1795.130456282258
-1796.8219426486392
-1834.223495479192
-1750.438775356602
-1834.838893819404
-1796.3862636302056
-1796.2074617804303
-1838.1613090817261
-1758.1518519850147
[INFO][abstract_intensifier.py:596] Added config ece4dd and rejected config d14dbb as incumbent because it is not better than the incumbents on 1 instances: 
[INFO][smbo.py:327] Finished 50 trials.
-1825.0158355681217
-1799.4069863185111
-1795.862977026587
-1833.2099800304834
-1750.7302801219012
-1830.8946710177138
-1795.6678901702135
-1789.6376986867256
-1827.1885244978034
-1748.7867623692132
-1830.8280161897483
-1794.9186019958709
-1794.303116913924
-1839.3540866937146
-1750.6976337016765
-1822.3613890742538
-1797.1744798561294
-1787.7752328327645
-1841.1120174654134
-1751.841231561437
-1827.8256996713733
-1787.6225691922007
-1796.3586809685328
-1825.5426283599534
-1752.7266588911018
-1824.2307754925253
-1792.9330793578242
-1793.1353903246177
-1833.9829191865008
-1753.612100663192
-1833.1707288494304
-1792.0423734235171
-1793.0436097763723
-1841.6006795229923
-1762.670659991734
-1804.3264071019066
-1782.3642508608114
-1782.7695453381702
-1791.8367719971723
-1740.0083005542006
-1838.949112479568
-1791.3896374209885
-1796.7306583086558
-1834.8066585218521
-1752.9435045578289
-1838.9505216062867
-1793.515552762486
-1797.8615134778277
-1834.8320502667038
-1752.897916245607
-1838.5541448395857
-1790.4908308361344
-1797.7756295456857
-1835.6820920995337
-1752.8280842630847
-1837.9534451878358
-1789.8112467406586
-1798.0417055997732
-1836.9474063799519
-1752.8851941521245
-1823.915817591816
-1795.5630002899143
-1791.2945298052637
-1833.0541870939833
-1750.3644846195655
-1825.9645252013947
-1796.0271404424511
-1784.9455980935786
-1832.3248765827473
-1759.8227547359947
-1836.0255100494167
-1792.0506216736258
-1790.4304874100249
-1837.5514654021335
-1749.5852400029798
-1821.734009134975
-1791.870198715637
-1790.8261948464383
-1826.301233785386
-1751.966772303837
-1834.5905312787186
-1795.380384958858
-1796.127474361725
-1825.7263003166804
-1752.5053864008335
-1818.5751756859306
-1788.5112069055276
-1780.5046905265347
-1809.6537208358213
-1744.300412329404
-1835.7047069207579
-1797.3258185161344
-1793.0173871343927
-1830.0549005884259
-1753.435179004777
-1836.5251163023697
-1789.984726052006
-1797.2822252756878
-1833.9387644533838
-1757.896266106092
-1834.5849230821723
-1798.0945428092102
-1790.7432543195805
-1826.6365685944143
-1754.5635599355003
-1837.1564711420756
-1798.2775154082337
-1795.5410264730886
-1835.292038108512
-1756.2510082633253
-1829.1317603240564
-1795.865779729476
-1793.7345880996659
-1840.0759096792276
-1753.2685961845561
-1837.3804966957441
-1799.3654946668462
-1790.056884172427
-1832.6401749677168
-1752.0965960933654
-1815.5170685484454
-1784.9130546105007
-1791.5286707561718
-1831.7153758030522
-1751.5879305540193
-1835.0716426822369
-1791.1164740250115
-1780.44689366733
-1839.0405180845214
-1751.7363685693308
-1835.1872323993637
-1796.5320412021154
-1793.0765660128918
-1838.2848348727832
-1755.026715270864
-1820.8885711604635
-1795.275528994002
-1793.7250600753875
-1836.4443070730595
-1763.9651330847175
-1825.7156564436973
-1793.5482221175728
-1791.1362115617474
-1835.155765502438
-1753.6334261008926
-1836.0100710751194
-1792.5619300299857
-1793.3756803355736
-1837.8206685929804
-1751.2039612601206
-1834.0591570453996
-1794.3623356764488
-1791.480000396975
-1834.9315518392052
-1751.463890607015
-1826.411406406296
-1790.6625657845136
-1795.451663787846
-1831.7627983826092
-1754.7510848902568
-1821.0148698353935
-1796.7601388850924
-1791.4037939089023
-1834.1419891053579
-1750.3858846660687
-1821.9551652183127
-1791.6243040708264
-1793.4969610672267
-1830.3158462600854
-1749.4096878661203
-1835.7967834322021
-1796.7870842915931
-1796.3889357529108
-1840.0993850159857
-1758.9658951851234
[INFO][abstract_intensifier.py:596] Added config 3bf2fa and rejected config ece4dd as incumbent because it is not better than the incumbents on 1 instances: 
-1835.7967834322021
-1796.7870842915931
-1796.3889357529108
-1840.0993850159857
-1758.9658951851234
-1835.3368847136712
-1793.186507552277
-1796.0426877072723
-1832.5871325397607
-1756.3427452656383
-1826.7874290744335
-1796.964351931759
-1793.190332641022
-1833.8808312776578
-1750.342031665418
-1835.3368847136712
-1793.186507552277
-1796.0426877072723
-1832.5871325397607
-1756.3427452656383
-1830.01894951868
-1801.0074238879206
-1795.8484311922346
-1835.814854410954
-1753.5299791938214
-1840.2821097487135
-1794.859925057272
-1793.049440248854
-1833.224689815227
-1750.8544494093176
-1822.149497919534
-1787.2066206607617
-1781.7368098161824
-1818.5405029967844
-1752.2082920521843
-1832.448776376436
-1794.6117171543333
-1796.5411160808337
-1834.0881303453434
-1758.3199176923754
-1822.0932924077947
-1794.2614966165304
-1792.8041573945245
-1828.863164043306
-1754.8604988512436
-1837.8703670264235
-1797.499050151248
-1796.8565667237335
-1833.9278851532508
-1752.5736787120327
-1829.7549114677986
-1793.1730235672658
-1795.1202870612217
-1838.2736613913721
-1754.11892457056
-1827.390773602749
-1794.9314287569646
-1791.6792843021858
-1829.2108310632639
-1751.5824445645746
-1826.1141428962408
-1787.4014913338656
-1788.4851272157257
-1827.7610017181391
-1750.406663062408
-1835.7967834322021
-1796.7870842915931
-1796.3889357529108
-1840.0993850159857
-1758.9658951851234
-1838.189191485037
-1796.9203327361274
-1793.8159905705554
-1828.9038864786294
-1751.5313720148117
[INFO][smbo.py:327] Finished 100 trials.
[INFO][smbo.py:335] Configuration budget is exhausted:
[INFO][smbo.py:336] --- Remaining wallclock time: inf
[INFO][smbo.py:337] --- Remaining cpu time: inf
[INFO][smbo.py:338] --- Remaining trials: 0
