Using file: ../data/A1_data_ela_normalized_with_precisions/A1_B950_5D_ela.csv
[INFO][abstract_initial_design.py:87] Reducing the number of initial configurations from 60 to 25 (max_ratio == 0.25).
[INFO][abstract_initial_design.py:139] Using 25 initial design configurations and 0 additional configurations.
[INFO][abstract_intensifier.py:307] Using only one seed for deterministic scenario.
-1765.2515200855978
-1737.997205049097
-1743.3706803926689
-1727.9097929463396
-1653.8755720357608
[INFO][abstract_intensifier.py:517] Added config 26fdc2 as new incumbent because there are no incumbents yet.
-1757.0406353238332
-1738.099554280247
-1743.439056848324
-1727.3946573507735
-1652.1019267844592
-1750.4310256199035
-1740.0677887068746
-1736.8503395491725
-1725.2702422560765
-1650.3466268652785
-1761.079961338757
-1742.824296050631
-1743.5343336574101
-1722.994330915617
-1655.3235816541437
-1760.9763692230085
-1741.622471268448
-1743.2430280488684
-1731.370340306638
-1648.349948793264
-1746.7336701719096
-1731.400121620391
-1731.892337953072
-1712.1360243199454
-1645.4808679196378
-1756.006687825102
-1738.0265701873318
-1736.0003555542562
-1716.8143902878596
-1645.757067318976
-1758.1033136508847
-1738.5655696324948
-1739.6824960136153
-1713.330042286736
-1649.3207405093856
-1752.750799793222
-1740.514020259846
-1739.9818826516128
-1725.8886507238894
-1649.5712797146803
-1753.5217965356323
-1738.327592013497
-1745.6151993391177
-1722.5258559951621
-1652.0844248162557
-1754.4123955881284
-1741.6241501831912
-1741.042797436281
-1728.8120820268987
-1649.4917981279427
-1744.6029761276807
-1737.1666551806854
-1739.633826260406
-1720.3979976140536
-1647.5746697493305
-1761.2244280029781
-1740.8011409659784
-1743.1360790904885
-1728.8800609020589
-1655.0617891932934
[INFO][abstract_intensifier.py:596] Added config aee50b and rejected config 26fdc2 as incumbent because it is not better than the incumbents on 1 instances: 
-1749.7715880389617
-1737.4145045819523
-1735.7865084794928
-1723.8538518450373
-1644.7041243093533
-1754.100112599385
-1737.8738959566203
-1740.242423712101
-1729.934218808934
-1652.6124180010306
-1760.9138799648674
-1739.5880781172582
-1744.1560911916174
-1729.0398828329944
-1654.1675722435252
-1749.95464208468
-1737.0533527233374
-1738.6163336443415
-1723.8465952051383
-1651.3500133341904
-1756.5492236237149
-1740.3478899043598
-1740.5340854553306
-1729.0098399895412
-1650.6172536273584
-1758.5301065777332
-1741.9163745891187
-1744.329304136624
-1729.072618999483
-1653.813454679895
-1753.37445045125
-1736.671046993939
-1744.4160838181838
-1720.4790838663234
-1649.2561977172336
-1751.6974546077845
-1733.0860154222373
-1742.0716476577834
-1720.071613818885
-1646.376209528941
-1759.2213314052701
-1737.04932272224
-1744.760283097698
-1721.6612622886391
-1653.3636110607968
-1761.7928587744843
-1740.9960217980656
-1748.7601606210508
-1728.3053245984213
-1652.526393816203
[INFO][abstract_intensifier.py:596] Added config 2aa8be and rejected config aee50b as incumbent because it is not better than the incumbents on 1 instances: 
-1745.3971517635528
-1735.8157203662688
-1737.4823053323535
-1708.2503552772528
-1644.57242138224
-1762.9802767705469
-1738.6040282775964
-1735.517707078941
-1724.7108863584822
-1648.7563130872422
-1760.4090397583905
-1738.9065473118972
-1743.0769313566325
-1729.7771180029504
-1652.1111160540436
-1754.6731898803055
-1741.8261982214133
-1744.3593155608771
-1729.6778733250917
-1653.659215574667
-1754.3727056595703
-1737.577279064071
-1744.1127798653904
-1725.4640680591938
-1646.0087959042835
-1756.2819307605077
-1742.3210345047114
-1745.2858956164991
-1727.1290655695161
-1652.681702142636
-1765.50415973258
-1737.3892329446853
-1740.0318436520636
-1721.245786710186
-1645.0124387238359
-1748.288203786059
-1733.8020976655764
-1730.1800604847413
-1719.253035234105
-1644.6323939158306
-1759.787582265004
-1737.9605571217135
-1740.7009392089424
-1726.1353984855637
-1651.6929671233966
-1758.136736403849
-1737.090110811342
-1745.5898867720025
-1730.6459020801205
-1652.587875709621
-1757.3546240776268
-1739.9473235488088
-1740.7320421601457
-1733.4936585089008
-1652.6660560103614
-1756.2170292139335
-1743.34206034734
-1743.7742861622278
-1730.6907209217502
-1654.857589113052
-1752.3773982076705
-1736.7532208434686
-1737.3299511791258
-1724.8173470228874
-1649.3205813316972
-1757.5996706675198
-1743.3192492687815
-1744.1831867663361
-1730.7023232915726
-1654.1135471900109
-1760.8360269643001
-1738.9673862810819
-1746.1748079595898
-1725.3097751375778
-1655.9951872805564
-1760.1847266528555
-1741.289568135157
-1746.549286378076
-1725.2067203608713
-1655.1810181672158
-1753.53569144101
-1737.6783400379518
-1738.2479658753164
-1727.2036411380004
-1648.573139806479
-1734.0404081131016
-1727.9027150090824
-1721.1774632845124
-1713.2326624813786
-1637.1980839146827
-1760.5782891753117
-1740.0439522664435
-1747.2355324110406
-1730.5665399244579
-1653.998482594135
[INFO][abstract_intensifier.py:596] Added config 30f2d5 and rejected config 2aa8be as incumbent because it is not better than the incumbents on 1 instances: 
-1760.4235659124336
-1740.230990752802
-1747.4306927711928
-1729.0400005297392
-1652.9375651855023
-1759.8412341035926
-1740.1878124125672
-1747.360005859578
-1730.1416154923409
-1653.5818230107607
-1761.7928587744843
-1740.9960217980656
-1748.7601606210508
-1728.3053245984213
-1652.526393816203
-1759.8412341035926
-1740.1878124125672
-1747.360005859578
-1730.1416154923409
-1653.5818230107607
-1757.9981987190645
-1739.8510834424728
-1745.4992348205944
-1729.5154472217475
-1648.3572893261949
-1757.0465832552559
-1742.0380637499889
-1745.8151170903461
-1726.8221221121803
-1656.477190748468
-1761.0521068873156
-1739.3073809096697
-1745.2412216110808
-1729.1335444711317
-1654.460034733142
-1769.4225103851222
-1738.1198016656817
-1746.0677138818417
-1724.8582166967435
-1656.1718492452292
[INFO][abstract_intensifier.py:596] Added config b3a131 and rejected config 30f2d5 as incumbent because it is not better than the incumbents on 1 instances: 
[INFO][smbo.py:327] Finished 50 trials.
-1753.4588622794743
-1741.5523757704232
-1745.699751063678
-1731.878516626528
-1652.649762973819
-1755.648444933397
-1739.6328165638279
-1746.2788230205024
-1728.818518953644
-1653.0161607101797
-1769.4225103851222
-1738.1198016656817
-1746.0677138818417
-1724.8582166967435
-1656.1718492452292
-1761.7928587744843
-1740.9960217980656
-1748.7601606210508
-1728.3053245984213
-1652.526393816203
-1759.8770326062318
-1739.1304482157434
-1742.0004777171082
-1727.3612511331069
-1652.2958371316754
-1760.4271864102602
-1739.671480423768
-1741.8490978282132
-1721.5639623647585
-1653.4668980309907
-1754.279857829265
-1741.0564570005681
-1745.085432130177
-1732.9108364358124
-1652.4318739563682
-1746.3436122261128
-1734.0487975972405
-1733.4826469672307
-1716.7509645822097
-1643.050803871475
-1770.046688566123
-1738.683567984957
-1745.7279448184854
-1726.0718292386266
-1654.0654618573137
-1770.046688566123
-1738.683567984957
-1745.7279448184854
-1726.0718292386266
-1654.0654618573137
-1770.046688566123
-1738.683567984957
-1745.7279448184854
-1726.0718292386266
-1654.0654618573137
-1770.046688566123
-1738.683567984957
-1745.7279448184854
-1726.0718292386266
-1654.0654618573137
-1761.0210546001063
-1740.100919775065
-1747.3441100437742
-1730.4835357453717
-1654.5071589928943
-1770.046688566123
-1738.683567984957
-1745.7279448184854
-1726.0718292386266
-1654.0654618573137
-1766.1200409746093
-1740.9939223663596
-1746.0536782980264
-1727.4732218375311
-1651.0879241769633
-1753.4074728594453
-1738.9624954927435
-1744.2358538122978
-1726.1035527978408
-1654.0987485914447
-1753.4588622794743
-1741.5523757704232
-1745.699751063678
-1731.878516626528
-1652.649762973819
-1746.3718790991957
-1735.3987407956527
-1735.765512384089
-1711.875709299471
-1647.3985229914224
-1753.4588622794743
-1741.5523757704232
-1745.699751063678
-1731.878516626528
-1652.649762973819
-1753.4588622794743
-1741.5523757704232
-1745.699751063678
-1731.878516626528
-1652.649762973819
-1753.4588622794743
-1741.5523757704232
-1745.699751063678
-1731.878516626528
-1652.649762973819
-1753.4588622794743
-1741.5523757704232
-1745.699751063678
-1731.878516626528
-1652.649762973819
-1753.4588622794743
-1741.5523757704232
-1745.699751063678
-1731.878516626528
-1652.649762973819
-1770.3753114523934
-1740.2391174999689
-1743.1604952237362
-1732.5760498965333
-1650.2349519631957
[INFO][abstract_intensifier.py:596] Added config 0ec86d and rejected config b3a131 as incumbent because it is not better than the incumbents on 1 instances: 
-1752.728128422848
-1734.0830792317429
-1744.7460710367643
-1725.8338527391165
-1648.8035010026506
-1771.4167639274383
-1739.69136826764
-1747.0640044252063
-1728.4580332952942
-1651.556771284874
[INFO][abstract_intensifier.py:596] Added config 22c925 and rejected config 0ec86d as incumbent because it is not better than the incumbents on 1 instances: 
-1770.3753114523934
-1740.2391174999689
-1743.1604952237362
-1732.5760498965333
-1650.2349519631957
-1771.4167639274383
-1739.69136826764
-1747.0640044252063
-1728.4580332952942
-1651.556771284874
-1758.7488471130716
-1740.067801204411
-1742.617607401065
-1726.4527773984626
-1653.8623123002735
-1758.7067177800222
-1740.1064265721388
-1746.288016214127
-1727.0064830630536
-1650.8340238203373
-1757.8542088608115
-1739.6859651626828
-1744.2182823395628
-1728.3430406896823
-1648.2266835428481
-1762.5245529923147
-1740.6893263708441
-1743.6677786940622
-1726.8868046615785
-1651.918586517558
-1755.9838745916231
-1740.5421967711316
-1734.7559713404003
-1724.461369625376
-1654.0519689777727
-1768.0189559246567
-1739.7933521157465
-1743.6277569423414
-1729.9073914321225
-1650.7200837828432
-1754.115882173231
-1739.9573572253869
-1741.0468993090306
-1714.3071632627502
-1649.8305199019296
-1754.115882173231
-1739.9573572253869
-1741.0468993090306
-1714.3071632627502
-1649.8305199019296
-1759.9541388821226
-1741.4650169237318
-1744.1315723989308
-1728.2164471599763
-1653.8742676202191
-1759.9541388821226
-1741.4650169237318
-1744.1315723989308
-1728.2164471599763
-1653.8742676202191
-1759.9541388821226
-1741.4650169237318
-1744.1315723989308
-1728.2164471599763
-1653.8742676202191
-1756.6958227843131
-1741.129087134703
-1742.2044342569563
-1729.5161485219444
-1653.401681046179
-1755.2873051197628
-1742.7486182409814
-1742.6610476770363
-1720.4307044706393
-1653.3754738004218
-1753.7676519614943
-1738.250978613759
-1736.7564829630128
-1728.9214761928415
-1642.414735187067
-1755.2873051197628
-1742.7486182409814
-1742.6610476770363
-1720.4307044706393
-1653.3754738004218
-1756.5891453393583
-1735.4721678915707
-1742.8584362993706
-1724.2959308214793
-1650.449295340567
-1771.4843855569852
-1740.468199717618
-1745.1189713738959
-1732.0518677216546
-1655.4237176145784
[INFO][abstract_intensifier.py:596] Added config b6ac0c and rejected config 22c925 as incumbent because it is not better than the incumbents on 1 instances: 
-1756.6958227843131
-1741.129087134703
-1742.2044342569563
-1729.5161485219444
-1653.401681046179
-1763.218303408593
-1742.6418706172126
-1746.358884811175
-1731.1118371216885
-1653.7685541489163
-1748.9577492587064
-1732.8488956139292
-1740.0768231549946
-1726.0960067987608
-1646.00984614678
-1765.3221104701709
-1738.8069945778027
-1746.2288333988422
-1729.4195034292084
-1657.0720118418897
-1765.2639502585548
-1739.7653209477216
-1746.0444031286088
-1727.8636406355615
-1658.2210373792605
[INFO][smbo.py:327] Finished 100 trials.
[INFO][smbo.py:335] Configuration budget is exhausted:
[INFO][smbo.py:336] --- Remaining wallclock time: inf
[INFO][smbo.py:337] --- Remaining cpu time: inf
[INFO][smbo.py:338] --- Remaining trials: 0
