[INFO][abstract_initial_design.py:87] Reducing the number of initial configurations from 50 to 25 (max_ratio == 0.25).
[INFO][abstract_initial_design.py:139] Using 25 initial design configurations and 0 additional configurations.
[INFO][abstract_intensifier.py:307] Using only one seed for deterministic scenario.
Evaluating config: Configuration(values={
  'rf_classifierbootstrap': np.False_,
  'rf_classifiermax_features': 0.1527131210081,
  'rf_classifiermin_samples_leaf': 20,
  'rf_classifiermin_samples_split': 11,
  'rf_classifiern_estimators': 24,
})
Config Configuration(values={
  'rf_classifierbootstrap': np.False_,
  'rf_classifiermax_features': 0.1527131210081,
  'rf_classifiermin_samples_leaf': 20,
  'rf_classifiermin_samples_split': 11,
  'rf_classifiern_estimators': 24,
}) → Total CV precision: -12662.539194195062
[INFO][abstract_intensifier.py:517] Added config 6a05d8 as new incumbent because there are no incumbents yet.
Evaluating config: Configuration(values={
  'rf_classifierbootstrap': np.True_,
  'rf_classifiermax_features': 0.8396634325385,
  'rf_classifiermin_samples_leaf': 3,
  'rf_classifiermin_samples_split': 14,
  'rf_classifiern_estimators': 53,
})
Config Configuration(values={
  'rf_classifierbootstrap': np.True_,
  'rf_classifiermax_features': 0.8396634325385,
  'rf_classifiermin_samples_leaf': 3,
  'rf_classifiermin_samples_split': 14,
  'rf_classifiern_estimators': 53,
}) → Total CV precision: -12685.992912112582
[INFO][abstract_intensifier.py:596] Added config 1fd642 and rejected config 6a05d8 as incumbent because it is not better than the incumbents on 1 instances: 
Evaluating config: Configuration(values={
  'rf_classifierbootstrap': np.True_,
  'rf_classifiermax_features': 0.4820481372997,
  'rf_classifiermin_samples_leaf': 11,
  'rf_classifiermin_samples_split': 5,
  'rf_classifiern_estimators': 116,
})
Config Configuration(values={
  'rf_classifierbootstrap': np.True_,
  'rf_classifiermax_features': 0.4820481372997,
  'rf_classifiermin_samples_leaf': 11,
  'rf_classifiermin_samples_split': 5,
  'rf_classifiern_estimators': 116,
}) → Total CV precision: -12623.857399472552
Evaluating config: Configuration(values={
  'rf_classifierbootstrap': np.False_,
  'rf_classifiermax_features': 0.7194256727584,
  'rf_classifiermin_samples_leaf': 8,
  'rf_classifiermin_samples_split': 18,
  'rf_classifiern_estimators': 29,
})
Config Configuration(values={
  'rf_classifierbootstrap': np.False_,
  'rf_classifiermax_features': 0.7194256727584,
  'rf_classifiermin_samples_leaf': 8,
  'rf_classifiermin_samples_split': 18,
  'rf_classifiern_estimators': 29,
}) → Total CV precision: -12726.4549578788
[INFO][abstract_intensifier.py:596] Added config abbef2 and rejected config 1fd642 as incumbent because it is not better than the incumbents on 1 instances: 
Evaluating config: Configuration(values={
  'rf_classifierbootstrap': np.False_,
  'rf_classifiermax_features': 0.3265367062762,
  'rf_classifiermin_samples_leaf': 3,
  'rf_classifiermin_samples_split': 17,
  'rf_classifiern_estimators': 45,
})
Config Configuration(values={
  'rf_classifierbootstrap': np.False_,
  'rf_classifiermax_features': 0.3265367062762,
  'rf_classifiermin_samples_leaf': 3,
  'rf_classifiermin_samples_split': 17,
  'rf_classifiern_estimators': 45,
}) → Total CV precision: -12668.37382673248
Evaluating config: Configuration(values={
  'rf_classifierbootstrap': np.True_,
  'rf_classifiermax_features': 0.6518046521582,
  'rf_classifiermin_samples_leaf': 16,
  'rf_classifiermin_samples_split': 2,
  'rf_classifiern_estimators': 78,
})
Config Configuration(values={
  'rf_classifierbootstrap': np.True_,
  'rf_classifiermax_features': 0.6518046521582,
  'rf_classifiermin_samples_leaf': 16,
  'rf_classifiermin_samples_split': 2,
  'rf_classifiern_estimators': 78,
}) → Total CV precision: -12652.387658962596
Evaluating config: Configuration(values={
  'rf_classifierbootstrap': np.True_,
  'rf_classifiermax_features': 0.2203338197432,
  'rf_classifiermin_samples_leaf': 8,
  'rf_classifiermin_samples_split': 13,
  'rf_classifiern_estimators': 61,
})
Config Configuration(values={
  'rf_classifierbootstrap': np.True_,
  'rf_classifiermax_features': 0.2203338197432,
  'rf_classifiermin_samples_leaf': 8,
  'rf_classifiermin_samples_split': 13,
  'rf_classifiern_estimators': 61,
}) → Total CV precision: -12679.087772923616
Evaluating config: Configuration(values={
  'rf_classifierbootstrap': np.False_,
  'rf_classifiermax_features': 0.9951749708503,
  'rf_classifiermin_samples_leaf': 15,
  'rf_classifiermin_samples_split': 8,
  'rf_classifiern_estimators': 20,
})
Config Configuration(values={
  'rf_classifierbootstrap': np.False_,
  'rf_classifiermax_features': 0.9951749708503,
  'rf_classifiermin_samples_leaf': 15,
  'rf_classifiermin_samples_split': 8,
  'rf_classifiern_estimators': 20,
}) → Total CV precision: -12744.441134933006
[INFO][abstract_intensifier.py:596] Added config 675e40 and rejected config abbef2 as incumbent because it is not better than the incumbents on 1 instances: 
Evaluating config: Configuration(values={
  'rf_classifierbootstrap': np.False_,
  'rf_classifiermax_features': 0.5066244599409,
  'rf_classifiermin_samples_leaf': 10,
  'rf_classifiermin_samples_split': 3,
  'rf_classifiern_estimators': 48,
})
Config Configuration(values={
  'rf_classifierbootstrap': np.False_,
  'rf_classifiermax_features': 0.5066244599409,
  'rf_classifiermin_samples_leaf': 10,
  'rf_classifiermin_samples_split': 3,
  'rf_classifiern_estimators': 48,
}) → Total CV precision: -12677.81257047914
Evaluating config: Configuration(values={
  'rf_classifierbootstrap': np.True_,
  'rf_classifiermax_features': 0.715943945013,
  'rf_classifiermin_samples_leaf': 13,
  'rf_classifiermin_samples_split': 16,
  'rf_classifiern_estimators': 26,
})
Config Configuration(values={
  'rf_classifierbootstrap': np.True_,
  'rf_classifiermax_features': 0.715943945013,
  'rf_classifiermin_samples_leaf': 13,
  'rf_classifiermin_samples_split': 16,
  'rf_classifiern_estimators': 26,
}) → Total CV precision: -12689.413240747532
Evaluating config: Configuration(values={
  'rf_classifierbootstrap': np.True_,
  'rf_classifiermax_features': 0.1632389716804,
  'rf_classifiermin_samples_leaf': 1,
  'rf_classifiermin_samples_split': 8,
  'rf_classifiern_estimators': 34,
})
Config Configuration(values={
  'rf_classifierbootstrap': np.True_,
  'rf_classifiermax_features': 0.1632389716804,
  'rf_classifiermin_samples_leaf': 1,
  'rf_classifiermin_samples_split': 8,
  'rf_classifiern_estimators': 34,
}) → Total CV precision: -12722.708646192792
Evaluating config: Configuration(values={
  'rf_classifierbootstrap': np.False_,
  'rf_classifiermax_features': 0.8221072035842,
  'rf_classifiermin_samples_leaf': 17,
  'rf_classifiermin_samples_split': 12,
  'rf_classifiern_estimators': 100,
})
Config Configuration(values={
  'rf_classifierbootstrap': np.False_,
  'rf_classifiermax_features': 0.8221072035842,
  'rf_classifiermin_samples_leaf': 17,
  'rf_classifiermin_samples_split': 12,
  'rf_classifiern_estimators': 100,
}) → Total CV precision: -12692.459311279124
Evaluating config: Configuration(values={
  'rf_classifierbootstrap': np.False_,
  'rf_classifiermax_features': 0.3152346570045,
  'rf_classifiermin_samples_leaf': 13,
  'rf_classifiermin_samples_split': 15,
  'rf_classifiern_estimators': 91,
})
Config Configuration(values={
  'rf_classifierbootstrap': np.False_,
  'rf_classifiermax_features': 0.3152346570045,
  'rf_classifiermin_samples_leaf': 13,
  'rf_classifiermin_samples_split': 15,
  'rf_classifiern_estimators': 91,
}) → Total CV precision: -12657.314029048624
Evaluating config: Configuration(values={
  'rf_classifierbootstrap': np.True_,
  'rf_classifiermax_features': 0.893243728485,
  'rf_classifiermin_samples_leaf': 6,
  'rf_classifiermin_samples_split': 9,
  'rf_classifiern_estimators': 38,
})
Config Configuration(values={
  'rf_classifierbootstrap': np.True_,
  'rf_classifiermax_features': 0.893243728485,
  'rf_classifiermin_samples_leaf': 6,
  'rf_classifiermin_samples_split': 9,
  'rf_classifiern_estimators': 38,
}) → Total CV precision: -12605.6403698514
Evaluating config: Configuration(values={
  'rf_classifierbootstrap': np.True_,
  'rf_classifiermax_features': 0.4354880423285,
  'rf_classifiermin_samples_leaf': 18,
  'rf_classifiermin_samples_split': 19,
  'rf_classifiern_estimators': 18,
})
Config Configuration(values={
  'rf_classifierbootstrap': np.True_,
  'rf_classifiermax_features': 0.4354880423285,
  'rf_classifiermin_samples_leaf': 18,
  'rf_classifiermin_samples_split': 19,
  'rf_classifiern_estimators': 18,
}) → Total CV precision: -12682.105573224666
Evaluating config: Configuration(values={
  'rf_classifierbootstrap': np.False_,
  'rf_classifiermax_features': 0.5639479378238,
  'rf_classifiermin_samples_leaf': 5,
  'rf_classifiermin_samples_split': 5,
  'rf_classifiern_estimators': 68,
})
Config Configuration(values={
  'rf_classifierbootstrap': np.False_,
  'rf_classifiermax_features': 0.5639479378238,
  'rf_classifiermin_samples_leaf': 5,
  'rf_classifiermin_samples_split': 5,
  'rf_classifiern_estimators': 68,
}) → Total CV precision: -12716.444322195055
Evaluating config: Configuration(values={
  'rf_classifierbootstrap': np.False_,
  'rf_classifiermax_features': 0.3912563025951,
  'rf_classifiermin_samples_leaf': 14,
  'rf_classifiermin_samples_split': 13,
  'rf_classifiern_estimators': 27,
})
Config Configuration(values={
  'rf_classifierbootstrap': np.False_,
  'rf_classifiermax_features': 0.3912563025951,
  'rf_classifiermin_samples_leaf': 14,
  'rf_classifiermin_samples_split': 13,
  'rf_classifiern_estimators': 27,
}) → Total CV precision: -12685.179095505882
Evaluating config: Configuration(values={
  'rf_classifierbootstrap': np.True_,
  'rf_classifiermax_features': 0.600131400954,
  'rf_classifiermin_samples_leaf': 10,
  'rf_classifiermin_samples_split': 7,
  'rf_classifiern_estimators': 124,
})
Config Configuration(values={
  'rf_classifierbootstrap': np.True_,
  'rf_classifiermax_features': 0.600131400954,
  'rf_classifiermin_samples_leaf': 10,
  'rf_classifiermin_samples_split': 7,
  'rf_classifiern_estimators': 124,
}) → Total CV precision: -12657.46469033022
Evaluating config: Configuration(values={
  'rf_classifierbootstrap': np.True_,
  'rf_classifiermax_features': 0.2706892211922,
  'rf_classifiermin_samples_leaf': 17,
  'rf_classifiermin_samples_split': 17,
  'rf_classifiern_estimators': 56,
})
Config Configuration(values={
  'rf_classifierbootstrap': np.True_,
  'rf_classifiermax_features': 0.2706892211922,
  'rf_classifiermin_samples_leaf': 17,
  'rf_classifiermin_samples_split': 17,
  'rf_classifiern_estimators': 56,
}) → Total CV precision: -12654.164587680045
Evaluating config: Configuration(values={
  'rf_classifierbootstrap': np.False_,
  'rf_classifiermax_features': 0.9300155727193,
  'rf_classifiermin_samples_leaf': 2,
  'rf_classifiermin_samples_split': 3,
  'rf_classifiern_estimators': 22,
})
Config Configuration(values={
  'rf_classifierbootstrap': np.False_,
  'rf_classifiermax_features': 0.9300155727193,
  'rf_classifiermin_samples_leaf': 2,
  'rf_classifiermin_samples_split': 3,
  'rf_classifiern_estimators': 22,
}) → Total CV precision: -12830.038715174971
[INFO][abstract_intensifier.py:596] Added config e8b0e1 and rejected config 675e40 as incumbent because it is not better than the incumbents on 1 instances: 
Evaluating config: Configuration(values={
  'rf_classifierbootstrap': np.False_,
  'rf_classifiermax_features': 0.1994429268874,
  'rf_classifiermin_samples_leaf': 7,
  'rf_classifiermin_samples_split': 6,
  'rf_classifiern_estimators': 18,
})
Config Configuration(values={
  'rf_classifierbootstrap': np.False_,
  'rf_classifiermax_features': 0.1994429268874,
  'rf_classifiermin_samples_leaf': 7,
  'rf_classifiermin_samples_split': 6,
  'rf_classifiern_estimators': 18,
}) → Total CV precision: -12700.286947178036
Evaluating config: Configuration(values={
  'rf_classifierbootstrap': np.True_,
  'rf_classifiermax_features': 0.7779096888378,
  'rf_classifiermin_samples_leaf': 12,
  'rf_classifiermin_samples_split': 18,
  'rf_classifiern_estimators': 65,
})
Config Configuration(values={
  'rf_classifierbootstrap': np.True_,
  'rf_classifiermax_features': 0.7779096888378,
  'rf_classifiermin_samples_leaf': 12,
  'rf_classifiermin_samples_split': 18,
  'rf_classifiern_estimators': 65,
}) → Total CV precision: -12680.509457525677
Evaluating config: Configuration(values={
  'rf_classifierbootstrap': np.True_,
  'rf_classifiermax_features': 0.5433618646115,
  'rf_classifiermin_samples_leaf': 5,
  'rf_classifiermin_samples_split': 10,
  'rf_classifiern_estimators': 83,
})
Config Configuration(values={
  'rf_classifierbootstrap': np.True_,
  'rf_classifiermax_features': 0.5433618646115,
  'rf_classifiermin_samples_leaf': 5,
  'rf_classifiermin_samples_split': 10,
  'rf_classifiern_estimators': 83,
}) → Total CV precision: -12662.874408579211
Evaluating config: Configuration(values={
  'rf_classifierbootstrap': np.False_,
  'rf_classifiermax_features': 0.6713778025471,
  'rf_classifiermin_samples_leaf': 19,
  'rf_classifiermin_samples_split': 14,
  'rf_classifiern_estimators': 42,
})
Config Configuration(values={
  'rf_classifierbootstrap': np.False_,
  'rf_classifiermax_features': 0.6713778025471,
  'rf_classifiermin_samples_leaf': 19,
  'rf_classifiermin_samples_split': 14,
  'rf_classifiern_estimators': 42,
}) → Total CV precision: -12677.49160246125
Evaluating config: Configuration(values={
  'rf_classifierbootstrap': np.False_,
  'rf_classifiermax_features': 0.2672074934468,
  'rf_classifiermin_samples_leaf': 4,
  'rf_classifiermin_samples_split': 20,
  'rf_classifiern_estimators': 107,
})
Config Configuration(values={
  'rf_classifierbootstrap': np.False_,
  'rf_classifiermax_features': 0.2672074934468,
  'rf_classifiermin_samples_leaf': 4,
  'rf_classifiermin_samples_split': 20,
  'rf_classifiern_estimators': 107,
}) → Total CV precision: -12648.182505891777
Evaluating config: Configuration(values={
  'rf_classifierbootstrap': np.False_,
  'rf_classifiermax_features': 0.958521854952,
  'rf_classifiermin_samples_leaf': 2,
  'rf_classifiermin_samples_split': 9,
  'rf_classifiern_estimators': 22,
})
Config Configuration(values={
  'rf_classifierbootstrap': np.False_,
  'rf_classifiermax_features': 0.958521854952,
  'rf_classifiermin_samples_leaf': 2,
  'rf_classifiermin_samples_split': 9,
  'rf_classifiern_estimators': 22,
}) → Total CV precision: -12782.028825497177
Evaluating config: Configuration(values={
  'rf_classifierbootstrap': np.True_,
  'rf_classifiermax_features': 0.9237933486786,
  'rf_classifiermin_samples_leaf': 2,
  'rf_classifiermin_samples_split': 13,
  'rf_classifiern_estimators': 25,
})
Config Configuration(values={
  'rf_classifierbootstrap': np.True_,
  'rf_classifiermax_features': 0.9237933486786,
  'rf_classifiermin_samples_leaf': 2,
  'rf_classifiermin_samples_split': 13,
  'rf_classifiern_estimators': 25,
}) → Total CV precision: -12728.919023561823
Evaluating config: Configuration(values={
  'rf_classifierbootstrap': np.True_,
  'rf_classifiermax_features': 0.9564974762658,
  'rf_classifiermin_samples_leaf': 1,
  'rf_classifiermin_samples_split': 4,
  'rf_classifiern_estimators': 22,
})
Config Configuration(values={
  'rf_classifierbootstrap': np.True_,
  'rf_classifiermax_features': 0.9564974762658,
  'rf_classifiermin_samples_leaf': 1,
  'rf_classifiermin_samples_split': 4,
  'rf_classifiern_estimators': 22,
}) → Total CV precision: -12678.056153392912
Evaluating config: Configuration(values={
  'rf_classifierbootstrap': np.True_,
  'rf_classifiermax_features': 0.925731247691,
  'rf_classifiermin_samples_leaf': 2,
  'rf_classifiermin_samples_split': 3,
  'rf_classifiern_estimators': 23,
})
Config Configuration(values={
  'rf_classifierbootstrap': np.True_,
  'rf_classifiermax_features': 0.925731247691,
  'rf_classifiermin_samples_leaf': 2,
  'rf_classifiermin_samples_split': 3,
  'rf_classifiern_estimators': 23,
}) → Total CV precision: -12693.981137383435
Evaluating config: Configuration(values={
  'rf_classifierbootstrap': np.True_,
  'rf_classifiermax_features': 0.9176273794574,
  'rf_classifiermin_samples_leaf': 1,
  'rf_classifiermin_samples_split': 11,
  'rf_classifiern_estimators': 63,
})
Config Configuration(values={
  'rf_classifierbootstrap': np.True_,
  'rf_classifiermax_features': 0.9176273794574,
  'rf_classifiermin_samples_leaf': 1,
  'rf_classifiermin_samples_split': 11,
  'rf_classifiern_estimators': 63,
}) → Total CV precision: -12696.968148841099
Evaluating config: Configuration(values={
  'rf_classifierbootstrap': np.False_,
  'rf_classifiermax_features': 0.874588764986,
  'rf_classifiermin_samples_leaf': 4,
  'rf_classifiermin_samples_split': 18,
  'rf_classifiern_estimators': 46,
})
Config Configuration(values={
  'rf_classifierbootstrap': np.False_,
  'rf_classifiermax_features': 0.874588764986,
  'rf_classifiermin_samples_leaf': 4,
  'rf_classifiermin_samples_split': 18,
  'rf_classifiern_estimators': 46,
}) → Total CV precision: -12768.937053641785
Evaluating config: Configuration(values={
  'rf_classifierbootstrap': np.False_,
  'rf_classifiermax_features': 0.5683567298652,
  'rf_classifiermin_samples_leaf': 4,
  'rf_classifiermin_samples_split': 12,
  'rf_classifiern_estimators': 17,
})
Config Configuration(values={
  'rf_classifierbootstrap': np.False_,
  'rf_classifiermax_features': 0.5683567298652,
  'rf_classifiermin_samples_leaf': 4,
  'rf_classifiermin_samples_split': 12,
  'rf_classifiern_estimators': 17,
}) → Total CV precision: -12709.56003293732
Evaluating config: Configuration(values={
  'rf_classifierbootstrap': np.False_,
  'rf_classifiermax_features': 0.9362328502761,
  'rf_classifiermin_samples_leaf': 1,
  'rf_classifiermin_samples_split': 7,
  'rf_classifiern_estimators': 24,
})
Config Configuration(values={
  'rf_classifierbootstrap': np.False_,
  'rf_classifiermax_features': 0.9362328502761,
  'rf_classifiermin_samples_leaf': 1,
  'rf_classifiermin_samples_split': 7,
  'rf_classifiern_estimators': 24,
}) → Total CV precision: -12808.914239845944
Evaluating config: Configuration(values={
  'rf_classifierbootstrap': np.False_,
  'rf_classifiermax_features': 0.9351707816439,
  'rf_classifiermin_samples_leaf': 17,
  'rf_classifiermin_samples_split': 2,
  'rf_classifiern_estimators': 27,
})
Config Configuration(values={
  'rf_classifierbootstrap': np.False_,
  'rf_classifiermax_features': 0.9351707816439,
  'rf_classifiermin_samples_leaf': 17,
  'rf_classifiermin_samples_split': 2,
  'rf_classifiern_estimators': 27,
}) → Total CV precision: -12699.9064816055
Evaluating config: Configuration(values={
  'rf_classifierbootstrap': np.False_,
  'rf_classifiermax_features': 0.9353960844782,
  'rf_classifiermin_samples_leaf': 15,
  'rf_classifiermin_samples_split': 2,
  'rf_classifiern_estimators': 26,
})
Config Configuration(values={
  'rf_classifierbootstrap': np.False_,
  'rf_classifiermax_features': 0.9353960844782,
  'rf_classifiermin_samples_leaf': 15,
  'rf_classifiermin_samples_split': 2,
  'rf_classifiern_estimators': 26,
}) → Total CV precision: -12731.239072124708
Evaluating config: Configuration(values={
  'rf_classifierbootstrap': np.False_,
  'rf_classifiermax_features': 0.3703574070618,
  'rf_classifiermin_samples_leaf': 3,
  'rf_classifiermin_samples_split': 2,
  'rf_classifiern_estimators': 38,
})
Config Configuration(values={
  'rf_classifierbootstrap': np.False_,
  'rf_classifiermax_features': 0.3703574070618,
  'rf_classifiermin_samples_leaf': 3,
  'rf_classifiermin_samples_split': 2,
  'rf_classifiern_estimators': 38,
}) → Total CV precision: -12704.241197413765
Evaluating config: Configuration(values={
  'rf_classifierbootstrap': np.False_,
  'rf_classifiermax_features': 0.9326526633859,
  'rf_classifiermin_samples_leaf': 16,
  'rf_classifiermin_samples_split': 2,
  'rf_classifiern_estimators': 28,
})
Config Configuration(values={
  'rf_classifierbootstrap': np.False_,
  'rf_classifiermax_features': 0.9326526633859,
  'rf_classifiermin_samples_leaf': 16,
  'rf_classifiermin_samples_split': 2,
  'rf_classifiern_estimators': 28,
}) → Total CV precision: -12706.362248391024
Evaluating config: Configuration(values={
  'rf_classifierbootstrap': np.False_,
  'rf_classifiermax_features': 0.932325979412,
  'rf_classifiermin_samples_leaf': 18,
  'rf_classifiermin_samples_split': 2,
  'rf_classifiern_estimators': 26,
})
Config Configuration(values={
  'rf_classifierbootstrap': np.False_,
  'rf_classifiermax_features': 0.932325979412,
  'rf_classifiermin_samples_leaf': 18,
  'rf_classifiermin_samples_split': 2,
  'rf_classifiern_estimators': 26,
}) → Total CV precision: -12659.707318158666
Evaluating config: Configuration(values={
  'rf_classifierbootstrap': np.False_,
  'rf_classifiermax_features': 0.9333413578469,
  'rf_classifiermin_samples_leaf': 16,
  'rf_classifiermin_samples_split': 2,
  'rf_classifiern_estimators': 32,
})
Config Configuration(values={
  'rf_classifierbootstrap': np.False_,
  'rf_classifiermax_features': 0.9333413578469,
  'rf_classifiermin_samples_leaf': 16,
  'rf_classifiermin_samples_split': 2,
  'rf_classifiern_estimators': 32,
}) → Total CV precision: -12717.264185780601
Evaluating config: Configuration(values={
  'rf_classifierbootstrap': np.True_,
  'rf_classifiermax_features': 0.9406972851668,
  'rf_classifiermin_samples_leaf': 12,
  'rf_classifiermin_samples_split': 14,
  'rf_classifiern_estimators': 22,
})
Config Configuration(values={
  'rf_classifierbootstrap': np.True_,
  'rf_classifiermax_features': 0.9406972851668,
  'rf_classifiermin_samples_leaf': 12,
  'rf_classifiermin_samples_split': 14,
  'rf_classifiern_estimators': 22,
}) → Total CV precision: -12639.42797560663
Evaluating config: Configuration(values={
  'rf_classifierbootstrap': np.True_,
  'rf_classifiermax_features': 0.3428810479916,
  'rf_classifiermin_samples_leaf': 13,
  'rf_classifiermin_samples_split': 18,
  'rf_classifiern_estimators': 42,
})
Config Configuration(values={
  'rf_classifierbootstrap': np.True_,
  'rf_classifiermax_features': 0.3428810479916,
  'rf_classifiermin_samples_leaf': 13,
  'rf_classifiermin_samples_split': 18,
  'rf_classifiern_estimators': 42,
}) → Total CV precision: -12659.33634383052
Evaluating config: Configuration(values={
  'rf_classifierbootstrap': np.False_,
  'rf_classifiermax_features': 0.9300087137401,
  'rf_classifiermin_samples_leaf': 2,
  'rf_classifiermin_samples_split': 3,
  'rf_classifiern_estimators': 18,
})
Config Configuration(values={
  'rf_classifierbootstrap': np.False_,
  'rf_classifiermax_features': 0.9300087137401,
  'rf_classifiermin_samples_leaf': 2,
  'rf_classifiermin_samples_split': 3,
  'rf_classifiern_estimators': 18,
}) → Total CV precision: -12837.785398387541
[INFO][abstract_intensifier.py:596] Added config d6fb16 and rejected config e8b0e1 as incumbent because it is not better than the incumbents on 1 instances: 
Evaluating config: Configuration(values={
  'rf_classifierbootstrap': np.False_,
  'rf_classifiermax_features': 0.9301635307015,
  'rf_classifiermin_samples_leaf': 2,
  'rf_classifiermin_samples_split': 4,
  'rf_classifiern_estimators': 21,
})
Config Configuration(values={
  'rf_classifierbootstrap': np.False_,
  'rf_classifiermax_features': 0.9301635307015,
  'rf_classifiermin_samples_leaf': 2,
  'rf_classifiermin_samples_split': 4,
  'rf_classifiern_estimators': 21,
}) → Total CV precision: -12825.627191953086
Evaluating config: Configuration(values={
  'rf_classifierbootstrap': np.False_,
  'rf_classifiermax_features': 0.9300155727193,
  'rf_classifiermin_samples_leaf': 2,
  'rf_classifiermin_samples_split': 4,
  'rf_classifiern_estimators': 20,
})
Config Configuration(values={
  'rf_classifierbootstrap': np.False_,
  'rf_classifiermax_features': 0.9300155727193,
  'rf_classifiermin_samples_leaf': 2,
  'rf_classifiermin_samples_split': 4,
  'rf_classifiern_estimators': 20,
}) → Total CV precision: -12835.088953984918
Evaluating config: Configuration(values={
  'rf_classifierbootstrap': np.False_,
  'rf_classifiermax_features': 0.9321839474733,
  'rf_classifiermin_samples_leaf': 2,
  'rf_classifiermin_samples_split': 3,
  'rf_classifiern_estimators': 22,
})
Config Configuration(values={
  'rf_classifierbootstrap': np.False_,
  'rf_classifiermax_features': 0.9321839474733,
  'rf_classifiermin_samples_leaf': 2,
  'rf_classifiermin_samples_split': 3,
  'rf_classifiern_estimators': 22,
}) → Total CV precision: -12830.038715174971
Evaluating config: Configuration(values={
  'rf_classifierbootstrap': np.False_,
  'rf_classifiermax_features': 0.9309081181063,
  'rf_classifiermin_samples_leaf': 2,
  'rf_classifiermin_samples_split': 4,
  'rf_classifiern_estimators': 22,
})
Config Configuration(values={
  'rf_classifierbootstrap': np.False_,
  'rf_classifiermax_features': 0.9309081181063,
  'rf_classifiermin_samples_leaf': 2,
  'rf_classifiermin_samples_split': 4,
  'rf_classifiern_estimators': 22,
}) → Total CV precision: -12830.038715174971
Evaluating config: Configuration(values={
  'rf_classifierbootstrap': np.True_,
  'rf_classifiermax_features': 0.5687800713687,
  'rf_classifiermin_samples_leaf': 16,
  'rf_classifiermin_samples_split': 13,
  'rf_classifiern_estimators': 61,
})
Config Configuration(values={
  'rf_classifierbootstrap': np.True_,
  'rf_classifiermax_features': 0.5687800713687,
  'rf_classifiermin_samples_leaf': 16,
  'rf_classifiermin_samples_split': 13,
  'rf_classifiern_estimators': 61,
}) → Total CV precision: -12618.875072351302
Evaluating config: Configuration(values={
  'rf_classifierbootstrap': np.False_,
  'rf_classifiermax_features': 0.9305936665024,
  'rf_classifiermin_samples_leaf': 2,
  'rf_classifiermin_samples_split': 3,
  'rf_classifiern_estimators': 16,
})
Config Configuration(values={
  'rf_classifierbootstrap': np.False_,
  'rf_classifiermax_features': 0.9305936665024,
  'rf_classifiermin_samples_leaf': 2,
  'rf_classifiermin_samples_split': 3,
  'rf_classifiern_estimators': 16,
}) → Total CV precision: -12837.471707876322
Evaluating config: Configuration(values={
  'rf_classifierbootstrap': np.False_,
  'rf_classifiermax_features': 0.9313666927768,
  'rf_classifiermin_samples_leaf': 2,
  'rf_classifiermin_samples_split': 4,
  'rf_classifiern_estimators': 17,
})
Config Configuration(values={
  'rf_classifierbootstrap': np.False_,
  'rf_classifiermax_features': 0.9313666927768,
  'rf_classifiermin_samples_leaf': 2,
  'rf_classifiermin_samples_split': 4,
  'rf_classifiern_estimators': 17,
}) → Total CV precision: -12832.919023859977
Evaluating config: Configuration(values={
  'rf_classifierbootstrap': np.False_,
  'rf_classifiermax_features': 0.9269732202163,
  'rf_classifiermin_samples_leaf': 1,
  'rf_classifiermin_samples_split': 3,
  'rf_classifiern_estimators': 16,
})
Config Configuration(values={
  'rf_classifierbootstrap': np.False_,
  'rf_classifiermax_features': 0.9269732202163,
  'rf_classifiermin_samples_leaf': 1,
  'rf_classifiermin_samples_split': 3,
  'rf_classifiern_estimators': 16,
}) → Total CV precision: -12784.047940757835
[INFO][smbo.py:327] Finished 50 trials.
Evaluating config: Configuration(values={
  'rf_classifierbootstrap': np.False_,
  'rf_classifiermax_features': 0.9280243401222,
  'rf_classifiermin_samples_leaf': 1,
  'rf_classifiermin_samples_split': 3,
  'rf_classifiern_estimators': 16,
})
Config Configuration(values={
  'rf_classifierbootstrap': np.False_,
  'rf_classifiermax_features': 0.9280243401222,
  'rf_classifiermin_samples_leaf': 1,
  'rf_classifiermin_samples_split': 3,
  'rf_classifiern_estimators': 16,
}) → Total CV precision: -12784.047940757835
Evaluating config: Configuration(values={
  'rf_classifierbootstrap': np.True_,
  'rf_classifiermax_features': 0.5448250873589,
  'rf_classifiermin_samples_leaf': 3,
  'rf_classifiermin_samples_split': 12,
  'rf_classifiern_estimators': 68,
})
Config Configuration(values={
  'rf_classifierbootstrap': np.True_,
  'rf_classifiermax_features': 0.5448250873589,
  'rf_classifiermin_samples_leaf': 3,
  'rf_classifiermin_samples_split': 12,
  'rf_classifiern_estimators': 68,
}) → Total CV precision: -12669.380721725414
Evaluating config: Configuration(values={
  'rf_classifierbootstrap': np.False_,
  'rf_classifiermax_features': 0.9292267588383,
  'rf_classifiermin_samples_leaf': 1,
  'rf_classifiermin_samples_split': 2,
  'rf_classifiern_estimators': 16,
})
Config Configuration(values={
  'rf_classifierbootstrap': np.False_,
  'rf_classifiermax_features': 0.9292267588383,
  'rf_classifiermin_samples_leaf': 1,
  'rf_classifiermin_samples_split': 2,
  'rf_classifiern_estimators': 16,
}) → Total CV precision: -12793.68542946874
Evaluating config: Configuration(values={
  'rf_classifierbootstrap': np.False_,
  'rf_classifiermax_features': 0.926903673365,
  'rf_classifiermin_samples_leaf': 2,
  'rf_classifiermin_samples_split': 3,
  'rf_classifiern_estimators': 16,
})
Config Configuration(values={
  'rf_classifierbootstrap': np.False_,
  'rf_classifiermax_features': 0.926903673365,
  'rf_classifiermin_samples_leaf': 2,
  'rf_classifiermin_samples_split': 3,
  'rf_classifiern_estimators': 16,
}) → Total CV precision: -12837.471707876322
Evaluating config: Configuration(values={
  'rf_classifierbootstrap': np.False_,
  'rf_classifiermax_features': 0.9540667306134,
  'rf_classifiermin_samples_leaf': 5,
  'rf_classifiermin_samples_split': 6,
  'rf_classifiern_estimators': 26,
})
Config Configuration(values={
  'rf_classifierbootstrap': np.False_,
  'rf_classifiermax_features': 0.9540667306134,
  'rf_classifiermin_samples_leaf': 5,
  'rf_classifiermin_samples_split': 6,
  'rf_classifiern_estimators': 26,
}) → Total CV precision: -12807.592158267526
Evaluating config: Configuration(values={
  'rf_classifierbootstrap': np.False_,
  'rf_classifiermax_features': 0.9285552814722,
  'rf_classifiermin_samples_leaf': 1,
  'rf_classifiermin_samples_split': 3,
  'rf_classifiern_estimators': 16,
})
Config Configuration(values={
  'rf_classifierbootstrap': np.False_,
  'rf_classifiermax_features': 0.9285552814722,
  'rf_classifiermin_samples_leaf': 1,
  'rf_classifiermin_samples_split': 3,
  'rf_classifiern_estimators': 16,
}) → Total CV precision: -12784.047940757835
Evaluating config: Configuration(values={
  'rf_classifierbootstrap': np.False_,
  'rf_classifiermax_features': 0.1640568443185,
  'rf_classifiermin_samples_leaf': 4,
  'rf_classifiermin_samples_split': 15,
  'rf_classifiern_estimators': 43,
})
Config Configuration(values={
  'rf_classifierbootstrap': np.False_,
  'rf_classifiermax_features': 0.1640568443185,
  'rf_classifiermin_samples_leaf': 4,
  'rf_classifiermin_samples_split': 15,
  'rf_classifiern_estimators': 43,
}) → Total CV precision: -12664.275016937307
Evaluating config: Configuration(values={
  'rf_classifierbootstrap': np.False_,
  'rf_classifiermax_features': 0.8590277358679,
  'rf_classifiermin_samples_leaf': 3,
  'rf_classifiermin_samples_split': 11,
  'rf_classifiern_estimators': 30,
})
Config Configuration(values={
  'rf_classifierbootstrap': np.False_,
  'rf_classifiermax_features': 0.8590277358679,
  'rf_classifiermin_samples_leaf': 3,
  'rf_classifiermin_samples_split': 11,
  'rf_classifiern_estimators': 30,
}) → Total CV precision: -12779.251884334
Evaluating config: Configuration(values={
  'rf_classifierbootstrap': np.False_,
  'rf_classifiermax_features': 0.9295084016051,
  'rf_classifiermin_samples_leaf': 2,
  'rf_classifiermin_samples_split': 3,
  'rf_classifiern_estimators': 17,
})
Config Configuration(values={
  'rf_classifierbootstrap': np.False_,
  'rf_classifiermax_features': 0.9295084016051,
  'rf_classifiermin_samples_leaf': 2,
  'rf_classifiermin_samples_split': 3,
  'rf_classifiern_estimators': 17,
}) → Total CV precision: -12832.919023859977
Evaluating config: Configuration(values={
  'rf_classifierbootstrap': np.False_,
  'rf_classifiermax_features': 0.9331201300603,
  'rf_classifiermin_samples_leaf': 2,
  'rf_classifiermin_samples_split': 3,
  'rf_classifiern_estimators': 16,
})
Config Configuration(values={
  'rf_classifierbootstrap': np.False_,
  'rf_classifiermax_features': 0.9331201300603,
  'rf_classifiermin_samples_leaf': 2,
  'rf_classifiermin_samples_split': 3,
  'rf_classifiern_estimators': 16,
}) → Total CV precision: -12837.471707876322
Evaluating config: Configuration(values={
  'rf_classifierbootstrap': np.False_,
  'rf_classifiermax_features': 0.9333295553496,
  'rf_classifiermin_samples_leaf': 2,
  'rf_classifiermin_samples_split': 3,
  'rf_classifiern_estimators': 16,
})
Config Configuration(values={
  'rf_classifierbootstrap': np.False_,
  'rf_classifiermax_features': 0.9333295553496,
  'rf_classifiermin_samples_leaf': 2,
  'rf_classifiermin_samples_split': 3,
  'rf_classifiern_estimators': 16,
}) → Total CV precision: -12837.471707876322
Evaluating config: Configuration(values={
  'rf_classifierbootstrap': np.False_,
  'rf_classifiermax_features': 0.9330548028669,
  'rf_classifiermin_samples_leaf': 2,
  'rf_classifiermin_samples_split': 3,
  'rf_classifiern_estimators': 16,
})
Config Configuration(values={
  'rf_classifierbootstrap': np.False_,
  'rf_classifiermax_features': 0.9330548028669,
  'rf_classifiermin_samples_leaf': 2,
  'rf_classifiermin_samples_split': 3,
  'rf_classifiern_estimators': 16,
}) → Total CV precision: -12837.471707876322
Evaluating config: Configuration(values={
  'rf_classifierbootstrap': np.False_,
  'rf_classifiermax_features': 0.609545970111,
  'rf_classifiermin_samples_leaf': 13,
  'rf_classifiermin_samples_split': 7,
  'rf_classifiern_estimators': 29,
})
Config Configuration(values={
  'rf_classifierbootstrap': np.False_,
  'rf_classifiermax_features': 0.609545970111,
  'rf_classifiermin_samples_leaf': 13,
  'rf_classifiermin_samples_split': 7,
  'rf_classifiern_estimators': 29,
}) → Total CV precision: -12709.332164291187
Evaluating config: Configuration(values={
  'rf_classifierbootstrap': np.False_,
  'rf_classifiermax_features': 0.9340679634046,
  'rf_classifiermin_samples_leaf': 2,
  'rf_classifiermin_samples_split': 3,
  'rf_classifiern_estimators': 16,
})
Config Configuration(values={
  'rf_classifierbootstrap': np.False_,
  'rf_classifiermax_features': 0.9340679634046,
  'rf_classifiermin_samples_leaf': 2,
  'rf_classifiermin_samples_split': 3,
  'rf_classifiern_estimators': 16,
}) → Total CV precision: -12837.471707876322
Evaluating config: Configuration(values={
  'rf_classifierbootstrap': np.False_,
  'rf_classifiermax_features': 0.9326797479706,
  'rf_classifiermin_samples_leaf': 2,
  'rf_classifiermin_samples_split': 3,
  'rf_classifiern_estimators': 16,
})
Config Configuration(values={
  'rf_classifierbootstrap': np.False_,
  'rf_classifiermax_features': 0.9326797479706,
  'rf_classifiermin_samples_leaf': 2,
  'rf_classifiermin_samples_split': 3,
  'rf_classifiern_estimators': 16,
}) → Total CV precision: -12837.471707876322
Evaluating config: Configuration(values={
  'rf_classifierbootstrap': np.False_,
  'rf_classifiermax_features': 0.2602937968797,
  'rf_classifiermin_samples_leaf': 3,
  'rf_classifiermin_samples_split': 14,
  'rf_classifiern_estimators': 48,
})
Config Configuration(values={
  'rf_classifierbootstrap': np.False_,
  'rf_classifiermax_features': 0.2602937968797,
  'rf_classifiermin_samples_leaf': 3,
  'rf_classifiermin_samples_split': 14,
  'rf_classifiern_estimators': 48,
}) → Total CV precision: -12683.569748582766
Evaluating config: Configuration(values={
  'rf_classifierbootstrap': np.True_,
  'rf_classifiermax_features': 0.9300087137401,
  'rf_classifiermin_samples_leaf': 2,
  'rf_classifiermin_samples_split': 2,
  'rf_classifiern_estimators': 18,
})
Config Configuration(values={
  'rf_classifierbootstrap': np.True_,
  'rf_classifiermax_features': 0.9300087137401,
  'rf_classifiermin_samples_leaf': 2,
  'rf_classifiermin_samples_split': 2,
  'rf_classifiern_estimators': 18,
}) → Total CV precision: -12639.467702331225
Evaluating config: Configuration(values={
  'rf_classifierbootstrap': np.False_,
  'rf_classifiermax_features': 0.7628130236318,
  'rf_classifiermin_samples_leaf': 12,
  'rf_classifiermin_samples_split': 4,
  'rf_classifiern_estimators': 21,
})
Config Configuration(values={
  'rf_classifierbootstrap': np.False_,
  'rf_classifiermax_features': 0.7628130236318,
  'rf_classifiermin_samples_leaf': 12,
  'rf_classifiermin_samples_split': 4,
  'rf_classifiern_estimators': 21,
}) → Total CV precision: -12719.8217526029
Evaluating config: Configuration(values={
  'rf_classifierbootstrap': np.True_,
  'rf_classifiermax_features': 0.9299861454663,
  'rf_classifiermin_samples_leaf': 16,
  'rf_classifiermin_samples_split': 2,
  'rf_classifiern_estimators': 17,
})
Config Configuration(values={
  'rf_classifierbootstrap': np.True_,
  'rf_classifiermax_features': 0.9299861454663,
  'rf_classifiermin_samples_leaf': 16,
  'rf_classifiermin_samples_split': 2,
  'rf_classifiern_estimators': 17,
}) → Total CV precision: -12647.172441456969
Evaluating config: Configuration(values={
  'rf_classifierbootstrap': np.True_,
  'rf_classifiermax_features': 0.9299306819189,
  'rf_classifiermin_samples_leaf': 7,
  'rf_classifiermin_samples_split': 3,
  'rf_classifiern_estimators': 17,
})
Config Configuration(values={
  'rf_classifierbootstrap': np.True_,
  'rf_classifiermax_features': 0.9299306819189,
  'rf_classifiermin_samples_leaf': 7,
  'rf_classifiermin_samples_split': 3,
  'rf_classifiern_estimators': 17,
}) → Total CV precision: -12662.991005665386
Evaluating config: Configuration(values={
  'rf_classifierbootstrap': np.False_,
  'rf_classifiermax_features': 0.9301273124772,
  'rf_classifiermin_samples_leaf': 2,
  'rf_classifiermin_samples_split': 2,
  'rf_classifiern_estimators': 18,
})
Config Configuration(values={
  'rf_classifierbootstrap': np.False_,
  'rf_classifiermax_features': 0.9301273124772,
  'rf_classifiermin_samples_leaf': 2,
  'rf_classifiermin_samples_split': 2,
  'rf_classifiern_estimators': 18,
}) → Total CV precision: -12837.785398387541
Evaluating config: Configuration(values={
  'rf_classifierbootstrap': np.False_,
  'rf_classifiermax_features': 0.9300860162667,
  'rf_classifiermin_samples_leaf': 2,
  'rf_classifiermin_samples_split': 2,
  'rf_classifiern_estimators': 18,
})
Config Configuration(values={
  'rf_classifierbootstrap': np.False_,
  'rf_classifiermax_features': 0.9300860162667,
  'rf_classifiermin_samples_leaf': 2,
  'rf_classifiermin_samples_split': 2,
  'rf_classifiern_estimators': 18,
}) → Total CV precision: -12837.785398387541
Evaluating config: Configuration(values={
  'rf_classifierbootstrap': np.False_,
  'rf_classifiermax_features': 0.9301104434466,
  'rf_classifiermin_samples_leaf': 16,
  'rf_classifiermin_samples_split': 3,
  'rf_classifiern_estimators': 17,
})
Config Configuration(values={
  'rf_classifierbootstrap': np.False_,
  'rf_classifiermax_features': 0.9301104434466,
  'rf_classifiermin_samples_leaf': 16,
  'rf_classifiermin_samples_split': 3,
  'rf_classifiern_estimators': 17,
}) → Total CV precision: -12709.636765515632
Evaluating config: Configuration(values={
  'rf_classifierbootstrap': np.False_,
  'rf_classifiermax_features': 0.9300087137401,
  'rf_classifiermin_samples_leaf': 2,
  'rf_classifiermin_samples_split': 2,
  'rf_classifiern_estimators': 18,
})
Config Configuration(values={
  'rf_classifierbootstrap': np.False_,
  'rf_classifiermax_features': 0.9300087137401,
  'rf_classifiermin_samples_leaf': 2,
  'rf_classifiermin_samples_split': 2,
  'rf_classifiern_estimators': 18,
}) → Total CV precision: -12837.785398387541
Evaluating config: Configuration(values={
  'rf_classifierbootstrap': np.True_,
  'rf_classifiermax_features': 0.6362519560561,
  'rf_classifiermin_samples_leaf': 15,
  'rf_classifiermin_samples_split': 18,
  'rf_classifiern_estimators': 68,
})
Config Configuration(values={
  'rf_classifierbootstrap': np.True_,
  'rf_classifiermax_features': 0.6362519560561,
  'rf_classifiermin_samples_leaf': 15,
  'rf_classifiermin_samples_split': 18,
  'rf_classifiern_estimators': 68,
}) → Total CV precision: -12660.080622060132
Evaluating config: Configuration(values={
  'rf_classifierbootstrap': np.False_,
  'rf_classifiermax_features': 0.9300106484368,
  'rf_classifiermin_samples_leaf': 2,
  'rf_classifiermin_samples_split': 2,
  'rf_classifiern_estimators': 18,
})
Config Configuration(values={
  'rf_classifierbootstrap': np.False_,
  'rf_classifiermax_features': 0.9300106484368,
  'rf_classifiermin_samples_leaf': 2,
  'rf_classifiermin_samples_split': 2,
  'rf_classifiern_estimators': 18,
}) → Total CV precision: -12837.785398387541
Evaluating config: Configuration(values={
  'rf_classifierbootstrap': np.False_,
  'rf_classifiermax_features': 0.9799453724245,
  'rf_classifiermin_samples_leaf': 2,
  'rf_classifiermin_samples_split': 2,
  'rf_classifiern_estimators': 18,
})
Config Configuration(values={
  'rf_classifierbootstrap': np.False_,
  'rf_classifiermax_features': 0.9799453724245,
  'rf_classifiermin_samples_leaf': 2,
  'rf_classifiermin_samples_split': 2,
  'rf_classifiern_estimators': 18,
}) → Total CV precision: -12815.568218175034
Evaluating config: Configuration(values={
  'rf_classifierbootstrap': np.False_,
  'rf_classifiermax_features': 0.977898019844,
  'rf_classifiermin_samples_leaf': 2,
  'rf_classifiermin_samples_split': 2,
  'rf_classifiern_estimators': 18,
})
Config Configuration(values={
  'rf_classifierbootstrap': np.False_,
  'rf_classifiermax_features': 0.977898019844,
  'rf_classifiermin_samples_leaf': 2,
  'rf_classifiermin_samples_split': 2,
  'rf_classifiern_estimators': 18,
}) → Total CV precision: -12815.568218175034
Evaluating config: Configuration(values={
  'rf_classifierbootstrap': np.False_,
  'rf_classifiermax_features': 0.9574492061723,
  'rf_classifiermin_samples_leaf': 2,
  'rf_classifiermin_samples_split': 2,
  'rf_classifiern_estimators': 18,
})
Config Configuration(values={
  'rf_classifierbootstrap': np.False_,
  'rf_classifiermax_features': 0.9574492061723,
  'rf_classifiermin_samples_leaf': 2,
  'rf_classifiermin_samples_split': 2,
  'rf_classifiern_estimators': 18,
}) → Total CV precision: -12801.356382127939
Evaluating config: Configuration(values={
  'rf_classifierbootstrap': np.False_,
  'rf_classifiermax_features': 0.9576061387295,
  'rf_classifiermin_samples_leaf': 2,
  'rf_classifiermin_samples_split': 2,
  'rf_classifiern_estimators': 18,
})
Config Configuration(values={
  'rf_classifierbootstrap': np.False_,
  'rf_classifiermax_features': 0.9576061387295,
  'rf_classifiermin_samples_leaf': 2,
  'rf_classifiermin_samples_split': 2,
  'rf_classifiern_estimators': 18,
}) → Total CV precision: -12801.356382127939
Evaluating config: Configuration(values={
  'rf_classifierbootstrap': np.False_,
  'rf_classifiermax_features': 0.9598155581419,
  'rf_classifiermin_samples_leaf': 2,
  'rf_classifiermin_samples_split': 2,
  'rf_classifiern_estimators': 18,
})
Config Configuration(values={
  'rf_classifierbootstrap': np.False_,
  'rf_classifiermax_features': 0.9598155581419,
  'rf_classifiermin_samples_leaf': 2,
  'rf_classifiermin_samples_split': 2,
  'rf_classifiern_estimators': 18,
}) → Total CV precision: -12801.356382127939
Evaluating config: Configuration(values={
  'rf_classifierbootstrap': np.True_,
  'rf_classifiermax_features': 0.1976457054728,
  'rf_classifiermin_samples_leaf': 15,
  'rf_classifiermin_samples_split': 14,
  'rf_classifiern_estimators': 44,
})
Config Configuration(values={
  'rf_classifierbootstrap': np.True_,
  'rf_classifiermax_features': 0.1976457054728,
  'rf_classifiermin_samples_leaf': 15,
  'rf_classifiermin_samples_split': 14,
  'rf_classifiern_estimators': 44,
}) → Total CV precision: -12681.774321352334
Evaluating config: Configuration(values={
  'rf_classifierbootstrap': np.True_,
  'rf_classifiermax_features': 0.8857473494148,
  'rf_classifiermin_samples_leaf': 5,
  'rf_classifiermin_samples_split': 9,
  'rf_classifiern_estimators': 55,
})
Config Configuration(values={
  'rf_classifierbootstrap': np.True_,
  'rf_classifiermax_features': 0.8857473494148,
  'rf_classifiermin_samples_leaf': 5,
  'rf_classifiermin_samples_split': 9,
  'rf_classifiern_estimators': 55,
}) → Total CV precision: -12657.57977116611
Evaluating config: Configuration(values={
  'rf_classifierbootstrap': np.False_,
  'rf_classifiermax_features': 0.8884131501583,
  'rf_classifiermin_samples_leaf': 17,
  'rf_classifiermin_samples_split': 15,
  'rf_classifiern_estimators': 28,
})
Config Configuration(values={
  'rf_classifierbootstrap': np.False_,
  'rf_classifiermax_features': 0.8884131501583,
  'rf_classifiermin_samples_leaf': 17,
  'rf_classifiermin_samples_split': 15,
  'rf_classifiern_estimators': 28,
}) → Total CV precision: -12696.601100016445
Evaluating config: Configuration(values={
  'rf_classifierbootstrap': np.False_,
  'rf_classifiermax_features': 0.9300087137401,
  'rf_classifiermin_samples_leaf': 2,
  'rf_classifiermin_samples_split': 2,
  'rf_classifiern_estimators': 17,
})
Config Configuration(values={
  'rf_classifierbootstrap': np.False_,
  'rf_classifiermax_features': 0.9300087137401,
  'rf_classifiermin_samples_leaf': 2,
  'rf_classifiermin_samples_split': 2,
  'rf_classifiern_estimators': 17,
}) → Total CV precision: -12832.919023859977
Evaluating config: Configuration(values={
  'rf_classifierbootstrap': np.False_,
  'rf_classifiermax_features': 0.9300106484368,
  'rf_classifiermin_samples_leaf': 2,
  'rf_classifiermin_samples_split': 2,
  'rf_classifiern_estimators': 17,
})
Config Configuration(values={
  'rf_classifierbootstrap': np.False_,
  'rf_classifiermax_features': 0.9300106484368,
  'rf_classifiermin_samples_leaf': 2,
  'rf_classifiermin_samples_split': 2,
  'rf_classifiern_estimators': 17,
}) → Total CV precision: -12832.919023859977
Evaluating config: Configuration(values={
  'rf_classifierbootstrap': np.False_,
  'rf_classifiermax_features': 0.930241987864,
  'rf_classifiermin_samples_leaf': 1,
  'rf_classifiermin_samples_split': 2,
  'rf_classifiern_estimators': 18,
})
Config Configuration(values={
  'rf_classifierbootstrap': np.False_,
  'rf_classifiermax_features': 0.930241987864,
  'rf_classifiermin_samples_leaf': 1,
  'rf_classifiermin_samples_split': 2,
  'rf_classifiern_estimators': 18,
}) → Total CV precision: -12771.519551242716
Evaluating config: Configuration(values={
  'rf_classifierbootstrap': np.False_,
  'rf_classifiermax_features': 0.719656170112,
  'rf_classifiermin_samples_leaf': 2,
  'rf_classifiermin_samples_split': 2,
  'rf_classifiern_estimators': 18,
})
Config Configuration(values={
  'rf_classifierbootstrap': np.False_,
  'rf_classifiermax_features': 0.719656170112,
  'rf_classifiermin_samples_leaf': 2,
  'rf_classifiermin_samples_split': 2,
  'rf_classifiern_estimators': 18,
}) → Total CV precision: -12709.466042847693
Evaluating config: Configuration(values={
  'rf_classifierbootstrap': np.True_,
  'rf_classifiermax_features': 0.6739703607023,
  'rf_classifiermin_samples_leaf': 10,
  'rf_classifiermin_samples_split': 9,
  'rf_classifiern_estimators': 19,
})
Config Configuration(values={
  'rf_classifierbootstrap': np.True_,
  'rf_classifiermax_features': 0.6739703607023,
  'rf_classifiermin_samples_leaf': 10,
  'rf_classifiermin_samples_split': 9,
  'rf_classifiern_estimators': 19,
}) → Total CV precision: -12638.454984783242
Evaluating config: Configuration(values={
  'rf_classifierbootstrap': np.False_,
  'rf_classifiermax_features': 0.9315666738543,
  'rf_classifiermin_samples_leaf': 2,
  'rf_classifiermin_samples_split': 2,
  'rf_classifiern_estimators': 18,
})
Config Configuration(values={
  'rf_classifierbootstrap': np.False_,
  'rf_classifiermax_features': 0.9315666738543,
  'rf_classifiermin_samples_leaf': 2,
  'rf_classifiermin_samples_split': 2,
  'rf_classifiern_estimators': 18,
}) → Total CV precision: -12837.785398387541
Evaluating config: Configuration(values={
  'rf_classifierbootstrap': np.False_,
  'rf_classifiermax_features': 0.3878857807561,
  'rf_classifiermin_samples_leaf': 1,
  'rf_classifiermin_samples_split': 6,
  'rf_classifiern_estimators': 52,
})
Config Configuration(values={
  'rf_classifierbootstrap': np.False_,
  'rf_classifiermax_features': 0.3878857807561,
  'rf_classifiermin_samples_leaf': 1,
  'rf_classifiermin_samples_split': 6,
  'rf_classifiern_estimators': 52,
}) → Total CV precision: -12723.45928946365
Evaluating config: Configuration(values={
  'rf_classifierbootstrap': np.False_,
  'rf_classifiermax_features': 0.9344941894994,
  'rf_classifiermin_samples_leaf': 2,
  'rf_classifiermin_samples_split': 2,
  'rf_classifiern_estimators': 18,
})
Config Configuration(values={
  'rf_classifierbootstrap': np.False_,
  'rf_classifiermax_features': 0.9344941894994,
  'rf_classifiermin_samples_leaf': 2,
  'rf_classifiermin_samples_split': 2,
  'rf_classifiern_estimators': 18,
}) → Total CV precision: -12837.785398387541
Evaluating config: Configuration(values={
  'rf_classifierbootstrap': np.False_,
  'rf_classifiermax_features': 0.9306240866116,
  'rf_classifiermin_samples_leaf': 2,
  'rf_classifiermin_samples_split': 2,
  'rf_classifiern_estimators': 18,
})
Config Configuration(values={
  'rf_classifierbootstrap': np.False_,
  'rf_classifiermax_features': 0.9306240866116,
  'rf_classifiermin_samples_leaf': 2,
  'rf_classifiermin_samples_split': 2,
  'rf_classifiern_estimators': 18,
}) → Total CV precision: -12837.785398387541
Evaluating config: Configuration(values={
  'rf_classifierbootstrap': np.False_,
  'rf_classifiermax_features': 0.8042770140531,
  'rf_classifiermin_samples_leaf': 1,
  'rf_classifiermin_samples_split': 17,
  'rf_classifiern_estimators': 20,
})
Config Configuration(values={
  'rf_classifierbootstrap': np.False_,
  'rf_classifiermax_features': 0.8042770140531,
  'rf_classifiermin_samples_leaf': 1,
  'rf_classifiermin_samples_split': 17,
  'rf_classifiern_estimators': 20,
}) → Total CV precision: -12785.71241634204
Evaluating config: Configuration(values={
  'rf_classifierbootstrap': np.True_,
  'rf_classifiermax_features': 0.4049305450371,
  'rf_classifiermin_samples_leaf': 4,
  'rf_classifiermin_samples_split': 3,
  'rf_classifiern_estimators': 90,
})
Config Configuration(values={
  'rf_classifierbootstrap': np.True_,
  'rf_classifiermax_features': 0.4049305450371,
  'rf_classifiermin_samples_leaf': 4,
  'rf_classifiermin_samples_split': 3,
  'rf_classifiern_estimators': 90,
}) → Total CV precision: -12670.924782088692
Evaluating config: Configuration(values={
  'rf_classifierbootstrap': np.False_,
  'rf_classifiermax_features': 0.9302019882458,
  'rf_classifiermin_samples_leaf': 2,
  'rf_classifiermin_samples_split': 2,
  'rf_classifiern_estimators': 18,
})
Config Configuration(values={
  'rf_classifierbootstrap': np.False_,
  'rf_classifiermax_features': 0.9302019882458,
  'rf_classifiermin_samples_leaf': 2,
  'rf_classifiermin_samples_split': 2,
  'rf_classifiern_estimators': 18,
}) → Total CV precision: -12837.785398387541
Evaluating config: Configuration(values={
  'rf_classifierbootstrap': np.False_,
  'rf_classifiermax_features': 0.9322112194854,
  'rf_classifiermin_samples_leaf': 2,
  'rf_classifiermin_samples_split': 2,
  'rf_classifiern_estimators': 18,
})
Config Configuration(values={
  'rf_classifierbootstrap': np.False_,
  'rf_classifiermax_features': 0.9322112194854,
  'rf_classifiermin_samples_leaf': 2,
  'rf_classifiermin_samples_split': 2,
  'rf_classifiern_estimators': 18,
}) → Total CV precision: -12837.785398387541
Evaluating config: Configuration(values={
  'rf_classifierbootstrap': np.False_,
  'rf_classifiermax_features': 0.9302019882458,
  'rf_classifiermin_samples_leaf': 2,
  'rf_classifiermin_samples_split': 8,
  'rf_classifiern_estimators': 18,
})
Config Configuration(values={
  'rf_classifierbootstrap': np.False_,
  'rf_classifiermax_features': 0.9302019882458,
  'rf_classifiermin_samples_leaf': 2,
  'rf_classifiermin_samples_split': 8,
  'rf_classifiern_estimators': 18,
}) → Total CV precision: -12811.946676457255
Evaluating config: Configuration(values={
  'rf_classifierbootstrap': np.False_,
  'rf_classifiermax_features': 0.9306214838381,
  'rf_classifiermin_samples_leaf': 2,
  'rf_classifiermin_samples_split': 2,
  'rf_classifiern_estimators': 18,
})
Config Configuration(values={
  'rf_classifierbootstrap': np.False_,
  'rf_classifiermax_features': 0.9306214838381,
  'rf_classifiermin_samples_leaf': 2,
  'rf_classifiermin_samples_split': 2,
  'rf_classifiern_estimators': 18,
}) → Total CV precision: -12837.785398387541
Evaluating config: Configuration(values={
  'rf_classifierbootstrap': np.False_,
  'rf_classifiermax_features': 0.8987268896803,
  'rf_classifiermin_samples_leaf': 6,
  'rf_classifiermin_samples_split': 8,
  'rf_classifiern_estimators': 58,
})
Config Configuration(values={
  'rf_classifierbootstrap': np.False_,
  'rf_classifiermax_features': 0.8987268896803,
  'rf_classifiermin_samples_leaf': 6,
  'rf_classifiermin_samples_split': 8,
  'rf_classifiern_estimators': 58,
}) → Total CV precision: -12809.095637032218
[INFO][smbo.py:327] Finished 100 trials.
[INFO][smbo.py:335] Configuration budget is exhausted:
[INFO][smbo.py:336] --- Remaining wallclock time: inf
[INFO][smbo.py:337] --- Remaining cpu time: inf
[INFO][smbo.py:338] --- Remaining trials: 0
Best configuration found:
  rf_classifierbootstrap: False
  rf_classifiermax_features: 0.9300087137401
  rf_classifiermin_samples_leaf: 2
  rf_classifiermin_samples_split: 3
  rf_classifiern_estimators: 18
Saved switching model for budget 50 to ../data/models/tuned_models/switching_models_gradient_normalized_partial_highest/switching_model_B50_trained.pkl
Saved switching model for budget 100 to ../data/models/tuned_models/switching_models_gradient_normalized_partial_highest/switching_model_B100_trained.pkl
Saved switching model for budget 150 to ../data/models/tuned_models/switching_models_gradient_normalized_partial_highest/switching_model_B150_trained.pkl
Saved switching model for budget 200 to ../data/models/tuned_models/switching_models_gradient_normalized_partial_highest/switching_model_B200_trained.pkl
Saved switching model for budget 250 to ../data/models/tuned_models/switching_models_gradient_normalized_partial_highest/switching_model_B250_trained.pkl
Saved switching model for budget 300 to ../data/models/tuned_models/switching_models_gradient_normalized_partial_highest/switching_model_B300_trained.pkl
Saved switching model for budget 350 to ../data/models/tuned_models/switching_models_gradient_normalized_partial_highest/switching_model_B350_trained.pkl
Saved switching model for budget 400 to ../data/models/tuned_models/switching_models_gradient_normalized_partial_highest/switching_model_B400_trained.pkl
Saved switching model for budget 450 to ../data/models/tuned_models/switching_models_gradient_normalized_partial_highest/switching_model_B450_trained.pkl
Saved switching model for budget 500 to ../data/models/tuned_models/switching_models_gradient_normalized_partial_highest/switching_model_B500_trained.pkl
Saved switching model for budget 550 to ../data/models/tuned_models/switching_models_gradient_normalized_partial_highest/switching_model_B550_trained.pkl
Saved switching model for budget 600 to ../data/models/tuned_models/switching_models_gradient_normalized_partial_highest/switching_model_B600_trained.pkl
Saved switching model for budget 650 to ../data/models/tuned_models/switching_models_gradient_normalized_partial_highest/switching_model_B650_trained.pkl
Saved switching model for budget 700 to ../data/models/tuned_models/switching_models_gradient_normalized_partial_highest/switching_model_B700_trained.pkl
Saved switching model for budget 750 to ../data/models/tuned_models/switching_models_gradient_normalized_partial_highest/switching_model_B750_trained.pkl
Saved switching model for budget 800 to ../data/models/tuned_models/switching_models_gradient_normalized_partial_highest/switching_model_B800_trained.pkl
Saved switching model for budget 850 to ../data/models/tuned_models/switching_models_gradient_normalized_partial_highest/switching_model_B850_trained.pkl
Saved switching model for budget 900 to ../data/models/tuned_models/switching_models_gradient_normalized_partial_highest/switching_model_B900_trained.pkl
Saved switching model for budget 950 to ../data/models/tuned_models/switching_models_gradient_normalized_partial_highest/switching_model_B950_trained.pkl
All final switching models trained and saved successfully.
